Copyright 1986-2019 Xilinx, Inc. All Rights Reserved.
--------------------------------------------------------------------------------------------
| Tool Version : Vivado v.2019.1 (win64) Build 2552052 Fri May 24 14:49:42 MDT 2019
| Date         : Sat Mar 13 20:04:43 2021
| Host         : DESKTOP-0F4OK3D running 64-bit major release  (build 9200)
| Command      : report_control_sets -verbose -file kyberBD_wrapper_control_sets_placed.rpt
| Design       : kyberBD_wrapper
| Device       : xc7z010
--------------------------------------------------------------------------------------------

Control Set Information

Table of Contents
-----------------
1. Summary
2. Histogram
3. Flip-Flop Distribution
4. Detailed Control Set Information

1. Summary
----------

+----------------------------------------------------------+-------+
|                          Status                          | Count |
+----------------------------------------------------------+-------+
| Total control sets                                       |   179 |
|    Minimum number of control sets                        |   179 |
|    Addition due to synthesis replication                 |     0 |
|    Addition due to physical synthesis replication        |     0 |
| Unused register locations in slices containing registers |   373 |
+----------------------------------------------------------+-------+
* Control sets can be merged at opt_design using control_set_merge or merge_equivalent_drivers
** Run report_qor_suggestions for automated merging and remapping suggestions


2. Histogram
------------

+--------------------+-------+
|       Fanout       | Count |
+--------------------+-------+
| Total control sets |   179 |
| >= 0 to < 4        |     2 |
| >= 4 to < 6        |    26 |
| >= 6 to < 8        |    13 |
| >= 8 to < 10       |    12 |
| >= 10 to < 12      |    13 |
| >= 12 to < 14      |     6 |
| >= 14 to < 16      |     2 |
| >= 16              |   105 |
+--------------------+-------+
* Control sets can be remapped at either synth_design or opt_design


3. Flip-Flop Distribution
-------------------------

+--------------+-----------------------+------------------------+-----------------+--------------+
| Clock Enable | Synchronous Set/Reset | Asynchronous Set/Reset | Total Registers | Total Slices |
+--------------+-----------------------+------------------------+-----------------+--------------+
| No           | No                    | No                     |            1930 |          443 |
| No           | No                    | Yes                    |               0 |            0 |
| No           | Yes                   | No                     |            1412 |          414 |
| Yes          | No                    | No                     |            2280 |          917 |
| Yes          | No                    | Yes                    |               0 |            0 |
| Yes          | Yes                   | No                     |            2533 |          768 |
+--------------+-----------------------+------------------------+-----------------+--------------+


4. Detailed Control Set Information
-----------------------------------

+------------------------------------------------+-----------------------------------------------------------------------------------------------------------------------------------------------------------------+--------------------------------------------------------------------------------------------------------------------------------------------------------+------------------+----------------+
|                  Clock Signal                  |                                                                          Enable Signal                                                                          |                                                                    Set/Reset Signal                                                                    | Slice Load Count | Bel Load Count |
+------------------------------------------------+-----------------------------------------------------------------------------------------------------------------------------------------------------------------+--------------------------------------------------------------------------------------------------------------------------------------------------------+------------------+----------------+
|  kyberBD_i/processing_system7_0/inst/FCLK_CLK0 | kyberBD_i/axi_interconnect_0/s00_couplers/auto_pc/inst/gen_axilite.gen_b2s_conv.axilite_b2s/WR.aw_channel_0/aw_cmd_fsm_0/E[0]                                   | kyberBD_i/axi_interconnect_0/s00_couplers/auto_pc/inst/gen_axilite.gen_b2s_conv.axilite_b2s/WR.aw_channel_0/aw_cmd_fsm_0/state_reg[0]_1                |                1 |              1 |
|  kyberBD_i/processing_system7_0/inst/FCLK_CLK0 | kyberBD_i/axi_interconnect_0/s00_couplers/auto_pc/inst/gen_axilite.gen_b2s_conv.axilite_b2s/WR.b_channel_0/bid_fifo_0/sel                                       |                                                                                                                                                        |                1 |              2 |
|  kyberBD_i/processing_system7_0/inst/FCLK_CLK0 | kyberBD_i/axi_gpio_2/U0/AXI_LITE_IPIF_I/I_SLAVE_ATTACHMENT/start2                                                                                               | kyberBD_i/axi_gpio_2/U0/AXI_LITE_IPIF_I/I_SLAVE_ATTACHMENT/I_DECODER/cs_ce_clr                                                                         |                1 |              4 |
|  kyberBD_i/processing_system7_0/inst/FCLK_CLK0 |                                                                                                                                                                 | kyberBD_i/axi_gpio_0/U0/AXI_LITE_IPIF_I/I_SLAVE_ATTACHMENT/clear                                                                                       |                1 |              4 |
|  kyberBD_i/processing_system7_0/inst/FCLK_CLK0 |                                                                                                                                                                 | kyberBD_i/proc_sys_reset_0/U0/EXT_LPF/lpf_int                                                                                                          |                2 |              4 |
|  kyberBD_i/processing_system7_0/inst/FCLK_CLK0 |                                                                                                                                                                 | kyberBD_i/axi_gpio_4/U0/AXI_LITE_IPIF_I/I_SLAVE_ATTACHMENT/clear                                                                                       |                1 |              4 |
|  kyberBD_i/processing_system7_0/inst/FCLK_CLK0 |                                                                                                                                                                 | kyberBD_i/axi_gpio_4/U0/AXI_LITE_IPIF_I/I_SLAVE_ATTACHMENT/I_DECODER/bus2ip_rnw_i_reg_0                                                                |                1 |              4 |
|  kyberBD_i/processing_system7_0/inst/FCLK_CLK0 |                                                                                                                                                                 | kyberBD_i/axi_gpio_2/U0/AXI_LITE_IPIF_I/I_SLAVE_ATTACHMENT/I_DECODER/bus2ip_rnw_i_reg_0                                                                |                2 |              4 |
|  kyberBD_i/processing_system7_0/inst/FCLK_CLK0 |                                                                                                                                                                 | kyberBD_i/axi_gpio_2/U0/AXI_LITE_IPIF_I/I_SLAVE_ATTACHMENT/clear                                                                                       |                1 |              4 |
|  kyberBD_i/processing_system7_0/inst/FCLK_CLK0 | kyberBD_i/axi_gpio_1/U0/AXI_LITE_IPIF_I/I_SLAVE_ATTACHMENT/bus2ip_addr_i[8]_i_1_n_0                                                                             | kyberBD_i/axi_gpio_1/U0/AXI_LITE_IPIF_I/I_SLAVE_ATTACHMENT/SR[0]                                                                                       |                2 |              4 |
|  kyberBD_i/processing_system7_0/inst/FCLK_CLK0 | kyberBD_i/axi_gpio_0/U0/AXI_LITE_IPIF_I/I_SLAVE_ATTACHMENT/bus2ip_addr_i[8]_i_1_n_0                                                                             | kyberBD_i/axi_gpio_0/U0/AXI_LITE_IPIF_I/I_SLAVE_ATTACHMENT/SR[0]                                                                                       |                1 |              4 |
|  kyberBD_i/processing_system7_0/inst/FCLK_CLK0 |                                                                                                                                                                 | kyberBD_i/axi_gpio_3/U0/AXI_LITE_IPIF_I/I_SLAVE_ATTACHMENT/I_DECODER/bus2ip_rnw_i_reg_0                                                                |                2 |              4 |
|  kyberBD_i/processing_system7_0/inst/FCLK_CLK0 | kyberBD_i/axi_interconnect_0/s00_couplers/auto_pc/inst/gen_axilite.gen_b2s_conv.axilite_b2s/RD.ar_channel_0/ar_cmd_fsm_0/FSM_sequential_state_reg[0]_2          | kyberBD_i/axi_interconnect_0/s00_couplers/auto_pc/inst/gen_axilite.gen_b2s_conv.axilite_b2s/RD.ar_channel_0/ar_cmd_fsm_0/FSM_sequential_state_reg[1]_0 |                2 |              4 |
|  kyberBD_i/processing_system7_0/inst/FCLK_CLK0 |                                                                                                                                                                 | kyberBD_i/axi_gpio_3/U0/AXI_LITE_IPIF_I/I_SLAVE_ATTACHMENT/clear                                                                                       |                1 |              4 |
|  kyberBD_i/processing_system7_0/inst/FCLK_CLK0 | kyberBD_i/axi_gpio_4/U0/AXI_LITE_IPIF_I/I_SLAVE_ATTACHMENT/bus2ip_addr_i[8]_i_1_n_0                                                                             | kyberBD_i/axi_gpio_4/U0/AXI_LITE_IPIF_I/I_SLAVE_ATTACHMENT/SS[0]                                                                                       |                1 |              4 |
|  kyberBD_i/processing_system7_0/inst/FCLK_CLK0 |                                                                                                                                                                 | kyberBD_i/polyvec_basemul_acc_0/U0/s_ena_counter[3]_i_1_n_0                                                                                            |                1 |              4 |
|  kyberBD_i/processing_system7_0/inst/FCLK_CLK0 | kyberBD_i/axi_gpio_2/U0/AXI_LITE_IPIF_I/I_SLAVE_ATTACHMENT/bus2ip_addr_i[8]_i_1_n_0                                                                             | kyberBD_i/axi_gpio_2/U0/AXI_LITE_IPIF_I/I_SLAVE_ATTACHMENT/SS[0]                                                                                       |                2 |              4 |
|  kyberBD_i/processing_system7_0/inst/FCLK_CLK0 |                                                                                                                                                                 | kyberBD_i/axi_gpio_1/U0/AXI_LITE_IPIF_I/I_SLAVE_ATTACHMENT/clear                                                                                       |                1 |              4 |
|  kyberBD_i/processing_system7_0/inst/FCLK_CLK0 | kyberBD_i/axi_gpio_1/U0/AXI_LITE_IPIF_I/I_SLAVE_ATTACHMENT/start2                                                                                               | kyberBD_i/axi_gpio_1/U0/AXI_LITE_IPIF_I/I_SLAVE_ATTACHMENT/I_DECODER/cs_ce_clr                                                                         |                1 |              4 |
|  kyberBD_i/processing_system7_0/inst/FCLK_CLK0 |                                                                                                                                                                 | kyberBD_i/axi_interconnect_0/s00_couplers/auto_pc/inst/gen_axilite.gen_b2s_conv.axilite_b2s/SI_REG/aw.aw_pipe/aresetn_d_reg[0]_0                       |                3 |              4 |
|  kyberBD_i/processing_system7_0/inst/FCLK_CLK0 |                                                                                                                                                                 | kyberBD_i/axi_interconnect_0/s00_couplers/auto_pc/inst/gen_axilite.gen_b2s_conv.axilite_b2s/SI_REG/ar.ar_pipe/aresetn_d_reg[1]_inv_0                   |                2 |              4 |
|  kyberBD_i/processing_system7_0/inst/FCLK_CLK0 | kyberBD_i/axi_gpio_3/U0/AXI_LITE_IPIF_I/I_SLAVE_ATTACHMENT/bus2ip_addr_i[8]_i_1_n_0                                                                             | kyberBD_i/axi_gpio_3/U0/AXI_LITE_IPIF_I/I_SLAVE_ATTACHMENT/SS[0]                                                                                       |                1 |              4 |
|  kyberBD_i/processing_system7_0/inst/FCLK_CLK0 | kyberBD_i/axi_gpio_3/U0/AXI_LITE_IPIF_I/I_SLAVE_ATTACHMENT/start2                                                                                               | kyberBD_i/axi_gpio_3/U0/AXI_LITE_IPIF_I/I_SLAVE_ATTACHMENT/I_DECODER/cs_ce_clr                                                                         |                1 |              4 |
|  kyberBD_i/processing_system7_0/inst/FCLK_CLK0 | kyberBD_i/axi_gpio_4/U0/AXI_LITE_IPIF_I/I_SLAVE_ATTACHMENT/start2                                                                                               | kyberBD_i/axi_gpio_4/U0/AXI_LITE_IPIF_I/I_SLAVE_ATTACHMENT/I_DECODER/cs_ce_clr                                                                         |                1 |              4 |
|  kyberBD_i/processing_system7_0/inst/FCLK_CLK0 | kyberBD_i/axi_gpio_0/U0/AXI_LITE_IPIF_I/I_SLAVE_ATTACHMENT/start2                                                                                               | kyberBD_i/axi_gpio_0/U0/AXI_LITE_IPIF_I/I_SLAVE_ATTACHMENT/I_DECODER/cs_ce_clr                                                                         |                1 |              4 |
|  kyberBD_i/processing_system7_0/inst/FCLK_CLK0 | kyberBD_i/axi_gpio_1/U0/AXI_LITE_IPIF_I/I_SLAVE_ATTACHMENT/s_axi_rresp_i                                                                                        | kyberBD_i/axi_gpio_1/U0/AXI_LITE_IPIF_I/I_SLAVE_ATTACHMENT/SR[0]                                                                                       |                1 |              4 |
|  kyberBD_i/processing_system7_0/inst/FCLK_CLK0 | kyberBD_i/axi_interconnect_0/s00_couplers/auto_pc/inst/gen_axilite.gen_b2s_conv.axilite_b2s/RD.r_channel_0/transaction_fifo_0/cnt_read[4]_i_1_n_0               | kyberBD_i/axi_interconnect_0/s00_couplers/auto_pc/inst/gen_axilite.gen_b2s_conv.axilite_b2s/areset_d1                                                  |                1 |              5 |
|  kyberBD_i/processing_system7_0/inst/FCLK_CLK0 | kyberBD_i/axi_interconnect_0/s00_couplers/auto_pc/inst/gen_axilite.gen_b2s_conv.axilite_b2s/RD.r_channel_0/rd_data_fifo_0/cnt_read[4]_i_1__0_n_0                | kyberBD_i/axi_interconnect_0/s00_couplers/auto_pc/inst/gen_axilite.gen_b2s_conv.axilite_b2s/areset_d1                                                  |                3 |              5 |
|  kyberBD_i/processing_system7_0/inst/FCLK_CLK0 | kyberBD_i/proc_sys_reset_0/U0/SEQ/seq_cnt_en                                                                                                                    | kyberBD_i/proc_sys_reset_0/U0/SEQ/SEQ_COUNTER/clear                                                                                                    |                1 |              6 |
|  kyberBD_i/processing_system7_0/inst/FCLK_CLK0 | kyberBD_i/polyvec_ntt_0/U0/s_it                                                                                                                                 | kyberBD_i/polyvec_ntt_0/U0/s_valid_to_fqmul0_i_1_n_0                                                                                                   |                2 |              6 |
|  kyberBD_i/processing_system7_0/inst/FCLK_CLK0 | kyberBD_i/polyvec_invntt_0/U0/s_it                                                                                                                              | kyberBD_i/polyvec_invntt_0/U0/s_valid_to_fqmul0_i_1_n_0                                                                                                |                2 |              6 |
|  kyberBD_i/processing_system7_0/inst/FCLK_CLK0 | kyberBD_i/polyvec_ntt_0/U0/s_length[0][5]_i_1_n_0                                                                                                               | kyberBD_i/polyvec_ntt_0/U0/s_valid_to_fqmul0_i_1_n_0                                                                                                   |                2 |              6 |
|  kyberBD_i/processing_system7_0/inst/FCLK_CLK0 |                                                                                                                                                                 | kyberBD_i/axi_gpio_1/U0/gpio_core_1/Read_Reg_Rst                                                                                                       |                2 |              6 |
|  kyberBD_i/processing_system7_0/inst/FCLK_CLK0 | kyberBD_i/polyvec_invntt_0/U0/s_length[0][6]_i_2_n_0                                                                                                            | kyberBD_i/polyvec_invntt_0/U0/s_length[0][6]_i_1_n_0                                                                                                   |                2 |              6 |
|  kyberBD_i/processing_system7_0/inst/FCLK_CLK0 | kyberBD_i/polyvec_basemul_acc_0/U0/s_idx_zeta[6]_i_1_n_0                                                                                                        | kyberBD_i/polyvec_basemul_acc_0/U0/s_coeff1_to_fqmul5                                                                                                  |                2 |              7 |
|  kyberBD_i/processing_system7_0/inst/FCLK_CLK0 | kyberBD_i/polyvec_invntt_0/U0/s_ntt_iteration_valid_reg_n_0                                                                                                     | kyberBD_i/polyvec_invntt_0/U0/s_j[0][6]_i_1_n_0                                                                                                        |                3 |              7 |
|  kyberBD_i/processing_system7_0/inst/FCLK_CLK0 | kyberBD_i/polyvec_invntt_0/U0/s_idx_zeta[0][6]_i_1_n_0                                                                                                          | kyberBD_i/polyvec_invntt_0/U0/s_bram_ena_i_1_n_0                                                                                                       |                2 |              7 |
|  kyberBD_i/processing_system7_0/inst/FCLK_CLK0 | kyberBD_i/polyvec_ntt_0/U0/s_idx_zeta[0][6]_i_2_n_0                                                                                                             | kyberBD_i/polyvec_ntt_0/U0/s_idx_zeta[0][6]_i_1_n_0                                                                                                    |                3 |              7 |
|  kyberBD_i/processing_system7_0/inst/FCLK_CLK0 | kyberBD_i/polyvec_invntt_0/U0/s_it                                                                                                                              | kyberBD_i/polyvec_invntt_0/U0/s_length_count[6]_i_1_n_0                                                                                                |                3 |              7 |
|  kyberBD_i/processing_system7_0/inst/FCLK_CLK0 | kyberBD_i/polyvec_ntt_0/U0/s_it                                                                                                                                 | kyberBD_i/polyvec_ntt_0/U0/s_length_count[6]_i_1_n_0                                                                                                   |                3 |              7 |
|  kyberBD_i/processing_system7_0/inst/FCLK_CLK0 | kyberBD_i/polyvec_ntt_0/U0/s_ntt_iteration_valid_reg_n_0                                                                                                        | kyberBD_i/polyvec_ntt_0/U0/s_j[0][6]_i_1_n_0                                                                                                           |                3 |              7 |
|  kyberBD_i/processing_system7_0/inst/FCLK_CLK0 | kyberBD_i/dual_bram_0/U0/bram_v1_0_S01_AXI_inst/s_di_mm[15]_i_1__0_n_0                                                                                          | kyberBD_i/dual_bram_0/U0/bram_v1_0_S01_AXI_inst/axi_awready_i_1__0_n_0                                                                                 |                1 |              8 |
|  kyberBD_i/processing_system7_0/inst/FCLK_CLK0 | kyberBD_i/dual_bram_0/U0/bram_v1_0_S01_AXI_inst/s_di_mm[31]_i_1__0_n_0                                                                                          | kyberBD_i/dual_bram_0/U0/bram_v1_0_S01_AXI_inst/axi_awready_i_1__0_n_0                                                                                 |                2 |              8 |
|  kyberBD_i/processing_system7_0/inst/FCLK_CLK0 | kyberBD_i/dual_bram_0/U0/bram_v1_0_S01_AXI_inst/s_di_mm[7]_i_1__0_n_0                                                                                           | kyberBD_i/dual_bram_0/U0/bram_v1_0_S01_AXI_inst/axi_awready_i_1__0_n_0                                                                                 |                2 |              8 |
|  kyberBD_i/processing_system7_0/inst/FCLK_CLK0 | kyberBD_i/dual_bram_0/U0/bram_v1_0_S01_AXI_inst/s_di_mm[23]_i_1__0_n_0                                                                                          | kyberBD_i/dual_bram_0/U0/bram_v1_0_S01_AXI_inst/axi_awready_i_1__0_n_0                                                                                 |                1 |              8 |
|  kyberBD_i/processing_system7_0/inst/FCLK_CLK0 | kyberBD_i/dual_bram_0/U0/bram_v1_0_S00_AXI_inst/s_di_mm[23]_i_1_n_0                                                                                             | kyberBD_i/dual_bram_0/U0/bram_v1_0_S00_AXI_inst/p_0_in                                                                                                 |                3 |              8 |
|  kyberBD_i/processing_system7_0/inst/FCLK_CLK0 | kyberBD_i/axi_interconnect_0/s00_couplers/auto_pc/inst/gen_axilite.gen_b2s_conv.axilite_b2s/WR.b_channel_0/mhandshake_r                                         | kyberBD_i/axi_interconnect_0/s00_couplers/auto_pc/inst/gen_axilite.gen_b2s_conv.axilite_b2s/WR.b_channel_0/bid_fifo_0/SR[0]                            |                2 |              8 |
|  kyberBD_i/processing_system7_0/inst/FCLK_CLK0 | kyberBD_i/dual_bram_0/U0/bram_v1_0_S00_AXI_inst/s_di_mm[31]_i_1_n_0                                                                                             | kyberBD_i/dual_bram_0/U0/bram_v1_0_S00_AXI_inst/p_0_in                                                                                                 |                3 |              8 |
|  kyberBD_i/processing_system7_0/inst/FCLK_CLK0 | kyberBD_i/dual_bram_0/U0/bram_v1_0_S00_AXI_inst/s_di_mm[7]_i_1_n_0                                                                                              | kyberBD_i/dual_bram_0/U0/bram_v1_0_S00_AXI_inst/p_0_in                                                                                                 |                3 |              8 |
|  kyberBD_i/processing_system7_0/inst/FCLK_CLK0 | kyberBD_i/dual_bram_0/U0/bram_v1_0_S00_AXI_inst/s_di_mm[15]_i_1_n_0                                                                                             | kyberBD_i/dual_bram_0/U0/bram_v1_0_S00_AXI_inst/p_0_in                                                                                                 |                3 |              8 |
|  kyberBD_i/processing_system7_0/inst/FCLK_CLK0 | kyberBD_i/poly_tomont_0/U0/s_bram_addra                                                                                                                         | kyberBD_i/poly_tomont_0/U0/s_bram_addra[8]_i_1_n_0                                                                                                     |                4 |              9 |
|  kyberBD_i/processing_system7_0/inst/FCLK_CLK0 |                                                                                                                                                                 | kyberBD_i/polyvec_basemul_acc_0/U0/s_counter[3]_i_1_n_0                                                                                                |                2 |              9 |
|  kyberBD_i/processing_system7_0/inst/FCLK_CLK0 |                                                                                                                                                                 | kyberBD_i/polyvec_basemul_acc_0/U0/s_bram_write_addrb[8]_i_1_n_0                                                                                       |                4 |              9 |
|  kyberBD_i/processing_system7_0/inst/FCLK_CLK0 | kyberBD_i/polyvec_invntt_0/U0/s_bram_addrb[9]_i_2_n_0                                                                                                           | kyberBD_i/polyvec_invntt_0/U0/s_bram_addrb[9]_i_1_n_0                                                                                                  |                5 |             10 |
|  kyberBD_i/processing_system7_0/inst/FCLK_CLK0 | kyberBD_i/polyvec_ntt_0/U0/s_bram_addra[9]_i_2_n_0                                                                                                              | kyberBD_i/polyvec_ntt_0/U0/s_bram_addra[9]_i_1_n_0                                                                                                     |                5 |             10 |
|  kyberBD_i/processing_system7_0/inst/FCLK_CLK0 |                                                                                                                                                                 | kyberBD_i/axi_interconnect_0/s00_couplers/auto_pc/inst/gen_axilite.gen_b2s_conv.axilite_b2s/areset_d1                                                  |                3 |             10 |
|  kyberBD_i/processing_system7_0/inst/FCLK_CLK0 | kyberBD_i/polyvec_invntt_0/U0/s_bram_addra[9]_i_2_n_0                                                                                                           | kyberBD_i/polyvec_invntt_0/U0/s_bram_addra[9]_i_1_n_0                                                                                                  |                3 |             10 |
|  kyberBD_i/processing_system7_0/inst/FCLK_CLK0 | kyberBD_i/polyvec_ntt_0/U0/s_bram_addrb[9]_i_2_n_0                                                                                                              | kyberBD_i/polyvec_ntt_0/U0/s_bram_addrb[9]_i_1_n_0                                                                                                     |                4 |             10 |
|  kyberBD_i/processing_system7_0/inst/FCLK_CLK0 | kyberBD_i/poly_tomont_0/U0/bram_enb                                                                                                                             | kyberBD_i/poly_tomont_0/U0/s_bram_addra[8]_i_1_n_0                                                                                                     |                4 |             11 |
|  kyberBD_i/processing_system7_0/inst/FCLK_CLK0 | kyberBD_i/polyvec_basemul_acc_0/U0/s_bram_read_addra                                                                                                            | kyberBD_i/polyvec_basemul_acc_0/U0/s_coeff1_to_fqmul5                                                                                                  |                3 |             11 |
|  kyberBD_i/processing_system7_0/inst/FCLK_CLK0 |                                                                                                                                                                 | kyberBD_i/polyvec_basemul_acc_0/U0/s_bram_write_addra[10]_i_1_n_0                                                                                      |                4 |             11 |
|  kyberBD_i/processing_system7_0/inst/FCLK_CLK0 | kyberBD_i/keccak_f1600_bram_ip_0/U0/s_bram_addra                                                                                                                | kyberBD_i/keccak_f1600_bram_ip_0/U0/keccak_f1600_mm_core_fast_inst/s_valid_out_reg_1[0]                                                                |                4 |             11 |
|  kyberBD_i/processing_system7_0/inst/FCLK_CLK0 | kyberBD_i/polyvec_reduce_0/U0/bram_enb                                                                                                                          | kyberBD_i/polyvec_reduce_0/U0/s_bram_ena_i_1_n_0                                                                                                       |                4 |             11 |
|  kyberBD_i/processing_system7_0/inst/FCLK_CLK0 | kyberBD_i/dual_bram_0/U0/bram_v1_0_S01_AXI_inst/axi_awready0__0                                                                                                 | kyberBD_i/dual_bram_0/U0/bram_v1_0_S01_AXI_inst/axi_awready_i_1__0_n_0                                                                                 |                2 |             11 |
|  kyberBD_i/processing_system7_0/inst/FCLK_CLK0 | kyberBD_i/polyvec_reduce_0/U0/s_bram_addra                                                                                                                      | kyberBD_i/polyvec_reduce_0/U0/s_bram_ena_i_1_n_0                                                                                                       |                2 |             11 |
|  kyberBD_i/processing_system7_0/inst/FCLK_CLK0 | kyberBD_i/dual_bram_0/U0/bram_v1_0_S00_AXI_inst/axi_awready0__0                                                                                                 | kyberBD_i/dual_bram_0/U0/bram_v1_0_S00_AXI_inst/p_0_in                                                                                                 |                4 |             11 |
|  kyberBD_i/processing_system7_0/inst/FCLK_CLK0 | kyberBD_i/axi_interconnect_0/s00_couplers/auto_pc/inst/gen_axilite.gen_b2s_conv.axilite_b2s/RD.ar_channel_0/ar_cmd_fsm_0/sel_first_reg_1[0]                     |                                                                                                                                                        |                3 |             12 |
|  kyberBD_i/processing_system7_0/inst/FCLK_CLK0 | kyberBD_i/axi_interconnect_0/s00_couplers/auto_pc/inst/gen_axilite.gen_b2s_conv.axilite_b2s/WR.aw_channel_0/cmd_translator_0/incr_cmd_0/axaddr_incr[11]_i_1_n_0 |                                                                                                                                                        |                2 |             12 |
|  kyberBD_i/processing_system7_0/inst/FCLK_CLK0 | kyberBD_i/axi_interconnect_0/s00_couplers/auto_pc/inst/gen_axilite.gen_b2s_conv.axilite_b2s/RD.ar_channel_0/ar_cmd_fsm_0/E[0]                                   |                                                                                                                                                        |                3 |             12 |
|  kyberBD_i/processing_system7_0/inst/FCLK_CLK0 | kyberBD_i/axi_interconnect_0/s00_couplers/auto_pc/inst/gen_axilite.gen_b2s_conv.axilite_b2s/WR.aw_channel_0/aw_cmd_fsm_0/state_reg[0]_2[0]                      |                                                                                                                                                        |                4 |             12 |
|  kyberBD_i/processing_system7_0/inst/FCLK_CLK0 | kyberBD_i/polyvec_ntt_0/U0/s_start                                                                                                                              | kyberBD_i/polyvec_ntt_0/U0/s_bram_ena_i_1_n_0                                                                                                          |                4 |             12 |
|  kyberBD_i/processing_system7_0/inst/FCLK_CLK0 | kyberBD_i/axi_interconnect_0/s00_couplers/auto_pc/inst/gen_axilite.gen_b2s_conv.axilite_b2s/RD.r_channel_0/r_push_r                                             |                                                                                                                                                        |                4 |             13 |
|  kyberBD_i/processing_system7_0/inst/FCLK_CLK0 | kyberBD_i/axi_interconnect_0/s00_couplers/auto_pc/inst/gen_axilite.gen_b2s_conv.axilite_b2s/SI_REG/b.b_pipe/p_1_in                                              |                                                                                                                                                        |                3 |             14 |
|  kyberBD_i/processing_system7_0/inst/FCLK_CLK0 | kyberBD_i/axi_interconnect_0/s00_couplers/auto_pc/inst/gen_axilite.gen_b2s_conv.axilite_b2s/SI_REG/b.b_pipe/s_ready_i_reg_0                                     |                                                                                                                                                        |                3 |             14 |
|  kyberBD_i/processing_system7_0/inst/FCLK_CLK0 | kyberBD_i/polyvec_basemul_acc_0/U0/s_coeff0_to_fqmul4[15]_i_1_n_0                                                                                               | kyberBD_i/polyvec_basemul_acc_0/U0/s_coeff1_to_fqmul5                                                                                                  |                6 |             16 |
|  kyberBD_i/processing_system7_0/inst/FCLK_CLK0 | kyberBD_i/polyvec_basemul_acc_0/U0/s_coeff0_to_fqmul3[15]_i_1_n_0                                                                                               | kyberBD_i/polyvec_basemul_acc_0/U0/s_coeff1_to_fqmul5                                                                                                  |                5 |             16 |
|  kyberBD_i/processing_system7_0/inst/FCLK_CLK0 | kyberBD_i/polyvec_basemul_acc_0/U0/s_coeff0_to_fqmul5[15]_i_1_n_0                                                                                               | kyberBD_i/polyvec_basemul_acc_0/U0/s_coeff1_to_fqmul5                                                                                                  |                3 |             16 |
|  kyberBD_i/processing_system7_0/inst/FCLK_CLK0 | kyberBD_i/axi_interconnect_0/s00_couplers/auto_pc/inst/gen_axilite.gen_b2s_conv.axilite_b2s/WR.aw_channel_0/aw_cmd_fsm_0/b_push                                 |                                                                                                                                                        |                3 |             16 |
|  kyberBD_i/processing_system7_0/inst/FCLK_CLK0 | kyberBD_i/proc_sys_reset_0/U0/peripheral_aresetn[0]                                                                                                             | kyberBD_i/polyvec_invntt_0/U0/s_coeff1_to_fqmul1[15]_i_1_n_0                                                                                           |                4 |             16 |
|  kyberBD_i/processing_system7_0/inst/FCLK_CLK0 |                                                                                                                                                                 | kyberBD_i/axi_interconnect_0/xbar/inst/gen_sasd.crossbar_sasd_0/addr_arbiter_inst/SR[0]                                                                |                5 |             18 |
|  kyberBD_i/processing_system7_0/inst/FCLK_CLK0 |                                                                                                                                                                 | kyberBD_i/polyvec_ntt_0/U0/s_valid_to_fqmul0_i_1_n_0                                                                                                   |                6 |             19 |
|  kyberBD_i/processing_system7_0/inst/FCLK_CLK0 | kyberBD_i/axi_interconnect_0/s00_couplers/auto_pc/inst/gen_axilite.gen_b2s_conv.axilite_b2s/RD.ar_channel_0/ar_cmd_fsm_0/FSM_sequential_state_reg[0]_2          |                                                                                                                                                        |                8 |             20 |
|  kyberBD_i/processing_system7_0/inst/FCLK_CLK0 |                                                                                                                                                                 | kyberBD_i/polyvec_invntt_0/U0/s_valid_to_fqmul0_i_1_n_0                                                                                                |                6 |             20 |
|  kyberBD_i/processing_system7_0/inst/FCLK_CLK0 |                                                                                                                                                                 | kyberBD_i/dual_bram_0/U0/bram_v1_0_S01_AXI_inst/axi_awready_i_1__0_n_0                                                                                 |                8 |             21 |
|  kyberBD_i/processing_system7_0/inst/FCLK_CLK0 |                                                                                                                                                                 | kyberBD_i/axi_gpio_2/U0/AXI_LITE_IPIF_I/I_SLAVE_ATTACHMENT/SS[0]                                                                                       |                8 |             21 |
|  kyberBD_i/processing_system7_0/inst/FCLK_CLK0 |                                                                                                                                                                 | kyberBD_i/axi_gpio_3/U0/AXI_LITE_IPIF_I/I_SLAVE_ATTACHMENT/SS[0]                                                                                       |                9 |             21 |
|  kyberBD_i/processing_system7_0/inst/FCLK_CLK0 |                                                                                                                                                                 | kyberBD_i/axi_gpio_4/U0/AXI_LITE_IPIF_I/I_SLAVE_ATTACHMENT/SS[0]                                                                                       |                7 |             21 |
|  kyberBD_i/processing_system7_0/inst/FCLK_CLK0 |                                                                                                                                                                 | kyberBD_i/dual_bram_0/U0/bram_v1_0_S00_AXI_inst/p_0_in                                                                                                 |                7 |             21 |
|  kyberBD_i/processing_system7_0/inst/FCLK_CLK0 | kyberBD_i/axi_interconnect_0/s00_couplers/auto_pc/inst/gen_axilite.gen_b2s_conv.axilite_b2s/WR.aw_channel_0/aw_cmd_fsm_0/E[0]                                   |                                                                                                                                                        |               13 |             23 |
|  kyberBD_i/processing_system7_0/inst/FCLK_CLK0 |                                                                                                                                                                 | kyberBD_i/axi_gpio_1/U0/AXI_LITE_IPIF_I/I_SLAVE_ATTACHMENT/SR[0]                                                                                       |               10 |             25 |
|  kyberBD_i/processing_system7_0/inst/FCLK_CLK0 | kyberBD_i/proc_sys_reset_0/U0/peripheral_aresetn[0]                                                                                                             | kyberBD_i/polyvec_ntt_0/U0/s_coeff0_to_fqmul1[15]_i_1_n_0                                                                                              |               12 |             28 |
|  kyberBD_i/processing_system7_0/inst/FCLK_CLK0 | kyberBD_i/axi_interconnect_0/xbar/inst/gen_sasd.crossbar_sasd_0/addr_arbiter_inst/p_0_in1_in                                                                    | kyberBD_i/axi_interconnect_0/xbar/inst/gen_sasd.crossbar_sasd_0/addr_arbiter_inst/SR[0]                                                                |               12 |             30 |
|  kyberBD_i/processing_system7_0/inst/FCLK_CLK0 | kyberBD_i/keccak_f1600_bram_ip_0/U0/round_in[1][3]_62[2]                                                                                                        |                                                                                                                                                        |               16 |             32 |
|  kyberBD_i/processing_system7_0/inst/FCLK_CLK0 | kyberBD_i/keccak_f1600_bram_ip_0/U0/round_in[1][2]_61[2]                                                                                                        |                                                                                                                                                        |               20 |             32 |
|  kyberBD_i/processing_system7_0/inst/FCLK_CLK0 | kyberBD_i/keccak_f1600_bram_ip_0/U0/round_in[1][4]_63[1]                                                                                                        |                                                                                                                                                        |               14 |             32 |
|  kyberBD_i/processing_system7_0/inst/FCLK_CLK0 | kyberBD_i/keccak_f1600_bram_ip_0/U0/round_in[1][1]_60[31]                                                                                                       |                                                                                                                                                        |               17 |             32 |
|  kyberBD_i/processing_system7_0/inst/FCLK_CLK0 | kyberBD_i/keccak_f1600_bram_ip_0/U0/round_in[0][4]_58[63]                                                                                                       |                                                                                                                                                        |               13 |             32 |
|  kyberBD_i/processing_system7_0/inst/FCLK_CLK0 | kyberBD_i/keccak_f1600_bram_ip_0/U0/round_in[1][4]_63[63]                                                                                                       |                                                                                                                                                        |               19 |             32 |
|  kyberBD_i/processing_system7_0/inst/FCLK_CLK0 | kyberBD_i/keccak_f1600_bram_ip_0/U0/round_in[1][2]_61[54]                                                                                                       |                                                                                                                                                        |               14 |             32 |
|  kyberBD_i/processing_system7_0/inst/FCLK_CLK0 | kyberBD_i/keccak_f1600_bram_ip_0/U0/round_in[1][1]_60[59]                                                                                                       |                                                                                                                                                        |               21 |             32 |
|  kyberBD_i/processing_system7_0/inst/FCLK_CLK0 | kyberBD_i/keccak_f1600_bram_ip_0/U0/round_in[1][3]_62[58]                                                                                                       |                                                                                                                                                        |               13 |             32 |
|  kyberBD_i/processing_system7_0/inst/FCLK_CLK0 | kyberBD_i/keccak_f1600_bram_ip_0/U0/round_in[0][4]_58[1]                                                                                                        |                                                                                                                                                        |               15 |             32 |
|  kyberBD_i/processing_system7_0/inst/FCLK_CLK0 | kyberBD_i/keccak_f1600_bram_ip_0/U0/round_in[1][0]_59[31]                                                                                                       |                                                                                                                                                        |               16 |             32 |
|  kyberBD_i/processing_system7_0/inst/FCLK_CLK0 | kyberBD_i/keccak_f1600_bram_ip_0/U0/round_in[2][0][31]_i_1_n_0                                                                                                  |                                                                                                                                                        |               17 |             32 |
|  kyberBD_i/processing_system7_0/inst/FCLK_CLK0 | kyberBD_i/keccak_f1600_bram_ip_0/U0/x_in[31]_i_1_n_0                                                                                                            | kyberBD_i/keccak_f1600_bram_ip_0/U0/keccak_f1600_mm_core_fast_inst/s_start_reg_0                                                                       |                8 |             32 |
|  kyberBD_i/processing_system7_0/inst/FCLK_CLK0 | kyberBD_i/keccak_f1600_bram_ip_0/U0/y_in[31]_i_1_n_0                                                                                                            | kyberBD_i/keccak_f1600_bram_ip_0/U0/keccak_f1600_mm_core_fast_inst/s_start_reg_0                                                                       |               12 |             32 |
|  kyberBD_i/processing_system7_0/inst/FCLK_CLK0 | kyberBD_i/keccak_f1600_bram_ip_0/U0/round_in[0][1]_55[59]                                                                                                       |                                                                                                                                                        |               17 |             32 |
|  kyberBD_i/processing_system7_0/inst/FCLK_CLK0 | kyberBD_i/keccak_f1600_bram_ip_0/U0/round_in[0][2]_56[54]                                                                                                       |                                                                                                                                                        |               12 |             32 |
|  kyberBD_i/processing_system7_0/inst/FCLK_CLK0 | kyberBD_i/keccak_f1600_bram_ip_0/U0/round_in[0][0]_54[55]                                                                                                       |                                                                                                                                                        |               17 |             32 |
|  kyberBD_i/processing_system7_0/inst/FCLK_CLK0 | kyberBD_i/keccak_f1600_bram_ip_0/U0/round_in[0][1]_55[31]                                                                                                       |                                                                                                                                                        |               18 |             32 |
|  kyberBD_i/processing_system7_0/inst/FCLK_CLK0 | kyberBD_i/keccak_f1600_bram_ip_0/U0/round_in[0][2]_56[2]                                                                                                        |                                                                                                                                                        |               14 |             32 |
|  kyberBD_i/processing_system7_0/inst/FCLK_CLK0 | kyberBD_i/keccak_f1600_bram_ip_0/U0/round_in[0][3]_57[31]                                                                                                       |                                                                                                                                                        |               16 |             32 |
|  kyberBD_i/processing_system7_0/inst/FCLK_CLK0 | kyberBD_i/keccak_f1600_bram_ip_0/U0/round_in[0][3]_57[58]                                                                                                       |                                                                                                                                                        |               17 |             32 |
|  kyberBD_i/processing_system7_0/inst/FCLK_CLK0 | kyberBD_i/keccak_f1600_bram_ip_0/U0/round_in[0][0]_54[31]                                                                                                       |                                                                                                                                                        |               19 |             32 |
|  kyberBD_i/processing_system7_0/inst/FCLK_CLK0 | kyberBD_i/keccak_f1600_bram_ip_0/U0/round_in[1][0]_59[55]                                                                                                       |                                                                                                                                                        |               18 |             32 |
|  kyberBD_i/processing_system7_0/inst/FCLK_CLK0 | kyberBD_i/keccak_f1600_bram_ip_0/U0/round_in[2][0][63]_i_1_n_0                                                                                                  |                                                                                                                                                        |               10 |             32 |
|  kyberBD_i/processing_system7_0/inst/FCLK_CLK0 | kyberBD_i/keccak_f1600_bram_ip_0/U0/round_in[2][1][31]_i_1_n_0                                                                                                  |                                                                                                                                                        |               14 |             32 |
|  kyberBD_i/processing_system7_0/inst/FCLK_CLK0 | kyberBD_i/keccak_f1600_bram_ip_0/U0/round_in[2][1][63]_i_1_n_0                                                                                                  |                                                                                                                                                        |               11 |             32 |
|  kyberBD_i/processing_system7_0/inst/FCLK_CLK0 | kyberBD_i/keccak_f1600_bram_ip_0/U0/round_in[2][3][31]_i_1_n_0                                                                                                  |                                                                                                                                                        |               16 |             32 |
|  kyberBD_i/processing_system7_0/inst/FCLK_CLK0 | kyberBD_i/keccak_f1600_bram_ip_0/U0/round_in[3][4][31]_i_1_n_0                                                                                                  |                                                                                                                                                        |               20 |             32 |
|  kyberBD_i/processing_system7_0/inst/FCLK_CLK0 | kyberBD_i/keccak_f1600_bram_ip_0/U0/round_in[2][2][31]_i_1_n_0                                                                                                  |                                                                                                                                                        |               14 |             32 |
|  kyberBD_i/processing_system7_0/inst/FCLK_CLK0 | kyberBD_i/keccak_f1600_bram_ip_0/U0/round_in[3][2][31]_i_1_n_0                                                                                                  |                                                                                                                                                        |               16 |             32 |
|  kyberBD_i/processing_system7_0/inst/FCLK_CLK0 | kyberBD_i/keccak_f1600_bram_ip_0/U0/round_in[4][2][63]_i_1_n_0                                                                                                  |                                                                                                                                                        |               16 |             32 |
|  kyberBD_i/processing_system7_0/inst/FCLK_CLK0 | kyberBD_i/keccak_f1600_bram_ip_0/U0/round_in[3][0][31]_i_1_n_0                                                                                                  |                                                                                                                                                        |               16 |             32 |
|  kyberBD_i/processing_system7_0/inst/FCLK_CLK0 | kyberBD_i/keccak_f1600_bram_ip_0/U0/round_in[3][3][31]_i_1_n_0                                                                                                  |                                                                                                                                                        |               16 |             32 |
|  kyberBD_i/processing_system7_0/inst/FCLK_CLK0 | kyberBD_i/keccak_f1600_bram_ip_0/U0/round_in[4][0][31]_i_1_n_0                                                                                                  |                                                                                                                                                        |               16 |             32 |
|  kyberBD_i/processing_system7_0/inst/FCLK_CLK0 | kyberBD_i/keccak_f1600_bram_ip_0/U0/round_in[4][1][63]_i_1_n_0                                                                                                  |                                                                                                                                                        |               11 |             32 |
|  kyberBD_i/processing_system7_0/inst/FCLK_CLK0 | kyberBD_i/keccak_f1600_bram_ip_0/U0/round_in[3][1][31]_i_1_n_0                                                                                                  |                                                                                                                                                        |               17 |             32 |
|  kyberBD_i/processing_system7_0/inst/FCLK_CLK0 | kyberBD_i/keccak_f1600_bram_ip_0/U0/round_in[4][0][63]_i_1_n_0                                                                                                  |                                                                                                                                                        |               11 |             32 |
|  kyberBD_i/processing_system7_0/inst/FCLK_CLK0 | kyberBD_i/keccak_f1600_bram_ip_0/U0/round_in[4][3][63]_i_1_n_0                                                                                                  |                                                                                                                                                        |               12 |             32 |
|  kyberBD_i/processing_system7_0/inst/FCLK_CLK0 | kyberBD_i/keccak_f1600_bram_ip_0/U0/round_in[3][1][63]_i_1_n_0                                                                                                  |                                                                                                                                                        |               16 |             32 |
|  kyberBD_i/processing_system7_0/inst/FCLK_CLK0 | kyberBD_i/keccak_f1600_bram_ip_0/U0/round_in[2][2][63]_i_1_n_0                                                                                                  |                                                                                                                                                        |               12 |             32 |
|  kyberBD_i/processing_system7_0/inst/FCLK_CLK0 | kyberBD_i/keccak_f1600_bram_ip_0/U0/round_in[4][4][63]_i_1_n_0                                                                                                  |                                                                                                                                                        |               15 |             32 |
|  kyberBD_i/processing_system7_0/inst/FCLK_CLK0 | kyberBD_i/keccak_f1600_bram_ip_0/U0/round_in[3][0][63]_i_1_n_0                                                                                                  |                                                                                                                                                        |               13 |             32 |
|  kyberBD_i/processing_system7_0/inst/FCLK_CLK0 | kyberBD_i/keccak_f1600_bram_ip_0/U0/round_in[3][2][63]_i_1_n_0                                                                                                  |                                                                                                                                                        |               16 |             32 |
|  kyberBD_i/processing_system7_0/inst/FCLK_CLK0 | kyberBD_i/keccak_f1600_bram_ip_0/U0/round_in[3][4][63]_i_1_n_0                                                                                                  |                                                                                                                                                        |               18 |             32 |
|  kyberBD_i/processing_system7_0/inst/FCLK_CLK0 | kyberBD_i/keccak_f1600_bram_ip_0/U0/round_in[4][3][31]_i_1_n_0                                                                                                  |                                                                                                                                                        |               12 |             32 |
|  kyberBD_i/processing_system7_0/inst/FCLK_CLK0 | kyberBD_i/keccak_f1600_bram_ip_0/U0/round_in[4][4][31]_i_1_n_0                                                                                                  |                                                                                                                                                        |               16 |             32 |
|  kyberBD_i/processing_system7_0/inst/FCLK_CLK0 | kyberBD_i/keccak_f1600_bram_ip_0/U0/round_in[2][4][63]_i_1_n_0                                                                                                  |                                                                                                                                                        |               12 |             32 |
|  kyberBD_i/processing_system7_0/inst/FCLK_CLK0 | kyberBD_i/keccak_f1600_bram_ip_0/U0/round_in[3][3][63]_i_1_n_0                                                                                                  |                                                                                                                                                        |               17 |             32 |
|  kyberBD_i/processing_system7_0/inst/FCLK_CLK0 | kyberBD_i/keccak_f1600_bram_ip_0/U0/round_in[4][2][31]_i_1_n_0                                                                                                  |                                                                                                                                                        |               15 |             32 |
|  kyberBD_i/processing_system7_0/inst/FCLK_CLK0 | kyberBD_i/keccak_f1600_bram_ip_0/U0/round_in[2][3][63]_i_1_n_0                                                                                                  |                                                                                                                                                        |               13 |             32 |
|  kyberBD_i/processing_system7_0/inst/FCLK_CLK0 | kyberBD_i/keccak_f1600_bram_ip_0/U0/round_in[4][1][31]_i_1_n_0                                                                                                  |                                                                                                                                                        |               13 |             32 |
|  kyberBD_i/processing_system7_0/inst/FCLK_CLK0 | kyberBD_i/keccak_f1600_bram_ip_0/U0/keccak_f1600_mm_core_fast_inst/E[0]                                                                                         | kyberBD_i/keccak_f1600_bram_ip_0/U0/keccak_f1600_mm_core_fast_inst/SR[0]                                                                               |               12 |             32 |
|  kyberBD_i/processing_system7_0/inst/FCLK_CLK0 | kyberBD_i/keccak_f1600_bram_ip_0/U0/keccak_f1600_mm_core_fast_inst/upper_word_out_reg[0]                                                                        | kyberBD_i/keccak_f1600_bram_ip_0/U0/keccak_f1600_mm_core_fast_inst/s_start_reg_0                                                                       |                9 |             32 |
|  kyberBD_i/processing_system7_0/inst/FCLK_CLK0 | kyberBD_i/polyvec_invntt_0/U0/s_bram_dia[31]_i_2_n_0                                                                                                            | kyberBD_i/polyvec_invntt_0/U0/s_bram_dia[31]_i_1_n_0                                                                                                   |               11 |             32 |
|  kyberBD_i/processing_system7_0/inst/FCLK_CLK0 | kyberBD_i/axi_gpio_0/U0/AXI_LITE_IPIF_I/I_SLAVE_ATTACHMENT/s_axi_rresp_i                                                                                        | kyberBD_i/axi_gpio_0/U0/AXI_LITE_IPIF_I/I_SLAVE_ATTACHMENT/SR[0]                                                                                       |               12 |             32 |
|  kyberBD_i/processing_system7_0/inst/FCLK_CLK0 | kyberBD_i/keccak_f1600_bram_ip_0/U0/round_in[2][4][31]_i_1_n_0                                                                                                  |                                                                                                                                                        |               16 |             32 |
|  kyberBD_i/processing_system7_0/inst/FCLK_CLK0 | kyberBD_i/axi_gpio_0/U0/AXI_LITE_IPIF_I/I_SLAVE_ATTACHMENT/I_DECODER/bus2ip_rnw_i_reg[0]                                                                        | kyberBD_i/axi_gpio_0/U0/AXI_LITE_IPIF_I/I_SLAVE_ATTACHMENT/SR[0]                                                                                       |               10 |             32 |
|  kyberBD_i/processing_system7_0/inst/FCLK_CLK0 | kyberBD_i/axi_gpio_0/U0/AXI_LITE_IPIF_I/I_SLAVE_ATTACHMENT/I_DECODER/E[0]                                                                                       | kyberBD_i/axi_gpio_0/U0/AXI_LITE_IPIF_I/I_SLAVE_ATTACHMENT/SR[0]                                                                                       |               11 |             32 |
|  kyberBD_i/processing_system7_0/inst/FCLK_CLK0 | kyberBD_i/axi_gpio_0/U0/gpio_core_1/gpio_io_o[1]                                                                                                                | kyberBD_i/axi_gpio_0/U0/gpio_core_1/gpio_io_o[0]                                                                                                       |                8 |             32 |
|  kyberBD_i/processing_system7_0/inst/FCLK_CLK0 | kyberBD_i/polyvec_ntt_0/U0/s_bram_dia[31]_i_2_n_0                                                                                                               | kyberBD_i/polyvec_ntt_0/U0/s_bram_dib                                                                                                                  |                8 |             32 |
|  kyberBD_i/processing_system7_0/inst/FCLK_CLK0 | kyberBD_i/polyvec_ntt_0/U0/s_bram_dib[31]_i_1_n_0                                                                                                               | kyberBD_i/polyvec_ntt_0/U0/s_bram_dib                                                                                                                  |                9 |             32 |
|  kyberBD_i/processing_system7_0/inst/FCLK_CLK0 |                                                                                                                                                                 | kyberBD_i/polyvec_invntt_0/U0/s_bram_dib[31]_i_1_n_0                                                                                                   |               10 |             32 |
|  kyberBD_i/processing_system7_0/inst/FCLK_CLK0 | kyberBD_i/axi_interconnect_0/xbar/inst/gen_sasd.crossbar_sasd_0/reg_slice_r/aa_rready                                                                           |                                                                                                                                                        |                9 |             34 |
|  kyberBD_i/processing_system7_0/inst/FCLK_CLK0 | kyberBD_i/axi_interconnect_0/s00_couplers/auto_pc/inst/gen_axilite.gen_b2s_conv.axilite_b2s/RD.r_channel_0/rd_data_fifo_0/wr_en0                                |                                                                                                                                                        |                9 |             34 |
|  kyberBD_i/processing_system7_0/inst/FCLK_CLK0 |                                                                                                                                                                 | kyberBD_i/polyvec_reduce_0/U0/s_bram_ena_i_1_n_0                                                                                                       |                9 |             34 |
|  kyberBD_i/processing_system7_0/inst/FCLK_CLK0 | kyberBD_i/axi_interconnect_0/xbar/inst/gen_sasd.crossbar_sasd_0/addr_arbiter_inst/E[0]                                                                          |                                                                                                                                                        |               12 |             35 |
|  kyberBD_i/processing_system7_0/inst/FCLK_CLK0 |                                                                                                                                                                 | kyberBD_i/keccak_f1600_bram_ip_0/U0/keccak_f1600_mm_core_fast_inst/ACTIVE_LOW_PR_OUT_DFF[0].FDRE_PER_N[0]                                              |               11 |             36 |
|  kyberBD_i/processing_system7_0/inst/FCLK_CLK0 | kyberBD_i/axi_gpio_3/U0/gpio_core_1/gpio_io_o[0]                                                                                                                | kyberBD_i/polyvec_basemul_acc_0/U0/s_bram_write_ena_i_1_n_0                                                                                            |               11 |             37 |
|  kyberBD_i/processing_system7_0/inst/FCLK_CLK0 | kyberBD_i/keccak_f1600_bram_ip_0/U0/keccak_f1600_mm_core_fast_inst/s_done_reg_1                                                                                 | kyberBD_i/keccak_f1600_bram_ip_0/U0/keccak_f1600_mm_core_fast_inst/s_start_reg_0                                                                       |               16 |             37 |
|  kyberBD_i/processing_system7_0/inst/FCLK_CLK0 | kyberBD_i/keccak_f1600_bram_ip_0/U0/keccak_f1600_mm_core_fast_inst/round_rep[4]_i_2_n_0                                                                         | kyberBD_i/keccak_f1600_bram_ip_0/U0/keccak_f1600_mm_core_fast_inst/s_start_reg_0                                                                       |               10 |             37 |
|  kyberBD_i/processing_system7_0/inst/FCLK_CLK0 |                                                                                                                                                                 | kyberBD_i/poly_tomont_0/U0/RSTA                                                                                                                        |                8 |             39 |
|  kyberBD_i/processing_system7_0/inst/FCLK_CLK0 | kyberBD_i/axi_interconnect_0/s00_couplers/auto_pc/inst/gen_axilite.gen_b2s_conv.axilite_b2s/SI_REG/r.r_pipe/s_ready_i_reg_0                                     |                                                                                                                                                        |                9 |             47 |
|  kyberBD_i/processing_system7_0/inst/FCLK_CLK0 | kyberBD_i/axi_interconnect_0/s00_couplers/auto_pc/inst/gen_axilite.gen_b2s_conv.axilite_b2s/SI_REG/r.r_pipe/p_1_in                                              |                                                                                                                                                        |               10 |             47 |
|  kyberBD_i/processing_system7_0/inst/FCLK_CLK0 |                                                                                                                                                                 | kyberBD_i/axi_gpio_0/U0/AXI_LITE_IPIF_I/I_SLAVE_ATTACHMENT/SR[0]                                                                                       |               19 |             47 |
|  kyberBD_i/processing_system7_0/inst/FCLK_CLK0 | kyberBD_i/axi_interconnect_0/s00_couplers/auto_pc/inst/gen_axilite.gen_b2s_conv.axilite_b2s/SI_REG/aw.aw_pipe/s_ready_i_reg_0                                   |                                                                                                                                                        |                9 |             52 |
|  kyberBD_i/processing_system7_0/inst/FCLK_CLK0 | kyberBD_i/axi_interconnect_0/s00_couplers/auto_pc/inst/gen_axilite.gen_b2s_conv.axilite_b2s/SI_REG/ar.ar_pipe/s_ready_i_reg_0                                   |                                                                                                                                                        |               11 |             52 |
|  kyberBD_i/processing_system7_0/inst/FCLK_CLK0 | kyberBD_i/axi_interconnect_0/s00_couplers/auto_pc/inst/gen_axilite.gen_b2s_conv.axilite_b2s/WR.aw_channel_0/aw_cmd_fsm_0/m_valid_i_reg[0]                       |                                                                                                                                                        |               11 |             52 |
|  kyberBD_i/processing_system7_0/inst/FCLK_CLK0 | kyberBD_i/axi_interconnect_0/s00_couplers/auto_pc/inst/gen_axilite.gen_b2s_conv.axilite_b2s/RD.ar_channel_0/ar_cmd_fsm_0/m_valid_i_reg[0]                       |                                                                                                                                                        |                9 |             52 |
|  kyberBD_i/processing_system7_0/inst/FCLK_CLK0 |                                                                                                                                                                 | kyberBD_i/axi_gpio_0/U0/AXI_LITE_IPIF_I/I_SLAVE_ATTACHMENT/I_DECODER/bus2ip_rnw_i_reg_0                                                                |               19 |             64 |
|  kyberBD_i/processing_system7_0/inst/FCLK_CLK0 |                                                                                                                                                                 | kyberBD_i/polyvec_reduce_0/U0/s_bram_enb_i_1_n_0                                                                                                       |               17 |             71 |
|  kyberBD_i/processing_system7_0/inst/FCLK_CLK0 |                                                                                                                                                                 | kyberBD_i/polyvec_basemul_acc_0/U0/s_coeff1_to_fqmul5                                                                                                  |               34 |             97 |
|  kyberBD_i/processing_system7_0/inst/FCLK_CLK0 |                                                                                                                                                                 | kyberBD_i/polyvec_basemul_acc_0/U0/s_bram_write_ena_i_1_n_0                                                                                            |               63 |            226 |
|  kyberBD_i/processing_system7_0/inst/FCLK_CLK0 |                                                                                                                                                                 | kyberBD_i/polyvec_invntt_0/U0/s_bram_ena_i_1_n_0                                                                                                       |               59 |            242 |
|  kyberBD_i/processing_system7_0/inst/FCLK_CLK0 |                                                                                                                                                                 | kyberBD_i/polyvec_ntt_0/U0/s_bram_ena_i_1_n_0                                                                                                          |               66 |            244 |
|  kyberBD_i/processing_system7_0/inst/FCLK_CLK0 | kyberBD_i/proc_sys_reset_0/U0/peripheral_aresetn[0]                                                                                                             |                                                                                                                                                        |               35 |            336 |
|  kyberBD_i/processing_system7_0/inst/FCLK_CLK0 | kyberBD_i/keccak_f1600_bram_ip_0/U0/keccak_f1600_mm_core_fast_inst/s_processing                                                                                 | kyberBD_i/keccak_f1600_bram_ip_0/U0/keccak_f1600_mm_core_fast_inst/ACTIVE_LOW_PR_OUT_DFF[0].FDRE_PER_N[0]                                              |              463 |           1600 |
|  kyberBD_i/processing_system7_0/inst/FCLK_CLK0 |                                                                                                                                                                 |                                                                                                                                                        |              444 |           2068 |
+------------------------------------------------+-----------------------------------------------------------------------------------------------------------------------------------------------------------------+--------------------------------------------------------------------------------------------------------------------------------------------------------+------------------+----------------+


