#-----------------------------------------------------------
# Webtalk v2019.1 (64-bit)
# SW Build 2552052 on Fri May 24 14:49:42 MDT 2019
# IP Build 2548770 on Fri May 24 18:01:18 MDT 2019
# Start of session at: Mon Feb 15 19:12:00 2021
# Process ID: 16100
# Current directory: c:/projects/kyber-fpga/kyber-fpga.tmp/polyvec_reduce_v1_0_project/polyvec_reduce_v1_0_project.sim/sim_1/behav/xsim
# Command line: wbtcv.exe -mode batch -source c:/projects/kyber-fpga/kyber-fpga.tmp/polyvec_reduce_v1_0_project/polyvec_reduce_v1_0_project.sim/sim_1/behav/xsim/xsim.dir/testbench_behav/webtalk/xsim_webtalk.tcl -notrace
# Log file: c:/projects/kyber-fpga/kyber-fpga.tmp/polyvec_reduce_v1_0_project/polyvec_reduce_v1_0_project.sim/sim_1/behav/xsim/webtalk.log
# Journal file: c:/projects/kyber-fpga/kyber-fpga.tmp/polyvec_reduce_v1_0_project/polyvec_reduce_v1_0_project.sim/sim_1/behav/xsim\webtalk.jou
#-----------------------------------------------------------
source c:/projects/kyber-fpga/kyber-fpga.tmp/polyvec_reduce_v1_0_project/polyvec_reduce_v1_0_project.sim/sim_1/behav/xsim/xsim.dir/testbench_behav/webtalk/xsim_webtalk.tcl -notrace
