17:06:31 **** Incremental Build of configuration Debug for project kyber-fpga ****
make pre-build main-build 
a9-linaro-pre-build-step
 
Building file: ../src/include/global_func.c
Invoking: ARM v7 gcc compiler
arm-none-eabi-gcc -Wall -O0 -g3 -c -fmessage-length=0 -MT"src/include/global_func.o" -mcpu=cortex-a9 -mfpu=vfpv3 -mfloat-abi=hard -I../../kyber-fpga_bsp/ps7_cortexa9_0/include -MMD -MP -MF"src/include/global_func.d" -MT"src/include/global_func.o" -o "src/include/global_func.o" "../src/include/global_func.c"
Finished building: ../src/include/global_func.c
 
Building target: kyber-fpga.elf
Invoking: ARM v7 gcc linker
arm-none-eabi-gcc -mcpu=cortex-a9 -mfpu=vfpv3 -mfloat-abi=hard -Wl,-build-id=none -specs=Xilinx.spec -Wl,-T -Wl,../src/lscript.ld -L../../kyber-fpga_bsp/ps7_cortexa9_0/lib -o "kyber-fpga.elf"  ./src/include/aes256ctr.o ./src/include/cbd.o ./src/include/fips202.o ./src/include/global_func.o ./src/include/indcpa.o ./src/include/kem.o ./src/include/ntt.o ./src/include/poly.o ./src/include/polyvec.o ./src/include/randombytes.o ./src/include/reduce.o ./src/include/sha256.o ./src/include/sha512.o ./src/include/symmetric-aes.o ./src/include/symmetric-shake.o ./src/include/test_kem.o ./src/include/verify.o  ./src/main.o ./src/platform.o   -Wl,--start-group,-lxil,-lgcc,-lc,--end-group
Finished building target: kyber-fpga.elf
 
Invoking: ARM v7 Print Size
arm-none-eabi-size kyber-fpga.elf  |tee "kyber-fpga.elf.size"
   text	   data	    bss	    dec	    hex	filename
 325492	   2864	4203280	4531636	 4525b4	kyber-fpga.elf
Finished building: kyber-fpga.elf.size
 
17:06:40 **** Incremental Build of configuration Debug for project kyber-fpga ****
make pre-build main-build 
a9-linaro-pre-build-step
 
make: Nothing to be done for 'main-build'.
17:15:38 **** Incremental Build of configuration Debug for project kyber-fpga ****
make pre-build main-build 
a9-linaro-pre-build-step
 
Building file: ../src/include/global_func.c
Invoking: ARM v7 gcc compiler
arm-none-eabi-gcc -Wall -O0 -g3 -c -fmessage-length=0 -MT"src/include/global_func.o" -mcpu=cortex-a9 -mfpu=vfpv3 -mfloat-abi=hard -I../../kyber-fpga_bsp/ps7_cortexa9_0/include -MMD -MP -MF"src/include/global_func.d" -MT"src/include/global_func.o" -o "src/include/global_func.o" "../src/include/global_func.c"
In file included from ../src/include/global_func.c:8:
../src/include/global_func.c: In function 'printTimeVariables':
../src/include/global_func.c:183:27: warning: format '%s' expects argument of type 'char *', but argument 13 has type 'u32' {aka 'long unsigned int'} [-Wformat=]
   print_debug(DEBUG_TIME, "[TIME] %s HW total iteractions: %lu | %s HW iteractions per cicle: %lu | %s HW total time: %lu ns or %lu.%03lu ms | %s HW avg time: %lu.%03lu us | %s improvement: %lu.%03lu\%\n", array[i], u32HwIt[i], array[i], u32PolyTomontHwIt/u32Cycles, array[i], u32HwTime[i], u32Integer[1], u32Fraction[1], array[1], u32AvgInteger[1], u32AvgFraction[1], u32ImproveInteger, u32ImproveFraction);
                           ^~~~~~~~~~~~~~~~~~~~~~~~~~~~~~~~~~~~~~~~~~~~~~~~~~~~~~~~~~~~~~~~~~~~~~~~~~~~~~~~~~~~~~~~~~~~~~~~~~~~~~~~~~~~~~~~~~~~~~~~~~~~~~~~~~~~~~~~~~~~~~~~~~~~~~~~~~~~~~~~~~~~~~~~~~~~~~~~~~                                                                                                                                                                     ~~~~~~~~~~~~~~~~~
../src/include/global_def.h:112:11: note: in definition of macro 'print_debug'
    printf(__VA_ARGS__); \
           ^~~~~~~~~~~
../src/include/global_func.c:183:27: warning: format '%lu' expects a matching 'long unsigned int' argument [-Wformat=]
   print_debug(DEBUG_TIME, "[TIME] %s HW total iteractions: %lu | %s HW iteractions per cicle: %lu | %s HW total time: %lu ns or %lu.%03lu ms | %s HW avg time: %lu.%03lu us | %s improvement: %lu.%03lu\%\n", array[i], u32HwIt[i], array[i], u32PolyTomontHwIt/u32Cycles, array[i], u32HwTime[i], u32Integer[1], u32Fraction[1], array[1], u32AvgInteger[1], u32AvgFraction[1], u32ImproveInteger, u32ImproveFraction);
                           ^~~~~~~~~~~~~~~~~~~~~~~~~~~~~~~~~~~~~~~~~~~~~~~~~~~~~~~~~~~~~~~~~~~~~~~~~~~~~~~~~~~~~~~~~~~~~~~~~~~~~~~~~~~~~~~~~~~~~~~~~~~~~~~~~~~~~~~~~~~~~~~~~~~~~~~~~~~~~~~~~~~~~~~~~~~~~~~~~~
../src/include/global_def.h:112:11: note: in definition of macro 'print_debug'
    printf(__VA_ARGS__); \
           ^~~~~~~~~~~
../src/include/global_func.c:183:27: warning: unknown conversion type character '\x0a' in format [-Wformat=]
   print_debug(DEBUG_TIME, "[TIME] %s HW total iteractions: %lu | %s HW iteractions per cicle: %lu | %s HW total time: %lu ns or %lu.%03lu ms | %s HW avg time: %lu.%03lu us | %s improvement: %lu.%03lu\%\n", array[i], u32HwIt[i], array[i], u32PolyTomontHwIt/u32Cycles, array[i], u32HwTime[i], u32Integer[1], u32Fraction[1], array[1], u32AvgInteger[1], u32AvgFraction[1], u32ImproveInteger, u32ImproveFraction);
                           ^~~~~~~~~~~~~~~~~~~~~~~~~~~~~~~~~~~~~~~~~~~~~~~~~~~~~~~~~~~~~~~~~~~~~~~~~~~~~~~~~~~~~~~~~~~~~~~~~~~~~~~~~~~~~~~~~~~~~~~~~~~~~~~~~~~~~~~~~~~~~~~~~~~~~~~~~~~~~~~~~~~~~~~~~~~~~~~~~~
../src/include/global_def.h:112:11: note: in definition of macro 'print_debug'
    printf(__VA_ARGS__); \
           ^~~~~~~~~~~
Finished building: ../src/include/global_func.c
 
Building target: kyber-fpga.elf
Invoking: ARM v7 gcc linker
arm-none-eabi-gcc -mcpu=cortex-a9 -mfpu=vfpv3 -mfloat-abi=hard -Wl,-build-id=none -specs=Xilinx.spec -Wl,-T -Wl,../src/lscript.ld -L../../kyber-fpga_bsp/ps7_cortexa9_0/lib -o "kyber-fpga.elf"  ./src/include/aes256ctr.o ./src/include/cbd.o ./src/include/fips202.o ./src/include/global_func.o ./src/include/indcpa.o ./src/include/kem.o ./src/include/ntt.o ./src/include/poly.o ./src/include/polyvec.o ./src/include/randombytes.o ./src/include/reduce.o ./src/include/sha256.o ./src/include/sha512.o ./src/include/symmetric-aes.o ./src/include/symmetric-shake.o ./src/include/test_kem.o ./src/include/verify.o  ./src/main.o ./src/platform.o   -Wl,--start-group,-lxil,-lgcc,-lc,--end-group
Finished building target: kyber-fpga.elf
 
Invoking: ARM v7 Print Size
arm-none-eabi-size kyber-fpga.elf  |tee "kyber-fpga.elf.size"
   text	   data	    bss	    dec	    hex	filename
 325644	   2864	4203280	4531788	 45264c	kyber-fpga.elf
Finished building: kyber-fpga.elf.size
 
17:16:27 **** Incremental Build of configuration Debug for project kyber-fpga ****
make pre-build main-build 
a9-linaro-pre-build-step
 
Building file: ../src/include/global_func.c
Invoking: ARM v7 gcc compiler
arm-none-eabi-gcc -Wall -O0 -g3 -c -fmessage-length=0 -MT"src/include/global_func.o" -mcpu=cortex-a9 -mfpu=vfpv3 -mfloat-abi=hard -I../../kyber-fpga_bsp/ps7_cortexa9_0/include -MMD -MP -MF"src/include/global_func.d" -MT"src/include/global_func.o" -o "src/include/global_func.o" "../src/include/global_func.c"
In file included from ../src/include/global_func.c:8:
../src/include/global_func.c: In function 'printTimeVariables':
../src/include/global_func.c:183:27: warning: unknown conversion type character '\x0a' in format [-Wformat=]
   print_debug(DEBUG_TIME, "[TIME] %s HW total iteractions: %lu | %s HW iteractions per cicle: %lu | %s HW total time: %lu ns or %lu.%03lu ms | %s HW avg time: %lu.%03lu us | %s improvement: %lu.%03lu\%\n", array[i], u32HwIt[i], array[i], u32PolyTomontHwIt/u32Cycles, array[i], u32HwTime[i], u32Integer[1], u32Fraction[1], array[1], u32AvgInteger[1], u32AvgFraction[1], array[1], u32ImproveInteger, u32ImproveFraction);
                           ^~~~~~~~~~~~~~~~~~~~~~~~~~~~~~~~~~~~~~~~~~~~~~~~~~~~~~~~~~~~~~~~~~~~~~~~~~~~~~~~~~~~~~~~~~~~~~~~~~~~~~~~~~~~~~~~~~~~~~~~~~~~~~~~~~~~~~~~~~~~~~~~~~~~~~~~~~~~~~~~~~~~~~~~~~~~~~~~~~
../src/include/global_def.h:112:11: note: in definition of macro 'print_debug'
    printf(__VA_ARGS__); \
           ^~~~~~~~~~~
Finished building: ../src/include/global_func.c
 
Building target: kyber-fpga.elf
Invoking: ARM v7 gcc linker
arm-none-eabi-gcc -mcpu=cortex-a9 -mfpu=vfpv3 -mfloat-abi=hard -Wl,-build-id=none -specs=Xilinx.spec -Wl,-T -Wl,../src/lscript.ld -L../../kyber-fpga_bsp/ps7_cortexa9_0/lib -o "kyber-fpga.elf"  ./src/include/aes256ctr.o ./src/include/cbd.o ./src/include/fips202.o ./src/include/global_func.o ./src/include/indcpa.o ./src/include/kem.o ./src/include/ntt.o ./src/include/poly.o ./src/include/polyvec.o ./src/include/randombytes.o ./src/include/reduce.o ./src/include/sha256.o ./src/include/sha512.o ./src/include/symmetric-aes.o ./src/include/symmetric-shake.o ./src/include/test_kem.o ./src/include/verify.o  ./src/main.o ./src/platform.o   -Wl,--start-group,-lxil,-lgcc,-lc,--end-group
Finished building target: kyber-fpga.elf
 
Invoking: ARM v7 Print Size
arm-none-eabi-size kyber-fpga.elf  |tee "kyber-fpga.elf.size"
   text	   data	    bss	    dec	    hex	filename
 325644	   2864	4203280	4531788	 45264c	kyber-fpga.elf
Finished building: kyber-fpga.elf.size
 
17:18:11 **** Incremental Build of configuration Debug for project kyber-fpga ****
make pre-build main-build 
a9-linaro-pre-build-step
 
Building file: ../src/include/global_func.c
Invoking: ARM v7 gcc compiler
arm-none-eabi-gcc -Wall -O0 -g3 -c -fmessage-length=0 -MT"src/include/global_func.o" -mcpu=cortex-a9 -mfpu=vfpv3 -mfloat-abi=hard -I../../kyber-fpga_bsp/ps7_cortexa9_0/include -MMD -MP -MF"src/include/global_func.d" -MT"src/include/global_func.o" -o "src/include/global_func.o" "../src/include/global_func.c"
In file included from ../src/include/global_func.c:8:
../src/include/global_func.c: In function 'printTimeVariables':
../src/include/global_func.c:183:27: warning: unknown conversion type character '\x0a' in format [-Wformat=]
   print_debug(DEBUG_TIME, "[TIME] %s HW total iteractions: %lu | %s HW iteractions per cicle: %lu | %s HW total time: %lu ns or %lu.%03lu ms | %s HW avg time: %lu.%03lu us | %s improvement: %lu.%03lu\%\n", array[i], u32HwIt[i], array[i], u32PolyTomontHwIt/u32Cycles, array[i], u32HwTime[i], u32Integer[1], u32Fraction[1], array[i], u32AvgInteger[1], u32AvgFraction[1], array[i], u32ImproveInteger, u32ImproveFraction);
                           ^~~~~~~~~~~~~~~~~~~~~~~~~~~~~~~~~~~~~~~~~~~~~~~~~~~~~~~~~~~~~~~~~~~~~~~~~~~~~~~~~~~~~~~~~~~~~~~~~~~~~~~~~~~~~~~~~~~~~~~~~~~~~~~~~~~~~~~~~~~~~~~~~~~~~~~~~~~~~~~~~~~~~~~~~~~~~~~~~~
../src/include/global_def.h:112:11: note: in definition of macro 'print_debug'
    printf(__VA_ARGS__); \
           ^~~~~~~~~~~
Finished building: ../src/include/global_func.c
 
Building target: kyber-fpga.elf
Invoking: ARM v7 gcc linker
arm-none-eabi-gcc -mcpu=cortex-a9 -mfpu=vfpv3 -mfloat-abi=hard -Wl,-build-id=none -specs=Xilinx.spec -Wl,-T -Wl,../src/lscript.ld -L../../kyber-fpga_bsp/ps7_cortexa9_0/lib -o "kyber-fpga.elf"  ./src/include/aes256ctr.o ./src/include/cbd.o ./src/include/fips202.o ./src/include/global_func.o ./src/include/indcpa.o ./src/include/kem.o ./src/include/ntt.o ./src/include/poly.o ./src/include/polyvec.o ./src/include/randombytes.o ./src/include/reduce.o ./src/include/sha256.o ./src/include/sha512.o ./src/include/symmetric-aes.o ./src/include/symmetric-shake.o ./src/include/test_kem.o ./src/include/verify.o  ./src/main.o ./src/platform.o   -Wl,--start-group,-lxil,-lgcc,-lc,--end-group
Finished building target: kyber-fpga.elf
 
Invoking: ARM v7 Print Size
arm-none-eabi-size kyber-fpga.elf  |tee "kyber-fpga.elf.size"
   text	   data	    bss	    dec	    hex	filename
 325708	   2864	4203280	4531852	 45268c	kyber-fpga.elf
Finished building: kyber-fpga.elf.size
 
17:20:09 **** Incremental Build of configuration Debug for project kyber-fpga ****
make pre-build main-build 
a9-linaro-pre-build-step
 
Building file: ../src/include/global_func.c
Invoking: ARM v7 gcc compiler
arm-none-eabi-gcc -Wall -O0 -g3 -c -fmessage-length=0 -MT"src/include/global_func.o" -mcpu=cortex-a9 -mfpu=vfpv3 -mfloat-abi=hard -I../../kyber-fpga_bsp/ps7_cortexa9_0/include -MMD -MP -MF"src/include/global_func.d" -MT"src/include/global_func.o" -o "src/include/global_func.o" "../src/include/global_func.c"
Finished building: ../src/include/global_func.c
 
Building target: kyber-fpga.elf
Invoking: ARM v7 gcc linker
arm-none-eabi-gcc -mcpu=cortex-a9 -mfpu=vfpv3 -mfloat-abi=hard -Wl,-build-id=none -specs=Xilinx.spec -Wl,-T -Wl,../src/lscript.ld -L../../kyber-fpga_bsp/ps7_cortexa9_0/lib -o "kyber-fpga.elf"  ./src/include/aes256ctr.o ./src/include/cbd.o ./src/include/fips202.o ./src/include/global_func.o ./src/include/indcpa.o ./src/include/kem.o ./src/include/ntt.o ./src/include/poly.o ./src/include/polyvec.o ./src/include/randombytes.o ./src/include/reduce.o ./src/include/sha256.o ./src/include/sha512.o ./src/include/symmetric-aes.o ./src/include/symmetric-shake.o ./src/include/test_kem.o ./src/include/verify.o  ./src/main.o ./src/platform.o   -Wl,--start-group,-lxil,-lgcc,-lc,--end-group
Finished building target: kyber-fpga.elf
 
Invoking: ARM v7 Print Size
arm-none-eabi-size kyber-fpga.elf  |tee "kyber-fpga.elf.size"
   text	   data	    bss	    dec	    hex	filename
 325708	   2864	4203280	4531852	 45268c	kyber-fpga.elf
Finished building: kyber-fpga.elf.size
 
