   text	   data	    bss	    dec	    hex	filename
  19076	   1144	  22568	  42788	   a724	kyber_sdk.elf
Finished building: kyber_sdk.elf.size
 
16:01:01 **** Incremental Build of configuration Debug for project kyber_sdk ****
make pre-build main-build 
a9-linaro-pre-build-step
 
make: Nothing to be done for 'main-build'.
16:14:54 **** Incremental Build of configuration Debug for project kyber_sdk ****
make pre-build main-build 
a9-linaro-pre-build-step
 
make: Nothing to be done for 'main-build'.
16:15:37 **** Incremental Build of configuration Debug for project kyber_sdk ****
make pre-build main-build 
a9-linaro-pre-build-step
 
make: Nothing to be done for 'main-build'.
