12:07:54 **** Incremental Build of configuration Debug for project kyber-server ****
make pre-build main-build 
a9-linaro-pre-build-step
 
Building file: ../src/main.c
Invoking: ARM v7 gcc compiler
arm-none-eabi-gcc -Wall -O0 -g3 -c -fmessage-length=0 -MT"src/main.o" -mcpu=cortex-a9 -mfpu=vfpv3 -mfloat-abi=hard -I../../kyber-server_bsp/ps7_cortexa9_0/include -MMD -MP -MF"src/main.d" -MT"src/main.o" -o "src/main.o" "../src/main.c"
In file included from ../src/include/test_kem.h:16,
                 from ../src/include/global_def.h:35,
                 from ../src/main.c:30:
../src/include/global_def.h:176:1: warning: multi-line comment [-Wcomment]
 //#define print_debug(debugLevel, ...) \
 ^
In file included from ../src/main.c:30:
../src/include/global_def.h:176:1: warning: multi-line comment [-Wcomment]
 //#define print_debug(debugLevel, ...) \
 ^
In file included from ../src/main.c:30:
../src/main.c: In function 'main':
../src/include/global_def.h:185:11: warning: format '%d' expects argument of type 'int', but argument 6 has type 'uint32_t' {aka 'long unsigned int'} [-Wformat=]
    printf("%s:%d:%s() | " fmt, __FILE__, __LINE__, __func__, ## __VA_ARGS__); \
           ^~~~~~~~~~~~~~~
../src/main.c:556:6: note: in expansion of macro 'print_debug'
      print_debug(DEBUG_MAIN, "[%d] Changing key at every second %d.\r\n", i, clientStruct[i].u32ChangeKeySec);
      ^~~~~~~~~~~
../src/main.c:556:66: note: format string is defined here
      print_debug(DEBUG_MAIN, "[%d] Changing key at every second %d.\r\n", i, clientStruct[i].u32ChangeKeySec);
                                                                 ~^
                                                                 %ld
In file included from ../src/main.c:30:
../src/include/global_def.h:185:11: warning: format '%d' expects a matching 'int' argument [-Wformat=]
    printf("%s:%d:%s() | " fmt, __FILE__, __LINE__, __func__, ## __VA_ARGS__); \
           ^~~~~~~~~~~~~~~
../src/main.c:601:6: note: in expansion of macro 'print_debug'
      print_debug(DEBUG_MAIN, "[%d] Decapsulated...\r\n");
      ^~~~~~~~~~~
../src/main.c:601:33: note: format string is defined here
      print_debug(DEBUG_MAIN, "[%d] Decapsulated...\r\n");
                                ~^
Finished building: ../src/main.c
 
Building target: kyber-server.elf
Invoking: ARM v7 gcc linker
arm-none-eabi-gcc -mcpu=cortex-a9 -mfpu=vfpv3 -mfloat-abi=hard -Wl,-build-id=none -specs=Xilinx.spec -Wl,-T -Wl,../src/lscript.ld -L../../kyber-server_bsp/ps7_cortexa9_0/lib -o "kyber-server.elf"  ./src/include/aes256ctr.o ./src/include/aes256gcm.o ./src/include/cbd.o ./src/include/fips202.o ./src/include/global_func.o ./src/include/indcpa.o ./src/include/kem.o ./src/include/ntt.o ./src/include/poly.o ./src/include/polyvec.o ./src/include/randombytes.o ./src/include/reduce.o ./src/include/sha256.o ./src/include/sha512.o ./src/include/symmetric-aes.o ./src/include/symmetric-shake.o ./src/include/test_kem.o ./src/include/verify.o ./src/include/weg_smw3000.o  ./src/i2c_access.o ./src/iic_phyreset.o ./src/main.o ./src/platform.o ./src/platform_mb.o ./src/platform_zynq.o ./src/platform_zynqmp.o ./src/sfp.o ./src/si5324.o ./src/tcp_perf_server.o   -Wl,--start-group,-lxil,-lgcc,-lc,--end-group -Wl,--start-group,-lxil,-llwip4,-lgcc,-lc,--end-group
Finished building target: kyber-server.elf
 
Invoking: ARM v7 Print Size
arm-none-eabi-size kyber-server.elf  |tee "kyber-server.elf.size"
   text	   data	    bss	    dec	    hex	filename
 447536	   3776	31578416	32029728	1e8bc20	kyber-server.elf
Finished building: kyber-server.elf.size
 
12:12:06 **** Incremental Build of configuration Debug for project kyber-client ****
make pre-build main-build 
a9-linaro-pre-build-step
 
make: Nothing to be done for 'main-build'.
12:12:28 **** Incremental Build of configuration Debug for project kyber-server ****
make pre-build main-build 
a9-linaro-pre-build-step
 
make: Nothing to be done for 'main-build'.
12:14:24 **** Incremental Build of configuration Debug for project kyber-client ****
make pre-build main-build 
a9-linaro-pre-build-step
 
make: Nothing to be done for 'main-build'.
12:14:55 **** Incremental Build of configuration Debug for project kyber-server ****
make pre-build main-build 
a9-linaro-pre-build-step
 
make: Nothing to be done for 'main-build'.
12:33:21 **** Incremental Build of configuration Debug for project kyber-server ****
make pre-build main-build 
a9-linaro-pre-build-step
 
Building file: ../src/tcp_perf_server.c
Invoking: ARM v7 gcc compiler
arm-none-eabi-gcc -Wall -O0 -g3 -c -fmessage-length=0 -MT"src/tcp_perf_server.o" -mcpu=cortex-a9 -mfpu=vfpv3 -mfloat-abi=hard -I../../kyber-server_bsp/ps7_cortexa9_0/include -MMD -MP -MF"src/tcp_perf_server.d" -MT"src/tcp_perf_server.o" -o "src/tcp_perf_server.o" "../src/tcp_perf_server.c"
In file included from ../src/include/test_kem.h:16,
                 from ../src/include/global_def.h:35,
                 from ../src/tcp_perf_server.h:32,
                 from ../src/tcp_perf_server.c:31:
../src/include/global_def.h:176:1: warning: multi-line comment [-Wcomment]
 //#define print_debug(debugLevel, ...) \
 ^
In file included from ../src/tcp_perf_server.h:32,
                 from ../src/tcp_perf_server.c:31:
../src/include/global_def.h:176:1: warning: multi-line comment [-Wcomment]
 //#define print_debug(debugLevel, ...) \
 ^
../src/tcp_perf_server.c:360:14: warning: 'tcp_recv_perf_traffic' defined but not used [-Wunused-function]
 static err_t tcp_recv_perf_traffic(void *arg, struct tcp_pcb *tpcb,
              ^~~~~~~~~~~~~~~~~~~~~
Finished building: ../src/tcp_perf_server.c
 
Building target: kyber-server.elf
Invoking: ARM v7 gcc linker
arm-none-eabi-gcc -mcpu=cortex-a9 -mfpu=vfpv3 -mfloat-abi=hard -Wl,-build-id=none -specs=Xilinx.spec -Wl,-T -Wl,../src/lscript.ld -L../../kyber-server_bsp/ps7_cortexa9_0/lib -o "kyber-server.elf"  ./src/include/aes256ctr.o ./src/include/aes256gcm.o ./src/include/cbd.o ./src/include/fips202.o ./src/include/global_func.o ./src/include/indcpa.o ./src/include/kem.o ./src/include/ntt.o ./src/include/poly.o ./src/include/polyvec.o ./src/include/randombytes.o ./src/include/reduce.o ./src/include/sha256.o ./src/include/sha512.o ./src/include/symmetric-aes.o ./src/include/symmetric-shake.o ./src/include/test_kem.o ./src/include/verify.o ./src/include/weg_smw3000.o  ./src/i2c_access.o ./src/iic_phyreset.o ./src/main.o ./src/platform.o ./src/platform_mb.o ./src/platform_zynq.o ./src/platform_zynqmp.o ./src/sfp.o ./src/si5324.o ./src/tcp_perf_server.o   -Wl,--start-group,-lxil,-lgcc,-lc,--end-group -Wl,--start-group,-lxil,-llwip4,-lgcc,-lc,--end-group
Finished building target: kyber-server.elf
 
Invoking: ARM v7 Print Size
arm-none-eabi-size kyber-server.elf  |tee "kyber-server.elf.size"
   text	   data	    bss	    dec	    hex	filename
 447652	   3776	31578416	32029844	1e8bc94	kyber-server.elf
Finished building: kyber-server.elf.size
 
12:39:57 **** Incremental Build of configuration Debug for project kyber-server ****
make pre-build main-build 
a9-linaro-pre-build-step
 
Building file: ../src/main.c
Invoking: ARM v7 gcc compiler
arm-none-eabi-gcc -Wall -O0 -g3 -c -fmessage-length=0 -MT"src/main.o" -mcpu=cortex-a9 -mfpu=vfpv3 -mfloat-abi=hard -I../../kyber-server_bsp/ps7_cortexa9_0/include -MMD -MP -MF"src/main.d" -MT"src/main.o" -o "src/main.o" "../src/main.c"
In file included from ../src/include/test_kem.h:16,
                 from ../src/include/global_def.h:35,
                 from ../src/main.c:30:
../src/include/global_def.h:176:1: warning: multi-line comment [-Wcomment]
 //#define print_debug(debugLevel, ...) \
 ^
In file included from ../src/main.c:30:
../src/include/global_def.h:176:1: warning: multi-line comment [-Wcomment]
 //#define print_debug(debugLevel, ...) \
 ^
In file included from ../src/main.c:30:
../src/main.c: In function 'main':
../src/include/global_def.h:185:11: warning: format '%d' expects argument of type 'int', but argument 6 has type 'uint32_t' {aka 'long unsigned int'} [-Wformat=]
    printf("%s:%d:%s() | " fmt, __FILE__, __LINE__, __func__, ## __VA_ARGS__); \
           ^~~~~~~~~~~~~~~
../src/main.c:556:6: note: in expansion of macro 'print_debug'
      print_debug(DEBUG_MAIN, "[%d] Changing key at every second %d.\r\n", i, clientStruct[i].u32ChangeKeySec);
      ^~~~~~~~~~~
../src/main.c:556:66: note: format string is defined here
      print_debug(DEBUG_MAIN, "[%d] Changing key at every second %d.\r\n", i, clientStruct[i].u32ChangeKeySec);
                                                                 ~^
                                                                 %ld
Finished building: ../src/main.c
 
Building file: ../src/tcp_perf_server.c
Invoking: ARM v7 gcc compiler
arm-none-eabi-gcc -Wall -O0 -g3 -c -fmessage-length=0 -MT"src/tcp_perf_server.o" -mcpu=cortex-a9 -mfpu=vfpv3 -mfloat-abi=hard -I../../kyber-server_bsp/ps7_cortexa9_0/include -MMD -MP -MF"src/tcp_perf_server.d" -MT"src/tcp_perf_server.o" -o "src/tcp_perf_server.o" "../src/tcp_perf_server.c"
In file included from ../src/include/test_kem.h:16,
                 from ../src/include/global_def.h:35,
                 from ../src/tcp_perf_server.h:32,
                 from ../src/tcp_perf_server.c:31:
../src/include/global_def.h:176:1: warning: multi-line comment [-Wcomment]
 //#define print_debug(debugLevel, ...) \
 ^
In file included from ../src/tcp_perf_server.h:32,
                 from ../src/tcp_perf_server.c:31:
../src/include/global_def.h:176:1: warning: multi-line comment [-Wcomment]
 //#define print_debug(debugLevel, ...) \
 ^
../src/tcp_perf_server.c:359:14: warning: 'tcp_recv_perf_traffic' defined but not used [-Wunused-function]
 static err_t tcp_recv_perf_traffic(void *arg, struct tcp_pcb *tpcb,
              ^~~~~~~~~~~~~~~~~~~~~
Finished building: ../src/tcp_perf_server.c
 
Building target: kyber-server.elf
Invoking: ARM v7 gcc linker
arm-none-eabi-gcc -mcpu=cortex-a9 -mfpu=vfpv3 -mfloat-abi=hard -Wl,-build-id=none -specs=Xilinx.spec -Wl,-T -Wl,../src/lscript.ld -L../../kyber-server_bsp/ps7_cortexa9_0/lib -o "kyber-server.elf"  ./src/include/aes256ctr.o ./src/include/aes256gcm.o ./src/include/cbd.o ./src/include/fips202.o ./src/include/global_func.o ./src/include/indcpa.o ./src/include/kem.o ./src/include/ntt.o ./src/include/poly.o ./src/include/polyvec.o ./src/include/randombytes.o ./src/include/reduce.o ./src/include/sha256.o ./src/include/sha512.o ./src/include/symmetric-aes.o ./src/include/symmetric-shake.o ./src/include/test_kem.o ./src/include/verify.o ./src/include/weg_smw3000.o  ./src/i2c_access.o ./src/iic_phyreset.o ./src/main.o ./src/platform.o ./src/platform_mb.o ./src/platform_zynq.o ./src/platform_zynqmp.o ./src/sfp.o ./src/si5324.o ./src/tcp_perf_server.o   -Wl,--start-group,-lxil,-lgcc,-lc,--end-group -Wl,--start-group,-lxil,-llwip4,-lgcc,-lc,--end-group
Finished building target: kyber-server.elf
 
Invoking: ARM v7 Print Size
arm-none-eabi-size kyber-server.elf  |tee "kyber-server.elf.size"
   text	   data	    bss	    dec	    hex	filename
 447536	   3776	31578416	32029728	1e8bc20	kyber-server.elf
Finished building: kyber-server.elf.size
 
