22:51:00 **** Incremental Build of configuration Debug for project kyber-server ****
make pre-build main-build 
a9-linaro-pre-build-step
 
make: Nothing to be done for 'main-build'.
22:51:21 **** Incremental Build of configuration Debug for project kyber-server ****
make pre-build main-build 
a9-linaro-pre-build-step
 
Building file: ../src/main.c
Invoking: ARM v7 gcc compiler
arm-none-eabi-gcc -Wall -O0 -g3 -c -fmessage-length=0 -MT"src/main.o" -mcpu=cortex-a9 -mfpu=vfpv3 -mfloat-abi=hard -I../../kyber-server_bsp/ps7_cortexa9_0/include -MMD -MP -MF"src/main.d" -MT"src/main.o" -o "src/main.o" "../src/main.c"
In file included from ../src/include/test_kem.h:16,
                 from ../src/include/global_def.h:35,
                 from ../src/main.c:30:
../src/include/global_def.h:176:1: warning: multi-line comment [-Wcomment]
 //#define print_debug(debugLevel, ...) \
 ^
In file included from ../src/main.c:30:
../src/include/global_def.h:176:1: warning: multi-line comment [-Wcomment]
 //#define print_debug(debugLevel, ...) \
 ^
In file included from ../src/main.c:30:
../src/main.c: In function 'main':
../src/include/global_def.h:185:11: warning: format '%d' expects argument of type 'int', but argument 6 has type 'uint32_t' {aka 'long unsigned int'} [-Wformat=]
    printf("%s:%d:%s() | " fmt, __FILE__, __LINE__, __func__, ## __VA_ARGS__); \
           ^~~~~~~~~~~~~~~
../src/main.c:554:6: note: in expansion of macro 'print_debug'
      print_debug(DEBUG_MAIN, "[%d] Changing key at every second %d.\r\n", i, clientStruct[i].u32ChangeKeySec);
      ^~~~~~~~~~~
../src/main.c:554:66: note: format string is defined here
      print_debug(DEBUG_MAIN, "[%d] Changing key at every second %d.\r\n", i, clientStruct[i].u32ChangeKeySec);
                                                                 ~^
                                                                 %ld
Finished building: ../src/main.c
 
Building target: kyber-server.elf
Invoking: ARM v7 gcc linker
arm-none-eabi-gcc -mcpu=cortex-a9 -mfpu=vfpv3 -mfloat-abi=hard -Wl,-build-id=none -specs=Xilinx.spec -Wl,-T -Wl,../src/lscript.ld -L../../kyber-server_bsp/ps7_cortexa9_0/lib -o "kyber-server.elf"  ./src/include/aes256ctr.o ./src/include/aes256gcm.o ./src/include/cbd.o ./src/include/fips202.o ./src/include/global_func.o ./src/include/indcpa.o ./src/include/kem.o ./src/include/ntt.o ./src/include/poly.o ./src/include/polyvec.o ./src/include/randombytes.o ./src/include/reduce.o ./src/include/sha256.o ./src/include/sha512.o ./src/include/symmetric-aes.o ./src/include/symmetric-shake.o ./src/include/test_kem.o ./src/include/verify.o ./src/include/weg_smw3000.o  ./src/i2c_access.o ./src/iic_phyreset.o ./src/main.o ./src/platform.o ./src/platform_mb.o ./src/platform_zynq.o ./src/platform_zynqmp.o ./src/sfp.o ./src/si5324.o ./src/tcp_perf_server.o   -Wl,--start-group,-lxil,-lgcc,-lc,--end-group -Wl,--start-group,-lxil,-llwip4,-lgcc,-lc,--end-group
Finished building target: kyber-server.elf
 
Invoking: ARM v7 Print Size
arm-none-eabi-size kyber-server.elf  |tee "kyber-server.elf.size"
   text	   data	    bss	    dec	    hex	filename
 452416	   3776	31578400	32034592	1e8cf20	kyber-server.elf
Finished building: kyber-server.elf.size
 
22:53:16 **** Incremental Build of configuration Debug for project kyber-client ****
make pre-build main-build 
a9-linaro-pre-build-step
 
make: Nothing to be done for 'main-build'.
23:16:35 **** Incremental Build of configuration Debug for project kyber-server ****
make pre-build main-build 
a9-linaro-pre-build-step
 
make: Nothing to be done for 'main-build'.
23:17:05 **** Incremental Build of configuration Debug for project kyber-server ****
make pre-build main-build 
a9-linaro-pre-build-step
 
make: Nothing to be done for 'main-build'.
23:17:37 **** Incremental Build of configuration Debug for project kyber-client ****
make pre-build main-build 
a9-linaro-pre-build-step
 
Building file: ../src/tcp_perf_client.c
Invoking: ARM v7 gcc compiler
arm-none-eabi-gcc -Wall -O0 -g3 -c -fmessage-length=0 -MT"src/tcp_perf_client.o" -mcpu=cortex-a9 -mfpu=vfpv3 -mfloat-abi=hard -I../../kyber-client_bsp/ps7_cortexa9_0/include -MMD -MP -MF"src/tcp_perf_client.d" -MT"src/tcp_perf_client.o" -o "src/tcp_perf_client.o" "../src/tcp_perf_client.c"
In file included from ../src/include/test_kem.h:16,
                 from ../src/include/global_def.h:35,
                 from ../src/tcp_perf_client.c:32:
../src/include/global_def.h:195:1: warning: multi-line comment [-Wcomment]
 //#define print_debug(debugLevel, ...) \
 ^
In file included from ../src/tcp_perf_client.c:32:
../src/include/global_def.h:195:1: warning: multi-line comment [-Wcomment]
 //#define print_debug(debugLevel, ...) \
 ^
../src/tcp_perf_client.c: In function 'tcp_send_perf_traffic':
../src/include/global_def.h:204:11: warning: format '%llu' expects argument of type 'long long unsigned int', but argument 5 has type 'int' [-Wformat=]
    printf("%s:%d:%s() | " fmt, __FILE__, __LINE__, __func__, ## __VA_ARGS__); \
           ^~~~~~~~~~~~~~~
../src/tcp_perf_client.c:214:2: note: in expansion of macro 'print_debug'
  print_debug(DEBUG_ETH, "Writing data length: %llu\n\r", TCP_SEND_BUFSIZE);
  ^~~~~~~~~~~
../src/tcp_perf_client.c:214:50: note: format string is defined here
  print_debug(DEBUG_ETH, "Writing data length: %llu\n\r", TCP_SEND_BUFSIZE);
                                               ~~~^
                                               %u
Finished building: ../src/tcp_perf_client.c
 
Building target: kyber-client.elf
Invoking: ARM v7 gcc linker
arm-none-eabi-gcc -mcpu=cortex-a9 -mfpu=vfpv3 -mfloat-abi=hard -Wl,-build-id=none -specs=Xilinx.spec -Wl,-T -Wl,../src/lscript.ld -L../../kyber-client_bsp/ps7_cortexa9_0/lib -o "kyber-client.elf"  ./src/include/aes256ctr.o ./src/include/aes256gcm.o ./src/include/cbd.o ./src/include/fips202.o ./src/include/global_func.o ./src/include/indcpa.o ./src/include/kem.o ./src/include/ntt.o ./src/include/poly.o ./src/include/polyvec.o ./src/include/randombytes.o ./src/include/reduce.o ./src/include/sha256.o ./src/include/sha512.o ./src/include/symmetric-aes.o ./src/include/symmetric-shake.o ./src/include/test_kem.o ./src/include/verify.o ./src/include/weg_smw3000.o  ./src/i2c_access.o ./src/iic_phyreset.o ./src/main.o ./src/platform.o ./src/platform_mb.o ./src/platform_zynq.o ./src/platform_zynqmp.o ./src/sfp.o ./src/si5324.o ./src/tcp_perf_client.o   -Wl,--start-group,-lxil,-lgcc,-lc,--end-group -Wl,--start-group,-lxil,-llwip4,-lgcc,-lc,--end-group
Finished building target: kyber-client.elf
 
Invoking: ARM v7 Print Size
arm-none-eabi-size kyber-client.elf  |tee "kyber-client.elf.size"
   text	   data	    bss	    dec	    hex	filename
 450200	   3808	31578400	32032408	1e8c698	kyber-client.elf
Finished building: kyber-client.elf.size
 
23:24:40 **** Incremental Build of configuration Debug for project kyber-server ****
make pre-build main-build 
a9-linaro-pre-build-step
 
make: Nothing to be done for 'main-build'.
23:25:15 **** Incremental Build of configuration Debug for project kyber-client ****
make pre-build main-build 
a9-linaro-pre-build-step
 
make: Nothing to be done for 'main-build'.
23:26:18 **** Incremental Build of configuration Debug for project kyber-client ****
make pre-build main-build 
a9-linaro-pre-build-step
 
make: Nothing to be done for 'main-build'.
23:26:49 **** Incremental Build of configuration Debug for project kyber-server ****
make pre-build main-build 
a9-linaro-pre-build-step
 
make: Nothing to be done for 'main-build'.
23:27:29 **** Incremental Build of configuration Debug for project kyber-client ****
make pre-build main-build 
a9-linaro-pre-build-step
 
make: Nothing to be done for 'main-build'.
