10:21:42 **** Incremental Build of configuration Debug for project kyber-fpga ****
make pre-build main-build 
a9-linaro-pre-build-step
 
Building file: ../src/include/fips202.c
Invoking: ARM v7 gcc compiler
arm-none-eabi-gcc -Wall -O0 -g3 -c -fmessage-length=0 -MT"src/include/fips202.o" -mcpu=cortex-a9 -mfpu=vfpv3 -mfloat-abi=hard -I../../kyber-fpga_bsp/ps7_cortexa9_0/include -MMD -MP -MF"src/include/fips202.d" -MT"src/include/fips202.o" -o "src/include/fips202.o" "../src/include/fips202.c"
In file included from ../src/include/test_kem.h:16,
                 from ../src/include/global_def.h:31,
                 from ../src/include/fips202.h:6,
                 from ../src/include/fips202.c:8:
../src/include/global_def.h:161:1: warning: multi-line comment [-Wcomment]
 //#warning CHECK FOR THE VALID DDR ADDRESS IN XPARAMETERS.H, \
 ^
In file included from ../src/include/fips202.h:6,
                 from ../src/include/fips202.c:8:
../src/include/global_def.h:161:1: warning: multi-line comment [-Wcomment]
 //#warning CHECK FOR THE VALID DDR ADDRESS IN XPARAMETERS.H, \
 ^
Finished building: ../src/include/fips202.c
 
Building file: ../src/include/global_func.c
Invoking: ARM v7 gcc compiler
arm-none-eabi-gcc -Wall -O0 -g3 -c -fmessage-length=0 -MT"src/include/global_func.o" -mcpu=cortex-a9 -mfpu=vfpv3 -mfloat-abi=hard -I../../kyber-fpga_bsp/ps7_cortexa9_0/include -MMD -MP -MF"src/include/global_func.d" -MT"src/include/global_func.o" -o "src/include/global_func.o" "../src/include/global_func.c"
In file included from ../src/include/test_kem.h:16,
                 from ../src/include/global_def.h:31,
                 from ../src/include/global_func.c:8:
../src/include/global_def.h:161:1: warning: multi-line comment [-Wcomment]
 //#warning CHECK FOR THE VALID DDR ADDRESS IN XPARAMETERS.H, \
 ^
In file included from ../src/include/global_func.c:8:
../src/include/global_def.h:161:1: warning: multi-line comment [-Wcomment]
 //#warning CHECK FOR THE VALID DDR ADDRESS IN XPARAMETERS.H, \
 ^
Finished building: ../src/include/global_func.c
 
Building file: ../src/include/indcpa.c
Invoking: ARM v7 gcc compiler
arm-none-eabi-gcc -Wall -O0 -g3 -c -fmessage-length=0 -MT"src/include/indcpa.o" -mcpu=cortex-a9 -mfpu=vfpv3 -mfloat-abi=hard -I../../kyber-fpga_bsp/ps7_cortexa9_0/include -MMD -MP -MF"src/include/indcpa.d" -MT"src/include/indcpa.o" -o "src/include/indcpa.o" "../src/include/indcpa.c"
In file included from ../src/include/test_kem.h:16,
                 from ../src/include/global_def.h:31,
                 from ../src/include/polyvec.h:7,
                 from ../src/include/indcpa.h:6,
                 from ../src/include/indcpa.c:4:
../src/include/global_def.h:161:1: warning: multi-line comment [-Wcomment]
 //#warning CHECK FOR THE VALID DDR ADDRESS IN XPARAMETERS.H, \
 ^
In file included from ../src/include/polyvec.h:7,
                 from ../src/include/indcpa.h:6,
                 from ../src/include/indcpa.c:4:
../src/include/global_def.h:161:1: warning: multi-line comment [-Wcomment]
 //#warning CHECK FOR THE VALID DDR ADDRESS IN XPARAMETERS.H, \
 ^
Finished building: ../src/include/indcpa.c
 
Building file: ../src/include/kem.c
Invoking: ARM v7 gcc compiler
arm-none-eabi-gcc -Wall -O0 -g3 -c -fmessage-length=0 -MT"src/include/kem.o" -mcpu=cortex-a9 -mfpu=vfpv3 -mfloat-abi=hard -I../../kyber-fpga_bsp/ps7_cortexa9_0/include -MMD -MP -MF"src/include/kem.d" -MT"src/include/kem.o" -o "src/include/kem.o" "../src/include/kem.c"
In file included from ../src/include/test_kem.h:16,
                 from ../src/include/global_def.h:31,
                 from ../src/include/polyvec.h:7,
                 from ../src/include/indcpa.h:6,
                 from ../src/include/kem.c:5:
../src/include/global_def.h:161:1: warning: multi-line comment [-Wcomment]
 //#warning CHECK FOR THE VALID DDR ADDRESS IN XPARAMETERS.H, \
 ^
In file included from ../src/include/polyvec.h:7,
                 from ../src/include/indcpa.h:6,
                 from ../src/include/kem.c:5:
../src/include/global_def.h:161:1: warning: multi-line comment [-Wcomment]
 //#warning CHECK FOR THE VALID DDR ADDRESS IN XPARAMETERS.H, \
 ^
Finished building: ../src/include/kem.c
 
Building file: ../src/include/ntt.c
Invoking: ARM v7 gcc compiler
arm-none-eabi-gcc -Wall -O0 -g3 -c -fmessage-length=0 -MT"src/include/ntt.o" -mcpu=cortex-a9 -mfpu=vfpv3 -mfloat-abi=hard -I../../kyber-fpga_bsp/ps7_cortexa9_0/include -MMD -MP -MF"src/include/ntt.d" -MT"src/include/ntt.o" -o "src/include/ntt.o" "../src/include/ntt.c"
In file included from ../src/include/test_kem.h:16,
                 from ../src/include/global_def.h:31,
                 from ../src/include/reduce.h:6,
                 from ../src/include/ntt.c:4:
../src/include/global_def.h:161:1: warning: multi-line comment [-Wcomment]
 //#warning CHECK FOR THE VALID DDR ADDRESS IN XPARAMETERS.H, \
 ^
In file included from ../src/include/reduce.h:6,
                 from ../src/include/ntt.c:4:
../src/include/global_def.h:161:1: warning: multi-line comment [-Wcomment]
 //#warning CHECK FOR THE VALID DDR ADDRESS IN XPARAMETERS.H, \
 ^
Finished building: ../src/include/ntt.c
 
Building file: ../src/include/poly.c
Invoking: ARM v7 gcc compiler
arm-none-eabi-gcc -Wall -O0 -g3 -c -fmessage-length=0 -MT"src/include/poly.o" -mcpu=cortex-a9 -mfpu=vfpv3 -mfloat-abi=hard -I../../kyber-fpga_bsp/ps7_cortexa9_0/include -MMD -MP -MF"src/include/poly.d" -MT"src/include/poly.o" -o "src/include/poly.o" "../src/include/poly.c"
In file included from ../src/include/test_kem.h:16,
                 from ../src/include/global_def.h:31,
                 from ../src/include/reduce.h:6,
                 from ../src/include/poly.c:5:
../src/include/global_def.h:161:1: warning: multi-line comment [-Wcomment]
 //#warning CHECK FOR THE VALID DDR ADDRESS IN XPARAMETERS.H, \
 ^
In file included from ../src/include/reduce.h:6,
                 from ../src/include/poly.c:5:
../src/include/global_def.h:161:1: warning: multi-line comment [-Wcomment]
 //#warning CHECK FOR THE VALID DDR ADDRESS IN XPARAMETERS.H, \
 ^
Finished building: ../src/include/poly.c
 
Building file: ../src/include/polyvec.c
Invoking: ARM v7 gcc compiler
arm-none-eabi-gcc -Wall -O0 -g3 -c -fmessage-length=0 -MT"src/include/polyvec.o" -mcpu=cortex-a9 -mfpu=vfpv3 -mfloat-abi=hard -I../../kyber-fpga_bsp/ps7_cortexa9_0/include -MMD -MP -MF"src/include/polyvec.d" -MT"src/include/polyvec.o" -o "src/include/polyvec.o" "../src/include/polyvec.c"
In file included from ../src/include/test_kem.h:16,
                 from ../src/include/global_def.h:31,
                 from ../src/include/polyvec.h:7,
                 from ../src/include/polyvec.c:4:
../src/include/global_def.h:161:1: warning: multi-line comment [-Wcomment]
 //#warning CHECK FOR THE VALID DDR ADDRESS IN XPARAMETERS.H, \
 ^
In file included from ../src/include/polyvec.h:7,
                 from ../src/include/polyvec.c:4:
../src/include/global_def.h:161:1: warning: multi-line comment [-Wcomment]
 //#warning CHECK FOR THE VALID DDR ADDRESS IN XPARAMETERS.H, \
 ^
Finished building: ../src/include/polyvec.c
 
Building file: ../src/include/reduce.c
Invoking: ARM v7 gcc compiler
arm-none-eabi-gcc -Wall -O0 -g3 -c -fmessage-length=0 -MT"src/include/reduce.o" -mcpu=cortex-a9 -mfpu=vfpv3 -mfloat-abi=hard -I../../kyber-fpga_bsp/ps7_cortexa9_0/include -MMD -MP -MF"src/include/reduce.d" -MT"src/include/reduce.o" -o "src/include/reduce.o" "../src/include/reduce.c"
In file included from ../src/include/test_kem.h:16,
                 from ../src/include/global_def.h:31,
                 from ../src/include/reduce.h:6,
                 from ../src/include/reduce.c:3:
../src/include/global_def.h:161:1: warning: multi-line comment [-Wcomment]
 //#warning CHECK FOR THE VALID DDR ADDRESS IN XPARAMETERS.H, \
 ^
In file included from ../src/include/reduce.h:6,
                 from ../src/include/reduce.c:3:
../src/include/global_def.h:161:1: warning: multi-line comment [-Wcomment]
 //#warning CHECK FOR THE VALID DDR ADDRESS IN XPARAMETERS.H, \
 ^
Finished building: ../src/include/reduce.c
 
Building file: ../src/include/symmetric-aes.c
Invoking: ARM v7 gcc compiler
arm-none-eabi-gcc -Wall -O0 -g3 -c -fmessage-length=0 -MT"src/include/symmetric-aes.o" -mcpu=cortex-a9 -mfpu=vfpv3 -mfloat-abi=hard -I../../kyber-fpga_bsp/ps7_cortexa9_0/include -MMD -MP -MF"src/include/symmetric-aes.d" -MT"src/include/symmetric-aes.o" -o "src/include/symmetric-aes.o" "../src/include/symmetric-aes.c"
In file included from ../src/include/test_kem.h:16,
                 from ../src/include/global_def.h:31,
                 from ../src/include/fips202.h:6,
                 from ../src/include/symmetric.h:36,
                 from ../src/include/symmetric-aes.c:4:
../src/include/global_def.h:161:1: warning: multi-line comment [-Wcomment]
 //#warning CHECK FOR THE VALID DDR ADDRESS IN XPARAMETERS.H, \
 ^
In file included from ../src/include/fips202.h:6,
                 from ../src/include/symmetric.h:36,
                 from ../src/include/symmetric-aes.c:4:
../src/include/global_def.h:161:1: warning: multi-line comment [-Wcomment]
 //#warning CHECK FOR THE VALID DDR ADDRESS IN XPARAMETERS.H, \
 ^
Finished building: ../src/include/symmetric-aes.c
 
Building file: ../src/include/symmetric-shake.c
Invoking: ARM v7 gcc compiler
arm-none-eabi-gcc -Wall -O0 -g3 -c -fmessage-length=0 -MT"src/include/symmetric-shake.o" -mcpu=cortex-a9 -mfpu=vfpv3 -mfloat-abi=hard -I../../kyber-fpga_bsp/ps7_cortexa9_0/include -MMD -MP -MF"src/include/symmetric-shake.d" -MT"src/include/symmetric-shake.o" -o "src/include/symmetric-shake.o" "../src/include/symmetric-shake.c"
In file included from ../src/include/test_kem.h:16,
                 from ../src/include/global_def.h:31,
                 from ../src/include/fips202.h:6,
                 from ../src/include/symmetric.h:36,
                 from ../src/include/symmetric-shake.c:5:
../src/include/global_def.h:161:1: warning: multi-line comment [-Wcomment]
 //#warning CHECK FOR THE VALID DDR ADDRESS IN XPARAMETERS.H, \
 ^
In file included from ../src/include/fips202.h:6,
                 from ../src/include/symmetric.h:36,
                 from ../src/include/symmetric-shake.c:5:
../src/include/global_def.h:161:1: warning: multi-line comment [-Wcomment]
 //#warning CHECK FOR THE VALID DDR ADDRESS IN XPARAMETERS.H, \
 ^
Finished building: ../src/include/symmetric-shake.c
 
Building file: ../src/include/test_kem.c
Invoking: ARM v7 gcc compiler
arm-none-eabi-gcc -Wall -O0 -g3 -c -fmessage-length=0 -MT"src/include/test_kem.o" -mcpu=cortex-a9 -mfpu=vfpv3 -mfloat-abi=hard -I../../kyber-fpga_bsp/ps7_cortexa9_0/include -MMD -MP -MF"src/include/test_kem.d" -MT"src/include/test_kem.o" -o "src/include/test_kem.o" "../src/include/test_kem.c"
In file included from ../src/include/reduce.h:6,
                 from ../src/include/global_def.h:33,
                 from ../src/include/test_kem.h:16,
                 from ../src/include/test_kem.c:9:
../src/include/global_def.h:161:1: warning: multi-line comment [-Wcomment]
 //#warning CHECK FOR THE VALID DDR ADDRESS IN XPARAMETERS.H, \
 ^
In file included from ../src/include/test_kem.h:16,
                 from ../src/include/test_kem.c:9:
../src/include/global_def.h:161:1: warning: multi-line comment [-Wcomment]
 //#warning CHECK FOR THE VALID DDR ADDRESS IN XPARAMETERS.H, \
 ^
Finished building: ../src/include/test_kem.c
 
Building file: ../src/main.c
Invoking: ARM v7 gcc compiler
arm-none-eabi-gcc -Wall -O0 -g3 -c -fmessage-length=0 -MT"src/main.o" -mcpu=cortex-a9 -mfpu=vfpv3 -mfloat-abi=hard -I../../kyber-fpga_bsp/ps7_cortexa9_0/include -MMD -MP -MF"src/main.d" -MT"src/main.o" -o "src/main.o" "../src/main.c"
In file included from ../src/include/test_kem.h:16,
                 from ../src/include/global_def.h:31,
                 from ../src/main.c:54:
../src/include/global_def.h:161:1: warning: multi-line comment [-Wcomment]
 //#warning CHECK FOR THE VALID DDR ADDRESS IN XPARAMETERS.H, \
 ^
In file included from ../src/main.c:54:
../src/include/global_def.h:161:1: warning: multi-line comment [-Wcomment]
 //#warning CHECK FOR THE VALID DDR ADDRESS IN XPARAMETERS.H, \
 ^
Finished building: ../src/main.c
 
Building target: kyber-fpga.elf
Invoking: ARM v7 gcc linker
arm-none-eabi-gcc -mcpu=cortex-a9 -mfpu=vfpv3 -mfloat-abi=hard -Wl,-build-id=none -specs=Xilinx.spec -Wl,-T -Wl,../src/lscript.ld -L../../kyber-fpga_bsp/ps7_cortexa9_0/lib -o "kyber-fpga.elf"  ./src/include/aes256ctr.o ./src/include/cbd.o ./src/include/fips202.o ./src/include/global_func.o ./src/include/indcpa.o ./src/include/kem.o ./src/include/ntt.o ./src/include/poly.o ./src/include/polyvec.o ./src/include/randombytes.o ./src/include/reduce.o ./src/include/sha256.o ./src/include/sha512.o ./src/include/symmetric-aes.o ./src/include/symmetric-shake.o ./src/include/test_kem.o ./src/include/verify.o  ./src/main.o ./src/platform.o   -Wl,--start-group,-lxil,-lgcc,-lc,--end-group
Finished building target: kyber-fpga.elf
 
Invoking: ARM v7 Print Size
arm-none-eabi-size kyber-fpga.elf  |tee "kyber-fpga.elf.size"
   text	   data	    bss	    dec	    hex	filename
 324548	   2768	4203264	4530580	 452194	kyber-fpga.elf
Finished building: kyber-fpga.elf.size
 
