20:49:04 **** Build of project kyber-server_bsp ****
make -k all 
"Running Make include in ps7_cortexa9_0/libsrc/axidma_v9_9/src"
make -C ps7_cortexa9_0/libsrc/axidma_v9_9/src -s include  "SHELL=CMD" "COMPILER=arm-none-eabi-gcc" "ARCHIVER=arm-none-eabi-ar" "COMPILER_FLAGS=  -O2 -c" "EXTRA_COMPILER_FLAGS=-mcpu=cortex-a9 -mfpu=vfpv3 -mfloat-abi=hard -nostartfiles -g -Wall -Wextra"
"Running Make include in ps7_cortexa9_0/libsrc/coresightps_dcc_v1_5/src"
make -C ps7_cortexa9_0/libsrc/coresightps_dcc_v1_5/src -s include  "SHELL=CMD" "COMPILER=arm-none-eabi-gcc" "ARCHIVER=arm-none-eabi-ar" "COMPILER_FLAGS=  -O2 -c" "EXTRA_COMPILER_FLAGS=-mcpu=cortex-a9 -mfpu=vfpv3 -mfloat-abi=hard -nostartfiles -g -Wall -Wextra"
"Running Make include in ps7_cortexa9_0/libsrc/cpu_cortexa9_v2_7/src"
make -C ps7_cortexa9_0/libsrc/cpu_cortexa9_v2_7/src -s include  "SHELL=CMD" "COMPILER=arm-none-eabi-gcc" "ARCHIVER=arm-none-eabi-ar" "COMPILER_FLAGS=  -O2 -c" "EXTRA_COMPILER_FLAGS=-mcpu=cortex-a9 -mfpu=vfpv3 -mfloat-abi=hard -nostartfiles -g -Wall -Wextra"
"Running Make include in ps7_cortexa9_0/libsrc/ddrps_v1_0/src"
make -C ps7_cortexa9_0/libsrc/ddrps_v1_0/src -s include  "SHELL=CMD" "COMPILER=arm-none-eabi-gcc" "ARCHIVER=arm-none-eabi-ar" "COMPILER_FLAGS=  -O2 -c" "EXTRA_COMPILER_FLAGS=-mcpu=cortex-a9 -mfpu=vfpv3 -mfloat-abi=hard -nostartfiles -g -Wall -Wextra"
"Running Make include in ps7_cortexa9_0/libsrc/devcfg_v3_5/src"
make -C ps7_cortexa9_0/libsrc/devcfg_v3_5/src -s include  "SHELL=CMD" "COMPILER=arm-none-eabi-gcc" "ARCHIVER=arm-none-eabi-ar" "COMPILER_FLAGS=  -O2 -c" "EXTRA_COMPILER_FLAGS=-mcpu=cortex-a9 -mfpu=vfpv3 -mfloat-abi=hard -nostartfiles -g -Wall -Wextra"
"Running Make include in ps7_cortexa9_0/libsrc/dmaps_v2_4/src"
make -C ps7_cortexa9_0/libsrc/dmaps_v2_4/src -s include  "SHELL=CMD" "COMPILER=arm-none-eabi-gcc" "ARCHIVER=arm-none-eabi-ar" "COMPILER_FLAGS=  -O2 -c" "EXTRA_COMPILER_FLAGS=-mcpu=cortex-a9 -mfpu=vfpv3 -mfloat-abi=hard -nostartfiles -g -Wall -Wextra"
"Running Make include in ps7_cortexa9_0/libsrc/emacps_v3_9/src"
make -C ps7_cortexa9_0/libsrc/emacps_v3_9/src -s include  "SHELL=CMD" "COMPILER=arm-none-eabi-gcc" "ARCHIVER=arm-none-eabi-ar" "COMPILER_FLAGS=  -O2 -c" "EXTRA_COMPILER_FLAGS=-mcpu=cortex-a9 -mfpu=vfpv3 -mfloat-abi=hard -nostartfiles -g -Wall -Wextra"
"Running Make include in ps7_cortexa9_0/libsrc/gpiops_v3_5/src"
make -C ps7_cortexa9_0/libsrc/gpiops_v3_5/src -s include  "SHELL=CMD" "COMPILER=arm-none-eabi-gcc" "ARCHIVER=arm-none-eabi-ar" "COMPILER_FLAGS=  -O2 -c" "EXTRA_COMPILER_FLAGS=-mcpu=cortex-a9 -mfpu=vfpv3 -mfloat-abi=hard -nostartfiles -g -Wall -Wextra"
"Running Make include in ps7_cortexa9_0/libsrc/gpio_v4_4/src"
make -C ps7_cortexa9_0/libsrc/gpio_v4_4/src -s include  "SHELL=CMD" "COMPILER=arm-none-eabi-gcc" "ARCHIVER=arm-none-eabi-ar" "COMPILER_FLAGS=  -O2 -c" "EXTRA_COMPILER_FLAGS=-mcpu=cortex-a9 -mfpu=vfpv3 -mfloat-abi=hard -nostartfiles -g -Wall -Wextra"
"Running Make include in ps7_cortexa9_0/libsrc/lwip211_v1_0/src"
make -C ps7_cortexa9_0/libsrc/lwip211_v1_0/src -s include  "SHELL=CMD" "COMPILER=arm-none-eabi-gcc" "ARCHIVER=arm-none-eabi-ar" "COMPILER_FLAGS=  -O2 -c" "EXTRA_COMPILER_FLAGS=-mcpu=cortex-a9 -mfpu=vfpv3 -mfloat-abi=hard -nostartfiles -g -Wall -Wextra"
"Running Make include in ps7_cortexa9_0/libsrc/qspips_v3_6/src"
make -C ps7_cortexa9_0/libsrc/qspips_v3_6/src -s include  "SHELL=CMD" "COMPILER=arm-none-eabi-gcc" "ARCHIVER=arm-none-eabi-ar" "COMPILER_FLAGS=  -O2 -c" "EXTRA_COMPILER_FLAGS=-mcpu=cortex-a9 -mfpu=vfpv3 -mfloat-abi=hard -nostartfiles -g -Wall -Wextra"
"Running Make include in ps7_cortexa9_0/libsrc/scugic_v4_0/src"
make -C ps7_cortexa9_0/libsrc/scugic_v4_0/src -s include  "SHELL=CMD" "COMPILER=arm-none-eabi-gcc" "ARCHIVER=arm-none-eabi-ar" "COMPILER_FLAGS=  -O2 -c" "EXTRA_COMPILER_FLAGS=-mcpu=cortex-a9 -mfpu=vfpv3 -mfloat-abi=hard -nostartfiles -g -Wall -Wextra"
"Running Make include in ps7_cortexa9_0/libsrc/scutimer_v2_1/src"
make -C ps7_cortexa9_0/libsrc/scutimer_v2_1/src -s include  "SHELL=CMD" "COMPILER=arm-none-eabi-gcc" "ARCHIVER=arm-none-eabi-ar" "COMPILER_FLAGS=  -O2 -c" "EXTRA_COMPILER_FLAGS=-mcpu=cortex-a9 -mfpu=vfpv3 -mfloat-abi=hard -nostartfiles -g -Wall -Wextra"
"Running Make include in ps7_cortexa9_0/libsrc/scuwdt_v2_1/src"
make -C ps7_cortexa9_0/libsrc/scuwdt_v2_1/src -s include  "SHELL=CMD" "COMPILER=arm-none-eabi-gcc" "ARCHIVER=arm-none-eabi-ar" "COMPILER_FLAGS=  -O2 -c" "EXTRA_COMPILER_FLAGS=-mcpu=cortex-a9 -mfpu=vfpv3 -mfloat-abi=hard -nostartfiles -g -Wall -Wextra"
"Running Make include in ps7_cortexa9_0/libsrc/sdps_v3_7/src"
make -C ps7_cortexa9_0/libsrc/sdps_v3_7/src -s include  "SHELL=CMD" "COMPILER=arm-none-eabi-gcc" "ARCHIVER=arm-none-eabi-ar" "COMPILER_FLAGS=  -O2 -c" "EXTRA_COMPILER_FLAGS=-mcpu=cortex-a9 -mfpu=vfpv3 -mfloat-abi=hard -nostartfiles -g -Wall -Wextra"
"Running Make include in ps7_cortexa9_0/libsrc/standalone_v7_0/src"
make -C ps7_cortexa9_0/libsrc/standalone_v7_0/src -s include  "SHELL=CMD" "COMPILER=arm-none-eabi-gcc" "ARCHIVER=arm-none-eabi-ar" "COMPILER_FLAGS=  -O2 -c" "EXTRA_COMPILER_FLAGS=-mcpu=cortex-a9 -mfpu=vfpv3 -mfloat-abi=hard -nostartfiles -g -Wall -Wextra"
"Running Make include in ps7_cortexa9_0/libsrc/ttcps_v3_9/src"
make -C ps7_cortexa9_0/libsrc/ttcps_v3_9/src -s include  "SHELL=CMD" "COMPILER=arm-none-eabi-gcc" "ARCHIVER=arm-none-eabi-ar" "COMPILER_FLAGS=  -O2 -c" "EXTRA_COMPILER_FLAGS=-mcpu=cortex-a9 -mfpu=vfpv3 -mfloat-abi=hard -nostartfiles -g -Wall -Wextra"
"Running Make include in ps7_cortexa9_0/libsrc/uartps_v3_7/src"
make -C ps7_cortexa9_0/libsrc/uartps_v3_7/src -s include  "SHELL=CMD" "COMPILER=arm-none-eabi-gcc" "ARCHIVER=arm-none-eabi-ar" "COMPILER_FLAGS=  -O2 -c" "EXTRA_COMPILER_FLAGS=-mcpu=cortex-a9 -mfpu=vfpv3 -mfloat-abi=hard -nostartfiles -g -Wall -Wextra"
"Running Make include in ps7_cortexa9_0/libsrc/usbps_v2_4/src"
make -C ps7_cortexa9_0/libsrc/usbps_v2_4/src -s include  "SHELL=CMD" "COMPILER=arm-none-eabi-gcc" "ARCHIVER=arm-none-eabi-ar" "COMPILER_FLAGS=  -O2 -c" "EXTRA_COMPILER_FLAGS=-mcpu=cortex-a9 -mfpu=vfpv3 -mfloat-abi=hard -nostartfiles -g -Wall -Wextra"
"Running Make include in ps7_cortexa9_0/libsrc/xadcps_v2_3/src"
make -C ps7_cortexa9_0/libsrc/xadcps_v2_3/src -s include  "SHELL=CMD" "COMPILER=arm-none-eabi-gcc" "ARCHIVER=arm-none-eabi-ar" "COMPILER_FLAGS=  -O2 -c" "EXTRA_COMPILER_FLAGS=-mcpu=cortex-a9 -mfpu=vfpv3 -mfloat-abi=hard -nostartfiles -g -Wall -Wextra"
"Running Make libs in ps7_cortexa9_0/libsrc/axidma_v9_9/src"
make -C ps7_cortexa9_0/libsrc/axidma_v9_9/src -s libs  "SHELL=CMD" "COMPILER=arm-none-eabi-gcc" "ARCHIVER=arm-none-eabi-ar" "COMPILER_FLAGS=  -O2 -c" "EXTRA_COMPILER_FLAGS=-mcpu=cortex-a9 -mfpu=vfpv3 -mfloat-abi=hard -nostartfiles -g -Wall -Wextra"
"Compiling axidma"
arm-none-eabi-ar: creating ../../../lib/libxil.a
"Running Make libs in ps7_cortexa9_0/libsrc/coresightps_dcc_v1_5/src"
make -C ps7_cortexa9_0/libsrc/coresightps_dcc_v1_5/src -s libs  "SHELL=CMD" "COMPILER=arm-none-eabi-gcc" "ARCHIVER=arm-none-eabi-ar" "COMPILER_FLAGS=  -O2 -c" "EXTRA_COMPILER_FLAGS=-mcpu=cortex-a9 -mfpu=vfpv3 -mfloat-abi=hard -nostartfiles -g -Wall -Wextra"
"Compiling coresightps_dcc"
"Running Make libs in ps7_cortexa9_0/libsrc/cpu_cortexa9_v2_7/src"
make -C ps7_cortexa9_0/libsrc/cpu_cortexa9_v2_7/src -s libs  "SHELL=CMD" "COMPILER=arm-none-eabi-gcc" "ARCHIVER=arm-none-eabi-ar" "COMPILER_FLAGS=  -O2 -c" "EXTRA_COMPILER_FLAGS=-mcpu=cortex-a9 -mfpu=vfpv3 -mfloat-abi=hard -nostartfiles -g -Wall -Wextra"
"Compiling cpu_cortexa9"
"Running Make libs in ps7_cortexa9_0/libsrc/ddrps_v1_0/src"
make -C ps7_cortexa9_0/libsrc/ddrps_v1_0/src -s libs  "SHELL=CMD" "COMPILER=arm-none-eabi-gcc" "ARCHIVER=arm-none-eabi-ar" "COMPILER_FLAGS=  -O2 -c" "EXTRA_COMPILER_FLAGS=-mcpu=cortex-a9 -mfpu=vfpv3 -mfloat-abi=hard -nostartfiles -g -Wall -Wextra"
"Compiling ddrps"
"Running Make libs in ps7_cortexa9_0/libsrc/devcfg_v3_5/src"
make -C ps7_cortexa9_0/libsrc/devcfg_v3_5/src -s libs  "SHELL=CMD" "COMPILER=arm-none-eabi-gcc" "ARCHIVER=arm-none-eabi-ar" "COMPILER_FLAGS=  -O2 -c" "EXTRA_COMPILER_FLAGS=-mcpu=cortex-a9 -mfpu=vfpv3 -mfloat-abi=hard -nostartfiles -g -Wall -Wextra"
"Compiling devcfg"
"Running Make libs in ps7_cortexa9_0/libsrc/dmaps_v2_4/src"
make -C ps7_cortexa9_0/libsrc/dmaps_v2_4/src -s libs  "SHELL=CMD" "COMPILER=arm-none-eabi-gcc" "ARCHIVER=arm-none-eabi-ar" "COMPILER_FLAGS=  -O2 -c" "EXTRA_COMPILER_FLAGS=-mcpu=cortex-a9 -mfpu=vfpv3 -mfloat-abi=hard -nostartfiles -g -Wall -Wextra"
"Compiling dmaps"
"Running Make libs in ps7_cortexa9_0/libsrc/emacps_v3_9/src"
make -C ps7_cortexa9_0/libsrc/emacps_v3_9/src -s libs  "SHELL=CMD" "COMPILER=arm-none-eabi-gcc" "ARCHIVER=arm-none-eabi-ar" "COMPILER_FLAGS=  -O2 -c" "EXTRA_COMPILER_FLAGS=-mcpu=cortex-a9 -mfpu=vfpv3 -mfloat-abi=hard -nostartfiles -g -Wall -Wextra"
"Compiling emacps"
"Running Make libs in ps7_cortexa9_0/libsrc/gpiops_v3_5/src"
make -C ps7_cortexa9_0/libsrc/gpiops_v3_5/src -s libs  "SHELL=CMD" "COMPILER=arm-none-eabi-gcc" "ARCHIVER=arm-none-eabi-ar" "COMPILER_FLAGS=  -O2 -c" "EXTRA_COMPILER_FLAGS=-mcpu=cortex-a9 -mfpu=vfpv3 -mfloat-abi=hard -nostartfiles -g -Wall -Wextra"
"Compiling gpiops"
"Running Make libs in ps7_cortexa9_0/libsrc/gpio_v4_4/src"
make -C ps7_cortexa9_0/libsrc/gpio_v4_4/src -s libs  "SHELL=CMD" "COMPILER=arm-none-eabi-gcc" "ARCHIVER=arm-none-eabi-ar" "COMPILER_FLAGS=  -O2 -c" "EXTRA_COMPILER_FLAGS=-mcpu=cortex-a9 -mfpu=vfpv3 -mfloat-abi=hard -nostartfiles -g -Wall -Wextra"
"Compiling gpio"
"Running Make libs in ps7_cortexa9_0/libsrc/lwip211_v1_0/src"
make -C ps7_cortexa9_0/libsrc/lwip211_v1_0/src -s libs  "SHELL=CMD" "COMPILER=arm-none-eabi-gcc" "ARCHIVER=arm-none-eabi-ar" "COMPILER_FLAGS=  -O2 -c" "EXTRA_COMPILER_FLAGS=-mcpu=cortex-a9 -mfpu=vfpv3 -mfloat-abi=hard -nostartfiles -g -Wall -Wextra"
"Compiling lwip src and adapter files"
lwip-2.1.1/src/core/tcp.c: In function 'tcp_recved':
lwip-2.1.1/src/core/tcp.c:992:22: warning: comparison is always true due to limited range of data type [-Wtype-limits]
   } else if (rcv_wnd <= TCP_WND_MAX(pcb)) {
                      ^~
In file included from ../../../include/lwip/opt.h:52,
                 from lwip-2.1.1/src/core/tcp.c:100:
lwip-2.1.1/src/core/tcp.c:996:11: warning: comparison is always true due to limited range of data type [-Wtype-limits]
   rcv_wnd <= TCP_WND_MAX(pcb));
           ^~
../../../include/lwip/debug.h:116:52: note: in definition of macro 'LWIP_ASSERT'
 #define LWIP_ASSERT(message, assertion) do { if (!(assertion)) { \
                                                    ^~~~~~~~~
In file included from ../../../include/xemacps.h:349,
                 from ../../../include/netif/xemacpsif.h:57,
                 from contrib/ports/xilinx/netif/xemacpsif_dma.c:37:
contrib/ports/xilinx/netif/xemacpsif_dma.c: In function 'init_dma':
../../../include/xemacps_hw.h:611:23: warning: 'bdrxterminate' may be used uninitialized in this function [-Wmaybe-uninitialized]
 #define XEmacPs_Out32 Xil_Out32
                       ^~~~~~~~~
contrib/ports/xilinx/netif/xemacpsif_dma.c:561:14: note: 'bdrxterminate' was declared here
  XEmacPs_Bd *bdrxterminate;
              ^~~~~~~~~~~~~
In file included from ../../../include/xemacps.h:350,
                 from ../../../include/netif/xemacpsif.h:57,
                 from contrib/ports/xilinx/netif/xemacpsif_dma.c:37:
../../../include/xemacps_bd.h:142:12: warning: 'bdtxterminate' may be used uninitialized in this function [-Wmaybe-uninitialized]
  (*(u32 *)((UINTPTR)((void*)(BaseAddress)) + (u32)(Offset)))
            ^
contrib/ports/xilinx/netif/xemacpsif_dma.c:560:14: note: 'bdtxterminate' was declared here
  XEmacPs_Bd *bdtxterminate;
              ^~~~~~~~~~~~~
"Running Make libs in ps7_cortexa9_0/libsrc/qspips_v3_6/src"
make -C ps7_cortexa9_0/libsrc/qspips_v3_6/src -s libs  "SHELL=CMD" "COMPILER=arm-none-eabi-gcc" "ARCHIVER=arm-none-eabi-ar" "COMPILER_FLAGS=  -O2 -c" "EXTRA_COMPILER_FLAGS=-mcpu=cortex-a9 -mfpu=vfpv3 -mfloat-abi=hard -nostartfiles -g -Wall -Wextra"
"Compiling qspips"
"Running Make libs in ps7_cortexa9_0/libsrc/scugic_v4_0/src"
make -C ps7_cortexa9_0/libsrc/scugic_v4_0/src -s libs  "SHELL=CMD" "COMPILER=arm-none-eabi-gcc" "ARCHIVER=arm-none-eabi-ar" "COMPILER_FLAGS=  -O2 -c" "EXTRA_COMPILER_FLAGS=-mcpu=cortex-a9 -mfpu=vfpv3 -mfloat-abi=hard -nostartfiles -g -Wall -Wextra"
"Compiling scugic"
"Running Make libs in ps7_cortexa9_0/libsrc/scutimer_v2_1/src"
make -C ps7_cortexa9_0/libsrc/scutimer_v2_1/src -s libs  "SHELL=CMD" "COMPILER=arm-none-eabi-gcc" "ARCHIVER=arm-none-eabi-ar" "COMPILER_FLAGS=  -O2 -c" "EXTRA_COMPILER_FLAGS=-mcpu=cortex-a9 -mfpu=vfpv3 -mfloat-abi=hard -nostartfiles -g -Wall -Wextra"
"Compiling scutimer"
"Running Make libs in ps7_cortexa9_0/libsrc/scuwdt_v2_1/src"
make -C ps7_cortexa9_0/libsrc/scuwdt_v2_1/src -s libs  "SHELL=CMD" "COMPILER=arm-none-eabi-gcc" "ARCHIVER=arm-none-eabi-ar" "COMPILER_FLAGS=  -O2 -c" "EXTRA_COMPILER_FLAGS=-mcpu=cortex-a9 -mfpu=vfpv3 -mfloat-abi=hard -nostartfiles -g -Wall -Wextra"
"Compiling scuwdt"
"Running Make libs in ps7_cortexa9_0/libsrc/sdps_v3_7/src"
make -C ps7_cortexa9_0/libsrc/sdps_v3_7/src -s libs  "SHELL=CMD" "COMPILER=arm-none-eabi-gcc" "ARCHIVER=arm-none-eabi-ar" "COMPILER_FLAGS=  -O2 -c" "EXTRA_COMPILER_FLAGS=-mcpu=cortex-a9 -mfpu=vfpv3 -mfloat-abi=hard -nostartfiles -g -Wall -Wextra"
"Compiling sdps"
"Running Make libs in ps7_cortexa9_0/libsrc/standalone_v7_0/src"
make -C ps7_cortexa9_0/libsrc/standalone_v7_0/src -s libs  "SHELL=CMD" "COMPILER=arm-none-eabi-gcc" "ARCHIVER=arm-none-eabi-ar" "COMPILER_FLAGS=  -O2 -c" "EXTRA_COMPILER_FLAGS=-mcpu=cortex-a9 -mfpu=vfpv3 -mfloat-abi=hard -nostartfiles -g -Wall -Wextra"
"Compiling standalone"
In file included from usleep.c:56:
xtime_l.h:87:9: note: #pragma message: For the sleep routines, Global timer is being used
 #pragma message ("For the sleep routines, Global timer is being used")
         ^~~~~~~
In file included from xil_sleeptimer.c:51:
xtime_l.h:87:9: note: #pragma message: For the sleep routines, Global timer is being used
 #pragma message ("For the sleep routines, Global timer is being used")
         ^~~~~~~
In file included from xtime_l.c:49:
xtime_l.h:87:9: note: #pragma message: For the sleep routines, Global timer is being used
 #pragma message ("For the sleep routines, Global timer is being used")
         ^~~~~~~
In file included from sleep.c:53:
xtime_l.h:87:9: note: #pragma message: For the sleep routines, Global timer is being used
 #pragma message ("For the sleep routines, Global timer is being used")
         ^~~~~~~
"Running Make libs in ps7_cortexa9_0/libsrc/ttcps_v3_9/src"
make -C ps7_cortexa9_0/libsrc/ttcps_v3_9/src -s libs  "SHELL=CMD" "COMPILER=arm-none-eabi-gcc" "ARCHIVER=arm-none-eabi-ar" "COMPILER_FLAGS=  -O2 -c" "EXTRA_COMPILER_FLAGS=-mcpu=cortex-a9 -mfpu=vfpv3 -mfloat-abi=hard -nostartfiles -g -Wall -Wextra"
"Compiling ttcps"
"Running Make libs in ps7_cortexa9_0/libsrc/uartps_v3_7/src"
make -C ps7_cortexa9_0/libsrc/uartps_v3_7/src -s libs  "SHELL=CMD" "COMPILER=arm-none-eabi-gcc" "ARCHIVER=arm-none-eabi-ar" "COMPILER_FLAGS=  -O2 -c" "EXTRA_COMPILER_FLAGS=-mcpu=cortex-a9 -mfpu=vfpv3 -mfloat-abi=hard -nostartfiles -g -Wall -Wextra"
"Compiling uartps"
"Running Make libs in ps7_cortexa9_0/libsrc/usbps_v2_4/src"
make -C ps7_cortexa9_0/libsrc/usbps_v2_4/src -s libs  "SHELL=CMD" "COMPILER=arm-none-eabi-gcc" "ARCHIVER=arm-none-eabi-ar" "COMPILER_FLAGS=  -O2 -c" "EXTRA_COMPILER_FLAGS=-mcpu=cortex-a9 -mfpu=vfpv3 -mfloat-abi=hard -nostartfiles -g -Wall -Wextra"
"Compiling usbps"
"Running Make libs in ps7_cortexa9_0/libsrc/xadcps_v2_3/src"
make -C ps7_cortexa9_0/libsrc/xadcps_v2_3/src -s libs  "SHELL=CMD" "COMPILER=arm-none-eabi-gcc" "ARCHIVER=arm-none-eabi-ar" "COMPILER_FLAGS=  -O2 -c" "EXTRA_COMPILER_FLAGS=-mcpu=cortex-a9 -mfpu=vfpv3 -mfloat-abi=hard -nostartfiles -g -Wall -Wextra"
"Compiling xadcps"
'Finished building libraries'
20:50:40 **** Build of configuration Debug for project kyber-server ****
make pre-build main-build 
a9-linaro-pre-build-step
 
Building file: ../src/include/aes256ctr.c
Invoking: ARM v7 gcc compiler
arm-none-eabi-gcc -Wall -O0 -g3 -c -fmessage-length=0 -MT"src/include/aes256ctr.o" -mcpu=cortex-a9 -mfpu=vfpv3 -mfloat-abi=hard -I../../kyber-server_bsp/ps7_cortexa9_0/include -MMD -MP -MF"src/include/aes256ctr.d" -MT"src/include/aes256ctr.o" -o "src/include/aes256ctr.o" "../src/include/aes256ctr.c"
Finished building: ../src/include/aes256ctr.c
 
Building file: ../src/include/aes256gcm.c
Invoking: ARM v7 gcc compiler
arm-none-eabi-gcc -Wall -O0 -g3 -c -fmessage-length=0 -MT"src/include/aes256gcm.o" -mcpu=cortex-a9 -mfpu=vfpv3 -mfloat-abi=hard -I../../kyber-server_bsp/ps7_cortexa9_0/include -MMD -MP -MF"src/include/aes256gcm.d" -MT"src/include/aes256gcm.o" -o "src/include/aes256gcm.o" "../src/include/aes256gcm.c"
In file included from ../src/include/test_kem.h:16,
                 from ../src/include/global_def.h:35,
                 from ../src/include/aes256gcm.h:16,
                 from ../src/include/aes256gcm.c:8:
../src/include/global_def.h:177:1: warning: multi-line comment [-Wcomment]
 //#define print_debug(debugLevel, ...) \
 ^
In file included from ../src/include/aes256gcm.h:16,
                 from ../src/include/aes256gcm.c:8:
../src/include/global_def.h:177:1: warning: multi-line comment [-Wcomment]
 //#define print_debug(debugLevel, ...) \
 ^
Finished building: ../src/include/aes256gcm.c
 
Building file: ../src/include/cbd.c
Invoking: ARM v7 gcc compiler
arm-none-eabi-gcc -Wall -O0 -g3 -c -fmessage-length=0 -MT"src/include/cbd.o" -mcpu=cortex-a9 -mfpu=vfpv3 -mfloat-abi=hard -I../../kyber-server_bsp/ps7_cortexa9_0/include -MMD -MP -MF"src/include/cbd.d" -MT"src/include/cbd.o" -o "src/include/cbd.o" "../src/include/cbd.c"
In file included from ../src/include/test_kem.h:16,
                 from ../src/include/global_def.h:35,
                 from ../src/include/poly.h:5,
                 from ../src/include/cbd.h:6,
                 from ../src/include/cbd.c:3:
../src/include/global_def.h:177:1: warning: multi-line comment [-Wcomment]
 //#define print_debug(debugLevel, ...) \
 ^
In file included from ../src/include/poly.h:5,
                 from ../src/include/cbd.h:6,
                 from ../src/include/cbd.c:3:
../src/include/global_def.h:177:1: warning: multi-line comment [-Wcomment]
 //#define print_debug(debugLevel, ...) \
 ^
Finished building: ../src/include/cbd.c
 
Building file: ../src/include/fips202.c
Invoking: ARM v7 gcc compiler
arm-none-eabi-gcc -Wall -O0 -g3 -c -fmessage-length=0 -MT"src/include/fips202.o" -mcpu=cortex-a9 -mfpu=vfpv3 -mfloat-abi=hard -I../../kyber-server_bsp/ps7_cortexa9_0/include -MMD -MP -MF"src/include/fips202.d" -MT"src/include/fips202.o" -o "src/include/fips202.o" "../src/include/fips202.c"
In file included from ../src/include/test_kem.h:16,
                 from ../src/include/global_def.h:35,
                 from ../src/include/fips202.h:6,
                 from ../src/include/fips202.c:8:
../src/include/global_def.h:177:1: warning: multi-line comment [-Wcomment]
 //#define print_debug(debugLevel, ...) \
 ^
In file included from ../src/include/fips202.h:6,
                 from ../src/include/fips202.c:8:
../src/include/global_def.h:177:1: warning: multi-line comment [-Wcomment]
 //#define print_debug(debugLevel, ...) \
 ^
Finished building: ../src/include/fips202.c
 
Building file: ../src/include/global_func.c
Invoking: ARM v7 gcc compiler
arm-none-eabi-gcc -Wall -O0 -g3 -c -fmessage-length=0 -MT"src/include/global_func.o" -mcpu=cortex-a9 -mfpu=vfpv3 -mfloat-abi=hard -I../../kyber-server_bsp/ps7_cortexa9_0/include -MMD -MP -MF"src/include/global_func.d" -MT"src/include/global_func.o" -o "src/include/global_func.o" "../src/include/global_func.c"
In file included from ../src/include/test_kem.h:16,
                 from ../src/include/global_def.h:35,
                 from ../src/include/global_func.c:8:
../src/include/global_def.h:177:1: warning: multi-line comment [-Wcomment]
 //#define print_debug(debugLevel, ...) \
 ^
In file included from ../src/include/global_func.c:8:
../src/include/global_def.h:177:1: warning: multi-line comment [-Wcomment]
 //#define print_debug(debugLevel, ...) \
 ^
../src/include/global_func.c: In function 'getChipTemperature':
../src/include/global_func.c:38:8: warning: variable 'TempData' set but not used [-Wunused-but-set-variable]
  float TempData;
        ^~~~~~~~
In file included from ../src/include/global_func.c:8:
../src/include/global_func.c: In function 'printTimeVariables':
../src/include/global_def.h:186:11: warning: format '%x' expects argument of type 'unsigned int', but argument 7 has type 'u32' {aka 'long unsigned int'} [-Wformat=]
    printf("%s:%d:%s() | " fmt, __FILE__, __LINE__, __func__, ## __VA_ARGS__); \
           ^~~~~~~~~~~~~~~
../src/include/global_func.c:231:2: note: in expansion of macro 'print_debug'
  print_debug(DEBUG_TIME, "[TIME] u32Cycles: %lu | n: %d | u32SystemState: 0x%x\n", u32Cycles, n, u32SystemState);
  ^~~~~~~~~~~
../src/include/global_func.c:231:78: note: format string is defined here
  print_debug(DEBUG_TIME, "[TIME] u32Cycles: %lu | n: %d | u32SystemState: 0x%x\n", u32Cycles, n, u32SystemState);
                                                                             ~^
                                                                             %lx
Finished building: ../src/include/global_func.c
 
Building file: ../src/include/indcpa.c
Invoking: ARM v7 gcc compiler
arm-none-eabi-gcc -Wall -O0 -g3 -c -fmessage-length=0 -MT"src/include/indcpa.o" -mcpu=cortex-a9 -mfpu=vfpv3 -mfloat-abi=hard -I../../kyber-server_bsp/ps7_cortexa9_0/include -MMD -MP -MF"src/include/indcpa.d" -MT"src/include/indcpa.o" -o "src/include/indcpa.o" "../src/include/indcpa.c"
In file included from ../src/include/test_kem.h:16,
                 from ../src/include/global_def.h:35,
                 from ../src/include/poly.h:5,
                 from ../src/include/polyvec.h:6,
                 from ../src/include/indcpa.h:6,
                 from ../src/include/indcpa.c:4:
../src/include/global_def.h:177:1: warning: multi-line comment [-Wcomment]
 //#define print_debug(debugLevel, ...) \
 ^
In file included from ../src/include/poly.h:5,
                 from ../src/include/polyvec.h:6,
                 from ../src/include/indcpa.h:6,
                 from ../src/include/indcpa.c:4:
../src/include/global_def.h:177:1: warning: multi-line comment [-Wcomment]
 //#define print_debug(debugLevel, ...) \
 ^
Finished building: ../src/include/indcpa.c
 
Building file: ../src/include/kem.c
Invoking: ARM v7 gcc compiler
arm-none-eabi-gcc -Wall -O0 -g3 -c -fmessage-length=0 -MT"src/include/kem.o" -mcpu=cortex-a9 -mfpu=vfpv3 -mfloat-abi=hard -I../../kyber-server_bsp/ps7_cortexa9_0/include -MMD -MP -MF"src/include/kem.d" -MT"src/include/kem.o" -o "src/include/kem.o" "../src/include/kem.c"
In file included from ../src/include/test_kem.h:16,
                 from ../src/include/global_def.h:35,
                 from ../src/include/poly.h:5,
                 from ../src/include/polyvec.h:6,
                 from ../src/include/indcpa.h:6,
                 from ../src/include/kem.c:5:
../src/include/global_def.h:177:1: warning: multi-line comment [-Wcomment]
 //#define print_debug(debugLevel, ...) \
 ^
In file included from ../src/include/poly.h:5,
                 from ../src/include/polyvec.h:6,
                 from ../src/include/indcpa.h:6,
                 from ../src/include/kem.c:5:
../src/include/global_def.h:177:1: warning: multi-line comment [-Wcomment]
 //#define print_debug(debugLevel, ...) \
 ^
Finished building: ../src/include/kem.c
 
Building file: ../src/include/ntt.c
Invoking: ARM v7 gcc compiler
arm-none-eabi-gcc -Wall -O0 -g3 -c -fmessage-length=0 -MT"src/include/ntt.o" -mcpu=cortex-a9 -mfpu=vfpv3 -mfloat-abi=hard -I../../kyber-server_bsp/ps7_cortexa9_0/include -MMD -MP -MF"src/include/ntt.d" -MT"src/include/ntt.o" -o "src/include/ntt.o" "../src/include/ntt.c"
In file included from ../src/include/test_kem.h:16,
                 from ../src/include/global_def.h:35,
                 from ../src/include/reduce.h:6,
                 from ../src/include/ntt.c:4:
../src/include/global_def.h:177:1: warning: multi-line comment [-Wcomment]
 //#define print_debug(debugLevel, ...) \
 ^
In file included from ../src/include/reduce.h:6,
                 from ../src/include/ntt.c:4:
../src/include/global_def.h:177:1: warning: multi-line comment [-Wcomment]
 //#define print_debug(debugLevel, ...) \
 ^
Finished building: ../src/include/ntt.c
 
Building file: ../src/include/poly.c
Invoking: ARM v7 gcc compiler
arm-none-eabi-gcc -Wall -O0 -g3 -c -fmessage-length=0 -MT"src/include/poly.o" -mcpu=cortex-a9 -mfpu=vfpv3 -mfloat-abi=hard -I../../kyber-server_bsp/ps7_cortexa9_0/include -MMD -MP -MF"src/include/poly.d" -MT"src/include/poly.o" -o "src/include/poly.o" "../src/include/poly.c"
In file included from ../src/include/test_kem.h:16,
                 from ../src/include/global_def.h:35,
                 from ../src/include/poly.h:5,
                 from ../src/include/poly.c:3:
../src/include/global_def.h:177:1: warning: multi-line comment [-Wcomment]
 //#define print_debug(debugLevel, ...) \
 ^
In file included from ../src/include/poly.h:5,
                 from ../src/include/poly.c:3:
../src/include/global_def.h:177:1: warning: multi-line comment [-Wcomment]
 //#define print_debug(debugLevel, ...) \
 ^
Finished building: ../src/include/poly.c
 
Building file: ../src/include/polyvec.c
Invoking: ARM v7 gcc compiler
arm-none-eabi-gcc -Wall -O0 -g3 -c -fmessage-length=0 -MT"src/include/polyvec.o" -mcpu=cortex-a9 -mfpu=vfpv3 -mfloat-abi=hard -I../../kyber-server_bsp/ps7_cortexa9_0/include -MMD -MP -MF"src/include/polyvec.d" -MT"src/include/polyvec.o" -o "src/include/polyvec.o" "../src/include/polyvec.c"
In file included from ../src/include/test_kem.h:16,
                 from ../src/include/global_def.h:35,
                 from ../src/include/poly.h:5,
                 from ../src/include/polyvec.c:3:
../src/include/global_def.h:177:1: warning: multi-line comment [-Wcomment]
 //#define print_debug(debugLevel, ...) \
 ^
In file included from ../src/include/poly.h:5,
                 from ../src/include/polyvec.c:3:
../src/include/global_def.h:177:1: warning: multi-line comment [-Wcomment]
 //#define print_debug(debugLevel, ...) \
 ^
Finished building: ../src/include/polyvec.c
 
Building file: ../src/include/randombytes.c
Invoking: ARM v7 gcc compiler
arm-none-eabi-gcc -Wall -O0 -g3 -c -fmessage-length=0 -MT"src/include/randombytes.o" -mcpu=cortex-a9 -mfpu=vfpv3 -mfloat-abi=hard -I../../kyber-server_bsp/ps7_cortexa9_0/include -MMD -MP -MF"src/include/randombytes.d" -MT"src/include/randombytes.o" -o "src/include/randombytes.o" "../src/include/randombytes.c"
Finished building: ../src/include/randombytes.c
 
Building file: ../src/include/reduce.c
Invoking: ARM v7 gcc compiler
arm-none-eabi-gcc -Wall -O0 -g3 -c -fmessage-length=0 -MT"src/include/reduce.o" -mcpu=cortex-a9 -mfpu=vfpv3 -mfloat-abi=hard -I../../kyber-server_bsp/ps7_cortexa9_0/include -MMD -MP -MF"src/include/reduce.d" -MT"src/include/reduce.o" -o "src/include/reduce.o" "../src/include/reduce.c"
In file included from ../src/include/test_kem.h:16,
                 from ../src/include/global_def.h:35,
                 from ../src/include/reduce.h:6,
                 from ../src/include/reduce.c:3:
../src/include/global_def.h:177:1: warning: multi-line comment [-Wcomment]
 //#define print_debug(debugLevel, ...) \
 ^
In file included from ../src/include/reduce.h:6,
                 from ../src/include/reduce.c:3:
../src/include/global_def.h:177:1: warning: multi-line comment [-Wcomment]
 //#define print_debug(debugLevel, ...) \
 ^
Finished building: ../src/include/reduce.c
 
Building file: ../src/include/sha256.c
Invoking: ARM v7 gcc compiler
arm-none-eabi-gcc -Wall -O0 -g3 -c -fmessage-length=0 -MT"src/include/sha256.o" -mcpu=cortex-a9 -mfpu=vfpv3 -mfloat-abi=hard -I../../kyber-server_bsp/ps7_cortexa9_0/include -MMD -MP -MF"src/include/sha256.d" -MT"src/include/sha256.o" -o "src/include/sha256.o" "../src/include/sha256.c"
Finished building: ../src/include/sha256.c
 
Building file: ../src/include/sha512.c
Invoking: ARM v7 gcc compiler
arm-none-eabi-gcc -Wall -O0 -g3 -c -fmessage-length=0 -MT"src/include/sha512.o" -mcpu=cortex-a9 -mfpu=vfpv3 -mfloat-abi=hard -I../../kyber-server_bsp/ps7_cortexa9_0/include -MMD -MP -MF"src/include/sha512.d" -MT"src/include/sha512.o" -o "src/include/sha512.o" "../src/include/sha512.c"
Finished building: ../src/include/sha512.c
 
Building file: ../src/include/symmetric-aes.c
Invoking: ARM v7 gcc compiler
arm-none-eabi-gcc -Wall -O0 -g3 -c -fmessage-length=0 -MT"src/include/symmetric-aes.o" -mcpu=cortex-a9 -mfpu=vfpv3 -mfloat-abi=hard -I../../kyber-server_bsp/ps7_cortexa9_0/include -MMD -MP -MF"src/include/symmetric-aes.d" -MT"src/include/symmetric-aes.o" -o "src/include/symmetric-aes.o" "../src/include/symmetric-aes.c"
In file included from ../src/include/test_kem.h:16,
                 from ../src/include/global_def.h:35,
                 from ../src/include/fips202.h:6,
                 from ../src/include/symmetric.h:36,
                 from ../src/include/symmetric-aes.c:4:
../src/include/global_def.h:177:1: warning: multi-line comment [-Wcomment]
 //#define print_debug(debugLevel, ...) \
 ^
In file included from ../src/include/fips202.h:6,
                 from ../src/include/symmetric.h:36,
                 from ../src/include/symmetric-aes.c:4:
../src/include/global_def.h:177:1: warning: multi-line comment [-Wcomment]
 //#define print_debug(debugLevel, ...) \
 ^
Finished building: ../src/include/symmetric-aes.c
 
Building file: ../src/include/symmetric-shake.c
Invoking: ARM v7 gcc compiler
arm-none-eabi-gcc -Wall -O0 -g3 -c -fmessage-length=0 -MT"src/include/symmetric-shake.o" -mcpu=cortex-a9 -mfpu=vfpv3 -mfloat-abi=hard -I../../kyber-server_bsp/ps7_cortexa9_0/include -MMD -MP -MF"src/include/symmetric-shake.d" -MT"src/include/symmetric-shake.o" -o "src/include/symmetric-shake.o" "../src/include/symmetric-shake.c"
In file included from ../src/include/test_kem.h:16,
                 from ../src/include/global_def.h:35,
                 from ../src/include/fips202.h:6,
                 from ../src/include/symmetric.h:36,
                 from ../src/include/symmetric-shake.c:5:
../src/include/global_def.h:177:1: warning: multi-line comment [-Wcomment]
 //#define print_debug(debugLevel, ...) \
 ^
In file included from ../src/include/fips202.h:6,
                 from ../src/include/symmetric.h:36,
                 from ../src/include/symmetric-shake.c:5:
../src/include/global_def.h:177:1: warning: multi-line comment [-Wcomment]
 //#define print_debug(debugLevel, ...) \
 ^
Finished building: ../src/include/symmetric-shake.c
 
Building file: ../src/include/test_kem.c
Invoking: ARM v7 gcc compiler
arm-none-eabi-gcc -Wall -O0 -g3 -c -fmessage-length=0 -MT"src/include/test_kem.o" -mcpu=cortex-a9 -mfpu=vfpv3 -mfloat-abi=hard -I../../kyber-server_bsp/ps7_cortexa9_0/include -MMD -MP -MF"src/include/test_kem.d" -MT"src/include/test_kem.o" -o "src/include/test_kem.o" "../src/include/test_kem.c"
In file included from ../src/include/reduce.h:6,
                 from ../src/include/global_def.h:37,
                 from ../src/include/test_kem.h:16,
                 from ../src/include/test_kem.c:9:
../src/include/global_def.h:177:1: warning: multi-line comment [-Wcomment]
 //#define print_debug(debugLevel, ...) \
 ^
In file included from ../src/include/test_kem.h:16,
                 from ../src/include/test_kem.c:9:
../src/include/global_def.h:177:1: warning: multi-line comment [-Wcomment]
 //#define print_debug(debugLevel, ...) \
 ^
Finished building: ../src/include/test_kem.c
 
Building file: ../src/include/verify.c
Invoking: ARM v7 gcc compiler
arm-none-eabi-gcc -Wall -O0 -g3 -c -fmessage-length=0 -MT"src/include/verify.o" -mcpu=cortex-a9 -mfpu=vfpv3 -mfloat-abi=hard -I../../kyber-server_bsp/ps7_cortexa9_0/include -MMD -MP -MF"src/include/verify.d" -MT"src/include/verify.o" -o "src/include/verify.o" "../src/include/verify.c"
Finished building: ../src/include/verify.c
 
Building file: ../src/include/weg_smw3000.c
Invoking: ARM v7 gcc compiler
arm-none-eabi-gcc -Wall -O0 -g3 -c -fmessage-length=0 -MT"src/include/weg_smw3000.o" -mcpu=cortex-a9 -mfpu=vfpv3 -mfloat-abi=hard -I../../kyber-server_bsp/ps7_cortexa9_0/include -MMD -MP -MF"src/include/weg_smw3000.d" -MT"src/include/weg_smw3000.o" -o "src/include/weg_smw3000.o" "../src/include/weg_smw3000.c"
In file included from ../src/include/test_kem.h:16,
                 from ../src/include/global_def.h:35,
                 from ../src/include/weg_smw3000.h:88,
                 from ../src/include/weg_smw3000.c:8:
../src/include/global_def.h:177:1: warning: multi-line comment [-Wcomment]
 //#define print_debug(debugLevel, ...) \
 ^
In file included from ../src/include/weg_smw3000.h:88,
                 from ../src/include/weg_smw3000.c:8:
../src/include/global_def.h:177:1: warning: multi-line comment [-Wcomment]
 //#define print_debug(debugLevel, ...) \
 ^
../src/include/weg_smw3000.c: In function 'smw3000GetControlStruct':
../src/include/global_def.h:186:11: warning: format '%x' expects argument of type 'unsigned int', but argument 5 has type 'smControlStruct *' {aka 'struct smControlStruct *'} [-Wformat=]
    printf("%s:%d:%s() | " fmt, __FILE__, __LINE__, __func__, ## __VA_ARGS__); \
           ^~~~~~~~~~~~~~~
../src/include/weg_smw3000.c:165:2: note: in expansion of macro 'print_debug'
  print_debug(DEBUG_SM_LVL0, "SM Control structure pointer: 0x%08x\r\n", &smControl);
  ^~~~~~~~~~~
../src/include/weg_smw3000.c:165:65: note: format string is defined here
  print_debug(DEBUG_SM_LVL0, "SM Control structure pointer: 0x%08x\r\n", &smControl);
                                                              ~~~^
In file included from ../src/include/weg_smw3000.h:88,
                 from ../src/include/weg_smw3000.c:8:
../src/include/weg_smw3000.c: In function 'smw3000GetDataStruct':
../src/include/global_def.h:186:11: warning: format '%x' expects argument of type 'unsigned int', but argument 5 has type 'smDataStruct *' {aka 'struct smDataStruct *'} [-Wformat=]
    printf("%s:%d:%s() | " fmt, __FILE__, __LINE__, __func__, ## __VA_ARGS__); \
           ^~~~~~~~~~~~~~~
../src/include/weg_smw3000.c:176:2: note: in expansion of macro 'print_debug'
  print_debug(DEBUG_SM_LVL0, "SM Data structure pointer: 0x%08x\r\n", &smData);
  ^~~~~~~~~~~
../src/include/weg_smw3000.c:176:62: note: format string is defined here
  print_debug(DEBUG_SM_LVL0, "SM Data structure pointer: 0x%08x\r\n", &smData);
                                                           ~~~^
In file included from ../src/include/weg_smw3000.h:88,
                 from ../src/include/weg_smw3000.c:8:
../src/include/weg_smw3000.c: In function 'smw3000GetCipheredDataStruct':
../src/include/global_def.h:186:11: warning: format '%x' expects argument of type 'unsigned int', but argument 5 has type 'smDataStruct *' {aka 'struct smDataStruct *'} [-Wformat=]
    printf("%s:%d:%s() | " fmt, __FILE__, __LINE__, __func__, ## __VA_ARGS__); \
           ^~~~~~~~~~~~~~~
../src/include/weg_smw3000.c:187:2: note: in expansion of macro 'print_debug'
  print_debug(DEBUG_SM_LVL0, "SM Data ciphered structure pointer: 0x%08x\r\n", &smCipheredData);
  ^~~~~~~~~~~
../src/include/weg_smw3000.c:187:71: note: format string is defined here
  print_debug(DEBUG_SM_LVL0, "SM Data ciphered structure pointer: 0x%08x\r\n", &smCipheredData);
                                                                    ~~~^
In file included from ../src/include/weg_smw3000.h:88,
                 from ../src/include/weg_smw3000.c:8:
../src/include/weg_smw3000.c: In function 'smw3000GetLineVoltage':
../src/include/global_def.h:186:11: warning: format '%d' expects argument of type 'int', but argument 5 has type 'u32' {aka 'long unsigned int'} [-Wformat=]
    printf("%s:%d:%s() | " fmt, __FILE__, __LINE__, __func__, ## __VA_ARGS__); \
           ^~~~~~~~~~~~~~~
../src/include/weg_smw3000.c:515:3: note: in expansion of macro 'print_debug'
   print_debug(DEBUG_SM_LVL1, "L1 voltage acquired: %d mV.\r\n", smData.u32VoltageL1);
   ^~~~~~~~~~~
../src/include/weg_smw3000.c:515:53: note: format string is defined here
   print_debug(DEBUG_SM_LVL1, "L1 voltage acquired: %d mV.\r\n", smData.u32VoltageL1);
                                                    ~^
                                                    %ld
In file included from ../src/include/weg_smw3000.h:88,
                 from ../src/include/weg_smw3000.c:8:
../src/include/global_def.h:186:11: warning: format '%d' expects argument of type 'int', but argument 5 has type 'u32' {aka 'long unsigned int'} [-Wformat=]
    printf("%s:%d:%s() | " fmt, __FILE__, __LINE__, __func__, ## __VA_ARGS__); \
           ^~~~~~~~~~~~~~~
../src/include/weg_smw3000.c:520:3: note: in expansion of macro 'print_debug'
   print_debug(DEBUG_SM_LVL1, "L2 voltage acquired: %d mV.\r\n", smData.u32VoltageL2);
   ^~~~~~~~~~~
../src/include/weg_smw3000.c:520:53: note: format string is defined here
   print_debug(DEBUG_SM_LVL1, "L2 voltage acquired: %d mV.\r\n", smData.u32VoltageL2);
                                                    ~^
                                                    %ld
In file included from ../src/include/weg_smw3000.h:88,
                 from ../src/include/weg_smw3000.c:8:
../src/include/global_def.h:186:11: warning: format '%d' expects argument of type 'int', but argument 5 has type 'u32' {aka 'long unsigned int'} [-Wformat=]
    printf("%s:%d:%s() | " fmt, __FILE__, __LINE__, __func__, ## __VA_ARGS__); \
           ^~~~~~~~~~~~~~~
../src/include/weg_smw3000.c:525:3: note: in expansion of macro 'print_debug'
   print_debug(DEBUG_SM_LVL1, "L3 voltage acquired: %d mV.\r\n", smData.u32VoltageL3);
   ^~~~~~~~~~~
../src/include/weg_smw3000.c:525:53: note: format string is defined here
   print_debug(DEBUG_SM_LVL1, "L3 voltage acquired: %d mV.\r\n", smData.u32VoltageL3);
                                                    ~^
                                                    %ld
In file included from ../src/include/weg_smw3000.h:88,
                 from ../src/include/weg_smw3000.c:8:
../src/include/global_def.h:186:11: warning: format '%d' expects argument of type 'int', but argument 5 has type 'u32' {aka 'long unsigned int'} [-Wformat=]
    printf("%s:%d:%s() | " fmt, __FILE__, __LINE__, __func__, ## __VA_ARGS__); \
           ^~~~~~~~~~~~~~~
../src/include/weg_smw3000.c:530:3: note: in expansion of macro 'print_debug'
   print_debug(DEBUG_SM_LVL1, "L1 voltage acquired: %d mV.\r\n", smData.u32VoltageL1);
   ^~~~~~~~~~~
../src/include/weg_smw3000.c:530:53: note: format string is defined here
   print_debug(DEBUG_SM_LVL1, "L1 voltage acquired: %d mV.\r\n", smData.u32VoltageL1);
                                                    ~^
                                                    %ld
In file included from ../src/include/weg_smw3000.h:88,
                 from ../src/include/weg_smw3000.c:8:
../src/include/weg_smw3000.c: In function 'smw3000GetLineCurrent':
../src/include/global_def.h:186:11: warning: format '%d' expects argument of type 'int', but argument 5 has type 'u32' {aka 'long unsigned int'} [-Wformat=]
    printf("%s:%d:%s() | " fmt, __FILE__, __LINE__, __func__, ## __VA_ARGS__); \
           ^~~~~~~~~~~~~~~
../src/include/weg_smw3000.c:611:3: note: in expansion of macro 'print_debug'
   print_debug(DEBUG_SM_LVL1, "L1 current acquired: %d mA.\r\n", smData.u32CurrentL1);
   ^~~~~~~~~~~
../src/include/weg_smw3000.c:611:53: note: format string is defined here
   print_debug(DEBUG_SM_LVL1, "L1 current acquired: %d mA.\r\n", smData.u32CurrentL1);
                                                    ~^
                                                    %ld
In file included from ../src/include/weg_smw3000.h:88,
                 from ../src/include/weg_smw3000.c:8:
../src/include/global_def.h:186:11: warning: format '%d' expects argument of type 'int', but argument 5 has type 'u32' {aka 'long unsigned int'} [-Wformat=]
    printf("%s:%d:%s() | " fmt, __FILE__, __LINE__, __func__, ## __VA_ARGS__); \
           ^~~~~~~~~~~~~~~
../src/include/weg_smw3000.c:616:3: note: in expansion of macro 'print_debug'
   print_debug(DEBUG_SM_LVL1, "L2 current acquired: %d mA.\r\n", smData.u32CurrentL2);
   ^~~~~~~~~~~
../src/include/weg_smw3000.c:616:53: note: format string is defined here
   print_debug(DEBUG_SM_LVL1, "L2 current acquired: %d mA.\r\n", smData.u32CurrentL2);
                                                    ~^
                                                    %ld
In file included from ../src/include/weg_smw3000.h:88,
                 from ../src/include/weg_smw3000.c:8:
../src/include/global_def.h:186:11: warning: format '%d' expects argument of type 'int', but argument 5 has type 'u32' {aka 'long unsigned int'} [-Wformat=]
    printf("%s:%d:%s() | " fmt, __FILE__, __LINE__, __func__, ## __VA_ARGS__); \
           ^~~~~~~~~~~~~~~
../src/include/weg_smw3000.c:621:3: note: in expansion of macro 'print_debug'
   print_debug(DEBUG_SM_LVL1, "L3 current acquired: %d mA.\r\n", smData.u32CurrentL3);
   ^~~~~~~~~~~
../src/include/weg_smw3000.c:621:53: note: format string is defined here
   print_debug(DEBUG_SM_LVL1, "L3 current acquired: %d mA.\r\n", smData.u32CurrentL3);
                                                    ~^
                                                    %ld
In file included from ../src/include/weg_smw3000.h:88,
                 from ../src/include/weg_smw3000.c:8:
../src/include/global_def.h:186:11: warning: format '%d' expects argument of type 'int', but argument 5 has type 'u32' {aka 'long unsigned int'} [-Wformat=]
    printf("%s:%d:%s() | " fmt, __FILE__, __LINE__, __func__, ## __VA_ARGS__); \
           ^~~~~~~~~~~~~~~
../src/include/weg_smw3000.c:626:3: note: in expansion of macro 'print_debug'
   print_debug(DEBUG_SM_LVL1, "Neutral current acquired: %d mA.\r\n", smData.u32CurrentN);
   ^~~~~~~~~~~
../src/include/weg_smw3000.c:626:58: note: format string is defined here
   print_debug(DEBUG_SM_LVL1, "Neutral current acquired: %d mA.\r\n", smData.u32CurrentN);
                                                         ~^
                                                         %ld
In file included from ../src/include/weg_smw3000.h:88,
                 from ../src/include/weg_smw3000.c:8:
../src/include/global_def.h:186:11: warning: format '%d' expects argument of type 'int', but argument 5 has type 'u32' {aka 'long unsigned int'} [-Wformat=]
    printf("%s:%d:%s() | " fmt, __FILE__, __LINE__, __func__, ## __VA_ARGS__); \
           ^~~~~~~~~~~~~~~
../src/include/weg_smw3000.c:631:3: note: in expansion of macro 'print_debug'
   print_debug(DEBUG_SM_LVL1, "L1 current acquired: %d mA.\r\n", smData.u32CurrentL1);
   ^~~~~~~~~~~
../src/include/weg_smw3000.c:631:53: note: format string is defined here
   print_debug(DEBUG_SM_LVL1, "L1 current acquired: %d mA.\r\n", smData.u32CurrentL1);
                                                    ~^
                                                    %ld
In file included from ../src/include/weg_smw3000.h:88,
                 from ../src/include/weg_smw3000.c:8:
../src/include/weg_smw3000.c: In function 'smw3000SendBuffer':
../src/include/global_def.h:186:11: warning: format '%d' expects argument of type 'int', but argument 5 has type 'u32' {aka 'long unsigned int'} [-Wformat=]
    printf("%s:%d:%s() | " fmt, __FILE__, __LINE__, __func__, ## __VA_ARGS__); \
           ^~~~~~~~~~~~~~~
../src/include/weg_smw3000.c:685:2: note: in expansion of macro 'print_debug'
  print_debug(DEBUG_SM_LVL0, "Sending (len: %d): ", smBuffer.u32TxBufferLen);
  ^~~~~~~~~~~
../src/include/weg_smw3000.c:685:45: note: format string is defined here
  print_debug(DEBUG_SM_LVL0, "Sending (len: %d): ", smBuffer.u32TxBufferLen);
                                            ~^
                                            %ld
In file included from ../src/include/weg_smw3000.h:88,
                 from ../src/include/weg_smw3000.c:8:
../src/include/weg_smw3000.c: In function 'smw3000PrintRxBuffer':
../src/include/global_def.h:186:11: warning: format '%d' expects argument of type 'int', but argument 5 has type 'u32' {aka 'long unsigned int'} [-Wformat=]
    printf("%s:%d:%s() | " fmt, __FILE__, __LINE__, __func__, ## __VA_ARGS__); \
           ^~~~~~~~~~~~~~~
../src/include/weg_smw3000.c:785:2: note: in expansion of macro 'print_debug'
  print_debug(DEBUG_SM_LVL0, "RX Buffer (len %d): ", smBuffer.u32RxBufferLen);
  ^~~~~~~~~~~
../src/include/weg_smw3000.c:785:46: note: format string is defined here
  print_debug(DEBUG_SM_LVL0, "RX Buffer (len %d): ", smBuffer.u32RxBufferLen);
                                             ~^
                                             %ld
In file included from ../src/include/weg_smw3000.h:88,
                 from ../src/include/weg_smw3000.c:8:
../src/include/weg_smw3000.c: In function 'smw3000PrintDataStruct':
../src/include/global_def.h:186:11: warning: format '%x' expects argument of type 'unsigned int', but argument 5 has type 'smDataStruct *' {aka 'struct smDataStruct *'} [-Wformat=]
    printf("%s:%d:%s() | " fmt, __FILE__, __LINE__, __func__, ## __VA_ARGS__); \
           ^~~~~~~~~~~~~~~
../src/include/weg_smw3000.c:815:2: note: in expansion of macro 'print_debug'
  print_debug(DEBUG_SM_LVL2, "Data structure (addr 0x%08x):\r\n", psmDataStruct);
  ^~~~~~~~~~~
../src/include/weg_smw3000.c:815:56: note: format string is defined here
  print_debug(DEBUG_SM_LVL2, "Data structure (addr 0x%08x):\r\n", psmDataStruct);
                                                     ~~~^
In file included from ../src/include/weg_smw3000.h:88,
                 from ../src/include/weg_smw3000.c:8:
../src/include/global_def.h:186:11: warning: format '%x' expects argument of type 'unsigned int', but argument 5 has type 'u32' {aka 'long unsigned int'} [-Wformat=]
    printf("%s:%d:%s() | " fmt, __FILE__, __LINE__, __func__, ## __VA_ARGS__); \
           ^~~~~~~~~~~~~~~
../src/include/weg_smw3000.c:816:2: note: in expansion of macro 'print_debug'
  print_debug(DEBUG_SM_LVL2, "Seed: 0x%08x\r\n", psmDataStruct->u32Seed);
  ^~~~~~~~~~~
../src/include/weg_smw3000.c:816:41: note: format string is defined here
  print_debug(DEBUG_SM_LVL2, "Seed: 0x%08x\r\n", psmDataStruct->u32Seed);
                                      ~~~^
                                      %08lx
In file included from ../src/include/weg_smw3000.h:88,
                 from ../src/include/weg_smw3000.c:8:
../src/include/global_def.h:186:11: warning: format '%d' expects argument of type 'int', but argument 5 has type 'u32' {aka 'long unsigned int'} [-Wformat=]
    printf("%s:%d:%s() | " fmt, __FILE__, __LINE__, __func__, ## __VA_ARGS__); \
           ^~~~~~~~~~~~~~~
../src/include/weg_smw3000.c:826:2: note: in expansion of macro 'print_debug'
  print_debug(DEBUG_SM_LVL2, "L1 voltage acquired: %d mV.\r\n", psmDataStruct->u32VoltageL1);
  ^~~~~~~~~~~
../src/include/weg_smw3000.c:826:52: note: format string is defined here
  print_debug(DEBUG_SM_LVL2, "L1 voltage acquired: %d mV.\r\n", psmDataStruct->u32VoltageL1);
                                                   ~^
                                                   %ld
In file included from ../src/include/weg_smw3000.h:88,
                 from ../src/include/weg_smw3000.c:8:
../src/include/global_def.h:186:11: warning: format '%d' expects argument of type 'int', but argument 5 has type 'u32' {aka 'long unsigned int'} [-Wformat=]
    printf("%s:%d:%s() | " fmt, __FILE__, __LINE__, __func__, ## __VA_ARGS__); \
           ^~~~~~~~~~~~~~~
../src/include/weg_smw3000.c:827:2: note: in expansion of macro 'print_debug'
  print_debug(DEBUG_SM_LVL2, "L2 voltage acquired: %d mV.\r\n", psmDataStruct->u32VoltageL2);
  ^~~~~~~~~~~
../src/include/weg_smw3000.c:827:52: note: format string is defined here
  print_debug(DEBUG_SM_LVL2, "L2 voltage acquired: %d mV.\r\n", psmDataStruct->u32VoltageL2);
                                                   ~^
                                                   %ld
In file included from ../src/include/weg_smw3000.h:88,
                 from ../src/include/weg_smw3000.c:8:
../src/include/global_def.h:186:11: warning: format '%d' expects argument of type 'int', but argument 5 has type 'u32' {aka 'long unsigned int'} [-Wformat=]
    printf("%s:%d:%s() | " fmt, __FILE__, __LINE__, __func__, ## __VA_ARGS__); \
           ^~~~~~~~~~~~~~~
../src/include/weg_smw3000.c:828:2: note: in expansion of macro 'print_debug'
  print_debug(DEBUG_SM_LVL2, "L3 voltage acquired: %d mV.\r\n", psmDataStruct->u32VoltageL3);
  ^~~~~~~~~~~
../src/include/weg_smw3000.c:828:52: note: format string is defined here
  print_debug(DEBUG_SM_LVL2, "L3 voltage acquired: %d mV.\r\n", psmDataStruct->u32VoltageL3);
                                                   ~^
                                                   %ld
In file included from ../src/include/weg_smw3000.h:88,
                 from ../src/include/weg_smw3000.c:8:
../src/include/global_def.h:186:11: warning: format '%d' expects argument of type 'int', but argument 5 has type 'u32' {aka 'long unsigned int'} [-Wformat=]
    printf("%s:%d:%s() | " fmt, __FILE__, __LINE__, __func__, ## __VA_ARGS__); \
           ^~~~~~~~~~~~~~~
../src/include/weg_smw3000.c:829:2: note: in expansion of macro 'print_debug'
  print_debug(DEBUG_SM_LVL2, "L1 current acquired: %d mA.\r\n", psmDataStruct->u32CurrentL1);
  ^~~~~~~~~~~
../src/include/weg_smw3000.c:829:52: note: format string is defined here
  print_debug(DEBUG_SM_LVL2, "L1 current acquired: %d mA.\r\n", psmDataStruct->u32CurrentL1);
                                                   ~^
                                                   %ld
In file included from ../src/include/weg_smw3000.h:88,
                 from ../src/include/weg_smw3000.c:8:
../src/include/global_def.h:186:11: warning: format '%d' expects argument of type 'int', but argument 5 has type 'u32' {aka 'long unsigned int'} [-Wformat=]
    printf("%s:%d:%s() | " fmt, __FILE__, __LINE__, __func__, ## __VA_ARGS__); \
           ^~~~~~~~~~~~~~~
../src/include/weg_smw3000.c:830:2: note: in expansion of macro 'print_debug'
  print_debug(DEBUG_SM_LVL2, "L2 current acquired: %d mA.\r\n", psmDataStruct->u32CurrentL2);
  ^~~~~~~~~~~
../src/include/weg_smw3000.c:830:52: note: format string is defined here
  print_debug(DEBUG_SM_LVL2, "L2 current acquired: %d mA.\r\n", psmDataStruct->u32CurrentL2);
                                                   ~^
                                                   %ld
In file included from ../src/include/weg_smw3000.h:88,
                 from ../src/include/weg_smw3000.c:8:
../src/include/global_def.h:186:11: warning: format '%d' expects argument of type 'int', but argument 5 has type 'u32' {aka 'long unsigned int'} [-Wformat=]
    printf("%s:%d:%s() | " fmt, __FILE__, __LINE__, __func__, ## __VA_ARGS__); \
           ^~~~~~~~~~~~~~~
../src/include/weg_smw3000.c:831:2: note: in expansion of macro 'print_debug'
  print_debug(DEBUG_SM_LVL2, "L3 current acquired: %d mA.\r\n", psmDataStruct->u32CurrentL3);
  ^~~~~~~~~~~
../src/include/weg_smw3000.c:831:52: note: format string is defined here
  print_debug(DEBUG_SM_LVL2, "L3 current acquired: %d mA.\r\n", psmDataStruct->u32CurrentL3);
                                                   ~^
                                                   %ld
In file included from ../src/include/weg_smw3000.h:88,
                 from ../src/include/weg_smw3000.c:8:
../src/include/global_def.h:186:11: warning: format '%d' expects argument of type 'int', but argument 5 has type 'u32' {aka 'long unsigned int'} [-Wformat=]
    printf("%s:%d:%s() | " fmt, __FILE__, __LINE__, __func__, ## __VA_ARGS__); \
           ^~~~~~~~~~~~~~~
../src/include/weg_smw3000.c:832:2: note: in expansion of macro 'print_debug'
  print_debug(DEBUG_SM_LVL2, "LN current acquired: %d mA.\r\n", psmDataStruct->u32CurrentN);
  ^~~~~~~~~~~
../src/include/weg_smw3000.c:832:52: note: format string is defined here
  print_debug(DEBUG_SM_LVL2, "LN current acquired: %d mA.\r\n", psmDataStruct->u32CurrentN);
                                                   ~^
                                                   %ld
Finished building: ../src/include/weg_smw3000.c
 
Building file: ../src/i2c_access.c
Invoking: ARM v7 gcc compiler
arm-none-eabi-gcc -Wall -O0 -g3 -c -fmessage-length=0 -MT"src/i2c_access.o" -mcpu=cortex-a9 -mfpu=vfpv3 -mfloat-abi=hard -I../../kyber-server_bsp/ps7_cortexa9_0/include -MMD -MP -MF"src/i2c_access.d" -MT"src/i2c_access.o" -o "src/i2c_access.o" "../src/i2c_access.c"
Finished building: ../src/i2c_access.c
 
Building file: ../src/iic_phyreset.c
Invoking: ARM v7 gcc compiler
arm-none-eabi-gcc -Wall -O0 -g3 -c -fmessage-length=0 -MT"src/iic_phyreset.o" -mcpu=cortex-a9 -mfpu=vfpv3 -mfloat-abi=hard -I../../kyber-server_bsp/ps7_cortexa9_0/include -MMD -MP -MF"src/iic_phyreset.d" -MT"src/iic_phyreset.o" -o "src/iic_phyreset.o" "../src/iic_phyreset.c"
Finished building: ../src/iic_phyreset.c
 
Building file: ../src/main.c
Invoking: ARM v7 gcc compiler
arm-none-eabi-gcc -Wall -O0 -g3 -c -fmessage-length=0 -MT"src/main.o" -mcpu=cortex-a9 -mfpu=vfpv3 -mfloat-abi=hard -I../../kyber-server_bsp/ps7_cortexa9_0/include -MMD -MP -MF"src/main.d" -MT"src/main.o" -o "src/main.o" "../src/main.c"
In file included from ../src/include/test_kem.h:16,
                 from ../src/include/global_def.h:35,
                 from ../src/main.c:30:
../src/include/global_def.h:177:1: warning: multi-line comment [-Wcomment]
 //#define print_debug(debugLevel, ...) \
 ^
In file included from ../src/main.c:30:
../src/include/global_def.h:177:1: warning: multi-line comment [-Wcomment]
 //#define print_debug(debugLevel, ...) \
 ^
In file included from ../src/main.c:30:
../src/main.c: In function 'main':
../src/include/global_def.h:186:11: warning: format '%d' expects argument of type 'int', but argument 6 has type 'uint32_t' {aka 'long unsigned int'} [-Wformat=]
    printf("%s:%d:%s() | " fmt, __FILE__, __LINE__, __func__, ## __VA_ARGS__); \
           ^~~~~~~~~~~~~~~
../src/main.c:568:6: note: in expansion of macro 'print_debug'
      print_debug(DEBUG_MAIN, "[%d] Changing key at every second %d.\r\n", i, clientStruct[i].u32ChangeKeySec);
      ^~~~~~~~~~~
../src/main.c:568:66: note: format string is defined here
      print_debug(DEBUG_MAIN, "[%d] Changing key at every second %d.\r\n", i, clientStruct[i].u32ChangeKeySec);
                                                                 ~^
                                                                 %ld
Finished building: ../src/main.c
 
Building file: ../src/platform.c
Invoking: ARM v7 gcc compiler
arm-none-eabi-gcc -Wall -O0 -g3 -c -fmessage-length=0 -MT"src/platform.o" -mcpu=cortex-a9 -mfpu=vfpv3 -mfloat-abi=hard -I../../kyber-server_bsp/ps7_cortexa9_0/include -MMD -MP -MF"src/platform.d" -MT"src/platform.o" -o "src/platform.o" "../src/platform.c"
Finished building: ../src/platform.c
 
Building file: ../src/platform_mb.c
Invoking: ARM v7 gcc compiler
arm-none-eabi-gcc -Wall -O0 -g3 -c -fmessage-length=0 -MT"src/platform_mb.o" -mcpu=cortex-a9 -mfpu=vfpv3 -mfloat-abi=hard -I../../kyber-server_bsp/ps7_cortexa9_0/include -MMD -MP -MF"src/platform_mb.d" -MT"src/platform_mb.o" -o "src/platform_mb.o" "../src/platform_mb.c"
Finished building: ../src/platform_mb.c
 
Building file: ../src/platform_zynq.c
Invoking: ARM v7 gcc compiler
arm-none-eabi-gcc -Wall -O0 -g3 -c -fmessage-length=0 -MT"src/platform_zynq.o" -mcpu=cortex-a9 -mfpu=vfpv3 -mfloat-abi=hard -I../../kyber-server_bsp/ps7_cortexa9_0/include -MMD -MP -MF"src/platform_zynq.d" -MT"src/platform_zynq.o" -o "src/platform_zynq.o" "../src/platform_zynq.c"
In file included from ../src/platform_zynq.c:60:
../../kyber-server_bsp/ps7_cortexa9_0/include/xtime_l.h:87:9: note: #pragma message: For the sleep routines, Global timer is being used
 #pragma message ("For the sleep routines, Global timer is being used")
         ^~~~~~~
Finished building: ../src/platform_zynq.c
 
Building file: ../src/platform_zynqmp.c
Invoking: ARM v7 gcc compiler
arm-none-eabi-gcc -Wall -O0 -g3 -c -fmessage-length=0 -MT"src/platform_zynqmp.o" -mcpu=cortex-a9 -mfpu=vfpv3 -mfloat-abi=hard -I../../kyber-server_bsp/ps7_cortexa9_0/include -MMD -MP -MF"src/platform_zynqmp.d" -MT"src/platform_zynqmp.o" -o "src/platform_zynqmp.o" "../src/platform_zynqmp.c"
Finished building: ../src/platform_zynqmp.c
 
Building file: ../src/sfp.c
Invoking: ARM v7 gcc compiler
arm-none-eabi-gcc -Wall -O0 -g3 -c -fmessage-length=0 -MT"src/sfp.o" -mcpu=cortex-a9 -mfpu=vfpv3 -mfloat-abi=hard -I../../kyber-server_bsp/ps7_cortexa9_0/include -MMD -MP -MF"src/sfp.d" -MT"src/sfp.o" -o "src/sfp.o" "../src/sfp.c"
Finished building: ../src/sfp.c
 
Building file: ../src/si5324.c
Invoking: ARM v7 gcc compiler
arm-none-eabi-gcc -Wall -O0 -g3 -c -fmessage-length=0 -MT"src/si5324.o" -mcpu=cortex-a9 -mfpu=vfpv3 -mfloat-abi=hard -I../../kyber-server_bsp/ps7_cortexa9_0/include -MMD -MP -MF"src/si5324.d" -MT"src/si5324.o" -o "src/si5324.o" "../src/si5324.c"
Finished building: ../src/si5324.c
 
Building file: ../src/tcp_perf_server.c
Invoking: ARM v7 gcc compiler
arm-none-eabi-gcc -Wall -O0 -g3 -c -fmessage-length=0 -MT"src/tcp_perf_server.o" -mcpu=cortex-a9 -mfpu=vfpv3 -mfloat-abi=hard -I../../kyber-server_bsp/ps7_cortexa9_0/include -MMD -MP -MF"src/tcp_perf_server.d" -MT"src/tcp_perf_server.o" -o "src/tcp_perf_server.o" "../src/tcp_perf_server.c"
In file included from ../src/include/test_kem.h:16,
                 from ../src/include/global_def.h:35,
                 from ../src/tcp_perf_server.h:32,
                 from ../src/tcp_perf_server.c:31:
../src/include/global_def.h:177:1: warning: multi-line comment [-Wcomment]
 //#define print_debug(debugLevel, ...) \
 ^
In file included from ../src/tcp_perf_server.h:32,
                 from ../src/tcp_perf_server.c:31:
../src/include/global_def.h:177:1: warning: multi-line comment [-Wcomment]
 //#define print_debug(debugLevel, ...) \
 ^
../src/tcp_perf_server.c:361:14: warning: 'tcp_recv_perf_traffic' defined but not used [-Wunused-function]
 static err_t tcp_recv_perf_traffic(void *arg, struct tcp_pcb *tpcb,
              ^~~~~~~~~~~~~~~~~~~~~
Finished building: ../src/tcp_perf_server.c
 
Building target: kyber-server.elf
Invoking: ARM v7 gcc linker
arm-none-eabi-gcc -mcpu=cortex-a9 -mfpu=vfpv3 -mfloat-abi=hard -Wl,-build-id=none -specs=Xilinx.spec -Wl,-T -Wl,../src/lscript.ld -L../../kyber-server_bsp/ps7_cortexa9_0/lib -o "kyber-server.elf"  ./src/include/aes256ctr.o ./src/include/aes256gcm.o ./src/include/cbd.o ./src/include/fips202.o ./src/include/global_func.o ./src/include/indcpa.o ./src/include/kem.o ./src/include/ntt.o ./src/include/poly.o ./src/include/polyvec.o ./src/include/randombytes.o ./src/include/reduce.o ./src/include/sha256.o ./src/include/sha512.o ./src/include/symmetric-aes.o ./src/include/symmetric-shake.o ./src/include/test_kem.o ./src/include/verify.o ./src/include/weg_smw3000.o  ./src/i2c_access.o ./src/iic_phyreset.o ./src/main.o ./src/platform.o ./src/platform_mb.o ./src/platform_zynq.o ./src/platform_zynqmp.o ./src/sfp.o ./src/si5324.o ./src/tcp_perf_server.o   -Wl,--start-group,-lxil,-lgcc,-lc,--end-group -Wl,--start-group,-lxil,-llwip4,-lgcc,-lc,--end-group
Finished building target: kyber-server.elf
 
Invoking: ARM v7 Print Size
arm-none-eabi-size kyber-server.elf  |tee "kyber-server.elf.size"
   text	   data	    bss	    dec	    hex	filename
 447384	   3776	31578416	32029576	1e8bb88	kyber-server.elf
Finished building: kyber-server.elf.size
 
20:55:17 **** Incremental Build of configuration Debug for project kyber-fpga ****
make pre-build main-build 
a9-linaro-pre-build-step
 
Building file: ../src/main.c
Invoking: ARM v7 gcc compiler
arm-none-eabi-gcc -Wall -O0 -g3 -c -fmessage-length=0 -MT"src/main.o" -mcpu=cortex-a9 -mfpu=vfpv3 -mfloat-abi=hard -I../../kyber-fpga_bsp/ps7_cortexa9_0/include -MMD -MP -MF"src/main.d" -MT"src/main.o" -o "src/main.o" "../src/main.c"
Finished building: ../src/main.c
 
Building target: kyber-fpga.elf
Invoking: ARM v7 gcc linker
arm-none-eabi-gcc -mcpu=cortex-a9 -mfpu=vfpv3 -mfloat-abi=hard -Wl,-build-id=none -specs=Xilinx.spec -Wl,-T -Wl,../src/lscript.ld -L../../kyber-fpga_bsp/ps7_cortexa9_0/lib -o "kyber-fpga.elf"  ./src/include/aes256ctr.o ./src/include/cbd.o ./src/include/fips202.o ./src/include/global_func.o ./src/include/indcpa.o ./src/include/kem.o ./src/include/ntt.o ./src/include/poly.o ./src/include/polyvec.o ./src/include/randombytes.o ./src/include/reduce.o ./src/include/sha256.o ./src/include/sha512.o ./src/include/symmetric-aes.o ./src/include/symmetric-shake.o ./src/include/test_kem.o ./src/include/verify.o  ./src/main.o ./src/platform.o   -Wl,--start-group,-lxil,-lgcc,-lc,--end-group
Finished building target: kyber-fpga.elf
 
Invoking: ARM v7 Print Size
arm-none-eabi-size kyber-fpga.elf  |tee "kyber-fpga.elf.size"
   text	   data	    bss	    dec	    hex	filename
 328644	   2864	4203360	4534868	 453254	kyber-fpga.elf
Finished building: kyber-fpga.elf.size
 
20:57:05 **** Incremental Build of configuration Debug for project kyber-server ****
make pre-build main-build 
a9-linaro-pre-build-step
 
make: Nothing to be done for 'main-build'.
20:58:03 **** Incremental Build of configuration Debug for project kyber-client ****
make pre-build main-build 
a9-linaro-pre-build-step
 
make: Nothing to be done for 'main-build'.
20:59:38 **** Incremental Build of configuration Debug for project kyber-fpga ****
make pre-build main-build 
a9-linaro-pre-build-step
 
Building file: ../src/include/cbd.c
Invoking: ARM v7 gcc compiler
arm-none-eabi-gcc -Wall -O0 -g3 -c -fmessage-length=0 -MT"src/include/cbd.o" -mcpu=cortex-a9 -mfpu=vfpv3 -mfloat-abi=hard -I../../kyber-fpga_bsp/ps7_cortexa9_0/include -MMD -MP -MF"src/include/cbd.d" -MT"src/include/cbd.o" -o "src/include/cbd.o" "../src/include/cbd.c"
Finished building: ../src/include/cbd.c
 
Building file: ../src/include/fips202.c
Invoking: ARM v7 gcc compiler
arm-none-eabi-gcc -Wall -O0 -g3 -c -fmessage-length=0 -MT"src/include/fips202.o" -mcpu=cortex-a9 -mfpu=vfpv3 -mfloat-abi=hard -I../../kyber-fpga_bsp/ps7_cortexa9_0/include -MMD -MP -MF"src/include/fips202.d" -MT"src/include/fips202.o" -o "src/include/fips202.o" "../src/include/fips202.c"
Finished building: ../src/include/fips202.c
 
Building file: ../src/include/global_func.c
Invoking: ARM v7 gcc compiler
arm-none-eabi-gcc -Wall -O0 -g3 -c -fmessage-length=0 -MT"src/include/global_func.o" -mcpu=cortex-a9 -mfpu=vfpv3 -mfloat-abi=hard -I../../kyber-fpga_bsp/ps7_cortexa9_0/include -MMD -MP -MF"src/include/global_func.d" -MT"src/include/global_func.o" -o "src/include/global_func.o" "../src/include/global_func.c"
In file included from ../src/include/global_func.c:8:
../src/include/global_func.c: In function 'printTimeVariables':
../src/include/global_func.c:197:26: warning: format '%x' expects argument of type 'unsigned int', but argument 4 has type 'u32' {aka 'long unsigned int'} [-Wformat=]
  print_debug(DEBUG_TIME, "[TIME] u32Cycles: %lu | n: %d | u32SystemState: 0x%x\n", u32Cycles, n, u32SystemState);
                          ^~~~~~~~~~~~~~~~~~~~~~~~~~~~~~~~~~~~~~~~~~~~~~~~~~~~~~~~                ~~~~~~~~~~~~~~
../src/include/global_def.h:112:11: note: in definition of macro 'print_debug'
    printf(__VA_ARGS__); \
           ^~~~~~~~~~~
Finished building: ../src/include/global_func.c
 
Building file: ../src/include/indcpa.c
Invoking: ARM v7 gcc compiler
arm-none-eabi-gcc -Wall -O0 -g3 -c -fmessage-length=0 -MT"src/include/indcpa.o" -mcpu=cortex-a9 -mfpu=vfpv3 -mfloat-abi=hard -I../../kyber-fpga_bsp/ps7_cortexa9_0/include -MMD -MP -MF"src/include/indcpa.d" -MT"src/include/indcpa.o" -o "src/include/indcpa.o" "../src/include/indcpa.c"
Finished building: ../src/include/indcpa.c
 
Building file: ../src/include/kem.c
Invoking: ARM v7 gcc compiler
arm-none-eabi-gcc -Wall -O0 -g3 -c -fmessage-length=0 -MT"src/include/kem.o" -mcpu=cortex-a9 -mfpu=vfpv3 -mfloat-abi=hard -I../../kyber-fpga_bsp/ps7_cortexa9_0/include -MMD -MP -MF"src/include/kem.d" -MT"src/include/kem.o" -o "src/include/kem.o" "../src/include/kem.c"
Finished building: ../src/include/kem.c
 
Building file: ../src/include/ntt.c
Invoking: ARM v7 gcc compiler
arm-none-eabi-gcc -Wall -O0 -g3 -c -fmessage-length=0 -MT"src/include/ntt.o" -mcpu=cortex-a9 -mfpu=vfpv3 -mfloat-abi=hard -I../../kyber-fpga_bsp/ps7_cortexa9_0/include -MMD -MP -MF"src/include/ntt.d" -MT"src/include/ntt.o" -o "src/include/ntt.o" "../src/include/ntt.c"
Finished building: ../src/include/ntt.c
 
Building file: ../src/include/poly.c
Invoking: ARM v7 gcc compiler
arm-none-eabi-gcc -Wall -O0 -g3 -c -fmessage-length=0 -MT"src/include/poly.o" -mcpu=cortex-a9 -mfpu=vfpv3 -mfloat-abi=hard -I../../kyber-fpga_bsp/ps7_cortexa9_0/include -MMD -MP -MF"src/include/poly.d" -MT"src/include/poly.o" -o "src/include/poly.o" "../src/include/poly.c"
Finished building: ../src/include/poly.c
 
Building file: ../src/include/polyvec.c
Invoking: ARM v7 gcc compiler
arm-none-eabi-gcc -Wall -O0 -g3 -c -fmessage-length=0 -MT"src/include/polyvec.o" -mcpu=cortex-a9 -mfpu=vfpv3 -mfloat-abi=hard -I../../kyber-fpga_bsp/ps7_cortexa9_0/include -MMD -MP -MF"src/include/polyvec.d" -MT"src/include/polyvec.o" -o "src/include/polyvec.o" "../src/include/polyvec.c"
Finished building: ../src/include/polyvec.c
 
Building file: ../src/include/reduce.c
Invoking: ARM v7 gcc compiler
arm-none-eabi-gcc -Wall -O0 -g3 -c -fmessage-length=0 -MT"src/include/reduce.o" -mcpu=cortex-a9 -mfpu=vfpv3 -mfloat-abi=hard -I../../kyber-fpga_bsp/ps7_cortexa9_0/include -MMD -MP -MF"src/include/reduce.d" -MT"src/include/reduce.o" -o "src/include/reduce.o" "../src/include/reduce.c"
Finished building: ../src/include/reduce.c
 
Building file: ../src/include/symmetric-aes.c
Invoking: ARM v7 gcc compiler
arm-none-eabi-gcc -Wall -O0 -g3 -c -fmessage-length=0 -MT"src/include/symmetric-aes.o" -mcpu=cortex-a9 -mfpu=vfpv3 -mfloat-abi=hard -I../../kyber-fpga_bsp/ps7_cortexa9_0/include -MMD -MP -MF"src/include/symmetric-aes.d" -MT"src/include/symmetric-aes.o" -o "src/include/symmetric-aes.o" "../src/include/symmetric-aes.c"
Finished building: ../src/include/symmetric-aes.c
 
Building file: ../src/include/symmetric-shake.c
Invoking: ARM v7 gcc compiler
arm-none-eabi-gcc -Wall -O0 -g3 -c -fmessage-length=0 -MT"src/include/symmetric-shake.o" -mcpu=cortex-a9 -mfpu=vfpv3 -mfloat-abi=hard -I../../kyber-fpga_bsp/ps7_cortexa9_0/include -MMD -MP -MF"src/include/symmetric-shake.d" -MT"src/include/symmetric-shake.o" -o "src/include/symmetric-shake.o" "../src/include/symmetric-shake.c"
Finished building: ../src/include/symmetric-shake.c
 
Building file: ../src/include/test_kem.c
Invoking: ARM v7 gcc compiler
arm-none-eabi-gcc -Wall -O0 -g3 -c -fmessage-length=0 -MT"src/include/test_kem.o" -mcpu=cortex-a9 -mfpu=vfpv3 -mfloat-abi=hard -I../../kyber-fpga_bsp/ps7_cortexa9_0/include -MMD -MP -MF"src/include/test_kem.d" -MT"src/include/test_kem.o" -o "src/include/test_kem.o" "../src/include/test_kem.c"
Finished building: ../src/include/test_kem.c
 
Building file: ../src/include/verify.c
Invoking: ARM v7 gcc compiler
arm-none-eabi-gcc -Wall -O0 -g3 -c -fmessage-length=0 -MT"src/include/verify.o" -mcpu=cortex-a9 -mfpu=vfpv3 -mfloat-abi=hard -I../../kyber-fpga_bsp/ps7_cortexa9_0/include -MMD -MP -MF"src/include/verify.d" -MT"src/include/verify.o" -o "src/include/verify.o" "../src/include/verify.c"
Finished building: ../src/include/verify.c
 
Building file: ../src/main.c
Invoking: ARM v7 gcc compiler
arm-none-eabi-gcc -Wall -O0 -g3 -c -fmessage-length=0 -MT"src/main.o" -mcpu=cortex-a9 -mfpu=vfpv3 -mfloat-abi=hard -I../../kyber-fpga_bsp/ps7_cortexa9_0/include -MMD -MP -MF"src/main.d" -MT"src/main.o" -o "src/main.o" "../src/main.c"
Finished building: ../src/main.c
 
Building target: kyber-fpga.elf
Invoking: ARM v7 gcc linker
arm-none-eabi-gcc -mcpu=cortex-a9 -mfpu=vfpv3 -mfloat-abi=hard -Wl,-build-id=none -specs=Xilinx.spec -Wl,-T -Wl,../src/lscript.ld -L../../kyber-fpga_bsp/ps7_cortexa9_0/lib -o "kyber-fpga.elf"  ./src/include/aes256ctr.o ./src/include/cbd.o ./src/include/fips202.o ./src/include/global_func.o ./src/include/indcpa.o ./src/include/kem.o ./src/include/ntt.o ./src/include/poly.o ./src/include/polyvec.o ./src/include/randombytes.o ./src/include/reduce.o ./src/include/sha256.o ./src/include/sha512.o ./src/include/symmetric-aes.o ./src/include/symmetric-shake.o ./src/include/test_kem.o ./src/include/verify.o  ./src/main.o ./src/platform.o   -Wl,--start-group,-lxil,-lgcc,-lc,--end-group
Finished building target: kyber-fpga.elf
 
Invoking: ARM v7 Print Size
arm-none-eabi-size kyber-fpga.elf  |tee "kyber-fpga.elf.size"
   text	   data	    bss	    dec	    hex	filename
 328580	   2864	4203360	4534804	 453214	kyber-fpga.elf
Finished building: kyber-fpga.elf.size
 
21:02:38 **** Incremental Build of configuration Debug for project kyber-fpga ****
make pre-build main-build 
a9-linaro-pre-build-step
 
Building file: ../src/include/cbd.c
Invoking: ARM v7 gcc compiler
arm-none-eabi-gcc -Wall -O0 -g3 -c -fmessage-length=0 -MT"src/include/cbd.o" -mcpu=cortex-a9 -mfpu=vfpv3 -mfloat-abi=hard -I../../kyber-fpga_bsp/ps7_cortexa9_0/include -MMD -MP -MF"src/include/cbd.d" -MT"src/include/cbd.o" -o "src/include/cbd.o" "../src/include/cbd.c"
Finished building: ../src/include/cbd.c
 
Building file: ../src/include/fips202.c
Invoking: ARM v7 gcc compiler
arm-none-eabi-gcc -Wall -O0 -g3 -c -fmessage-length=0 -MT"src/include/fips202.o" -mcpu=cortex-a9 -mfpu=vfpv3 -mfloat-abi=hard -I../../kyber-fpga_bsp/ps7_cortexa9_0/include -MMD -MP -MF"src/include/fips202.d" -MT"src/include/fips202.o" -o "src/include/fips202.o" "../src/include/fips202.c"
Finished building: ../src/include/fips202.c
 
Building file: ../src/include/global_func.c
Invoking: ARM v7 gcc compiler
arm-none-eabi-gcc -Wall -O0 -g3 -c -fmessage-length=0 -MT"src/include/global_func.o" -mcpu=cortex-a9 -mfpu=vfpv3 -mfloat-abi=hard -I../../kyber-fpga_bsp/ps7_cortexa9_0/include -MMD -MP -MF"src/include/global_func.d" -MT"src/include/global_func.o" -o "src/include/global_func.o" "../src/include/global_func.c"
In file included from ../src/include/global_func.c:8:
../src/include/global_func.c: In function 'printTimeVariables':
../src/include/global_func.c:197:26: warning: format '%x' expects argument of type 'unsigned int', but argument 4 has type 'u32' {aka 'long unsigned int'} [-Wformat=]
  print_debug(DEBUG_TIME, "[TIME] u32Cycles: %lu | n: %d | u32SystemState: 0x%x\n", u32Cycles, n, u32SystemState);
                          ^~~~~~~~~~~~~~~~~~~~~~~~~~~~~~~~~~~~~~~~~~~~~~~~~~~~~~~~                ~~~~~~~~~~~~~~
../src/include/global_def.h:112:11: note: in definition of macro 'print_debug'
    printf(__VA_ARGS__); \
           ^~~~~~~~~~~
Finished building: ../src/include/global_func.c
 
Building file: ../src/include/indcpa.c
Invoking: ARM v7 gcc compiler
arm-none-eabi-gcc -Wall -O0 -g3 -c -fmessage-length=0 -MT"src/include/indcpa.o" -mcpu=cortex-a9 -mfpu=vfpv3 -mfloat-abi=hard -I../../kyber-fpga_bsp/ps7_cortexa9_0/include -MMD -MP -MF"src/include/indcpa.d" -MT"src/include/indcpa.o" -o "src/include/indcpa.o" "../src/include/indcpa.c"
Finished building: ../src/include/indcpa.c
 
Building file: ../src/include/kem.c
Invoking: ARM v7 gcc compiler
arm-none-eabi-gcc -Wall -O0 -g3 -c -fmessage-length=0 -MT"src/include/kem.o" -mcpu=cortex-a9 -mfpu=vfpv3 -mfloat-abi=hard -I../../kyber-fpga_bsp/ps7_cortexa9_0/include -MMD -MP -MF"src/include/kem.d" -MT"src/include/kem.o" -o "src/include/kem.o" "../src/include/kem.c"
Finished building: ../src/include/kem.c
 
Building file: ../src/include/ntt.c
Invoking: ARM v7 gcc compiler
arm-none-eabi-gcc -Wall -O0 -g3 -c -fmessage-length=0 -MT"src/include/ntt.o" -mcpu=cortex-a9 -mfpu=vfpv3 -mfloat-abi=hard -I../../kyber-fpga_bsp/ps7_cortexa9_0/include -MMD -MP -MF"src/include/ntt.d" -MT"src/include/ntt.o" -o "src/include/ntt.o" "../src/include/ntt.c"
Finished building: ../src/include/ntt.c
 
Building file: ../src/include/poly.c
Invoking: ARM v7 gcc compiler
arm-none-eabi-gcc -Wall -O0 -g3 -c -fmessage-length=0 -MT"src/include/poly.o" -mcpu=cortex-a9 -mfpu=vfpv3 -mfloat-abi=hard -I../../kyber-fpga_bsp/ps7_cortexa9_0/include -MMD -MP -MF"src/include/poly.d" -MT"src/include/poly.o" -o "src/include/poly.o" "../src/include/poly.c"
Finished building: ../src/include/poly.c
 
Building file: ../src/include/polyvec.c
Invoking: ARM v7 gcc compiler
arm-none-eabi-gcc -Wall -O0 -g3 -c -fmessage-length=0 -MT"src/include/polyvec.o" -mcpu=cortex-a9 -mfpu=vfpv3 -mfloat-abi=hard -I../../kyber-fpga_bsp/ps7_cortexa9_0/include -MMD -MP -MF"src/include/polyvec.d" -MT"src/include/polyvec.o" -o "src/include/polyvec.o" "../src/include/polyvec.c"
Finished building: ../src/include/polyvec.c
 
Building file: ../src/include/reduce.c
Invoking: ARM v7 gcc compiler
arm-none-eabi-gcc -Wall -O0 -g3 -c -fmessage-length=0 -MT"src/include/reduce.o" -mcpu=cortex-a9 -mfpu=vfpv3 -mfloat-abi=hard -I../../kyber-fpga_bsp/ps7_cortexa9_0/include -MMD -MP -MF"src/include/reduce.d" -MT"src/include/reduce.o" -o "src/include/reduce.o" "../src/include/reduce.c"
Finished building: ../src/include/reduce.c
 
Building file: ../src/include/symmetric-aes.c
Invoking: ARM v7 gcc compiler
arm-none-eabi-gcc -Wall -O0 -g3 -c -fmessage-length=0 -MT"src/include/symmetric-aes.o" -mcpu=cortex-a9 -mfpu=vfpv3 -mfloat-abi=hard -I../../kyber-fpga_bsp/ps7_cortexa9_0/include -MMD -MP -MF"src/include/symmetric-aes.d" -MT"src/include/symmetric-aes.o" -o "src/include/symmetric-aes.o" "../src/include/symmetric-aes.c"
Finished building: ../src/include/symmetric-aes.c
 
Building file: ../src/include/symmetric-shake.c
Invoking: ARM v7 gcc compiler
arm-none-eabi-gcc -Wall -O0 -g3 -c -fmessage-length=0 -MT"src/include/symmetric-shake.o" -mcpu=cortex-a9 -mfpu=vfpv3 -mfloat-abi=hard -I../../kyber-fpga_bsp/ps7_cortexa9_0/include -MMD -MP -MF"src/include/symmetric-shake.d" -MT"src/include/symmetric-shake.o" -o "src/include/symmetric-shake.o" "../src/include/symmetric-shake.c"
Finished building: ../src/include/symmetric-shake.c
 
Building file: ../src/include/test_kem.c
Invoking: ARM v7 gcc compiler
arm-none-eabi-gcc -Wall -O0 -g3 -c -fmessage-length=0 -MT"src/include/test_kem.o" -mcpu=cortex-a9 -mfpu=vfpv3 -mfloat-abi=hard -I../../kyber-fpga_bsp/ps7_cortexa9_0/include -MMD -MP -MF"src/include/test_kem.d" -MT"src/include/test_kem.o" -o "src/include/test_kem.o" "../src/include/test_kem.c"
Finished building: ../src/include/test_kem.c
 
Building file: ../src/include/verify.c
Invoking: ARM v7 gcc compiler
arm-none-eabi-gcc -Wall -O0 -g3 -c -fmessage-length=0 -MT"src/include/verify.o" -mcpu=cortex-a9 -mfpu=vfpv3 -mfloat-abi=hard -I../../kyber-fpga_bsp/ps7_cortexa9_0/include -MMD -MP -MF"src/include/verify.d" -MT"src/include/verify.o" -o "src/include/verify.o" "../src/include/verify.c"
Finished building: ../src/include/verify.c
 
Building file: ../src/main.c
Invoking: ARM v7 gcc compiler
arm-none-eabi-gcc -Wall -O0 -g3 -c -fmessage-length=0 -MT"src/main.o" -mcpu=cortex-a9 -mfpu=vfpv3 -mfloat-abi=hard -I../../kyber-fpga_bsp/ps7_cortexa9_0/include -MMD -MP -MF"src/main.d" -MT"src/main.o" -o "src/main.o" "../src/main.c"
Finished building: ../src/main.c
 
Building target: kyber-fpga.elf
Invoking: ARM v7 gcc linker
arm-none-eabi-gcc -mcpu=cortex-a9 -mfpu=vfpv3 -mfloat-abi=hard -Wl,-build-id=none -specs=Xilinx.spec -Wl,-T -Wl,../src/lscript.ld -L../../kyber-fpga_bsp/ps7_cortexa9_0/lib -o "kyber-fpga.elf"  ./src/include/aes256ctr.o ./src/include/cbd.o ./src/include/fips202.o ./src/include/global_func.o ./src/include/indcpa.o ./src/include/kem.o ./src/include/ntt.o ./src/include/poly.o ./src/include/polyvec.o ./src/include/randombytes.o ./src/include/reduce.o ./src/include/sha256.o ./src/include/sha512.o ./src/include/symmetric-aes.o ./src/include/symmetric-shake.o ./src/include/test_kem.o ./src/include/verify.o  ./src/main.o ./src/platform.o   -Wl,--start-group,-lxil,-lgcc,-lc,--end-group
Finished building target: kyber-fpga.elf
 
Invoking: ARM v7 Print Size
arm-none-eabi-size kyber-fpga.elf  |tee "kyber-fpga.elf.size"
   text	   data	    bss	    dec	    hex	filename
 328764	   2864	4203360	4534988	 4532cc	kyber-fpga.elf
Finished building: kyber-fpga.elf.size
 
21:03:41 **** Incremental Build of configuration Debug for project kyber-server ****
make pre-build main-build 
a9-linaro-pre-build-step
 
make: Nothing to be done for 'main-build'.
21:04:18 **** Incremental Build of configuration Debug for project kyber-server ****
make pre-build main-build 
a9-linaro-pre-build-step
 
Building file: ../src/include/aes256gcm.c
Invoking: ARM v7 gcc compiler
arm-none-eabi-gcc -Wall -O0 -g3 -c -fmessage-length=0 -MT"src/include/aes256gcm.o" -mcpu=cortex-a9 -mfpu=vfpv3 -mfloat-abi=hard -I../../kyber-server_bsp/ps7_cortexa9_0/include -MMD -MP -MF"src/include/aes256gcm.d" -MT"src/include/aes256gcm.o" -o "src/include/aes256gcm.o" "../src/include/aes256gcm.c"
In file included from ../src/include/test_kem.h:16,
                 from ../src/include/global_def.h:35,
                 from ../src/include/aes256gcm.h:16,
                 from ../src/include/aes256gcm.c:8:
../src/include/global_def.h:177:1: warning: multi-line comment [-Wcomment]
 //#define print_debug(debugLevel, ...) \
 ^
In file included from ../src/include/aes256gcm.h:16,
                 from ../src/include/aes256gcm.c:8:
../src/include/global_def.h:177:1: warning: multi-line comment [-Wcomment]
 //#define print_debug(debugLevel, ...) \
 ^
Finished building: ../src/include/aes256gcm.c
 
Building file: ../src/include/cbd.c
Invoking: ARM v7 gcc compiler
arm-none-eabi-gcc -Wall -O0 -g3 -c -fmessage-length=0 -MT"src/include/cbd.o" -mcpu=cortex-a9 -mfpu=vfpv3 -mfloat-abi=hard -I../../kyber-server_bsp/ps7_cortexa9_0/include -MMD -MP -MF"src/include/cbd.d" -MT"src/include/cbd.o" -o "src/include/cbd.o" "../src/include/cbd.c"
In file included from ../src/include/test_kem.h:16,
                 from ../src/include/global_def.h:35,
                 from ../src/include/poly.h:5,
                 from ../src/include/cbd.h:6,
                 from ../src/include/cbd.c:3:
../src/include/global_def.h:177:1: warning: multi-line comment [-Wcomment]
 //#define print_debug(debugLevel, ...) \
 ^
In file included from ../src/include/poly.h:5,
                 from ../src/include/cbd.h:6,
                 from ../src/include/cbd.c:3:
../src/include/global_def.h:177:1: warning: multi-line comment [-Wcomment]
 //#define print_debug(debugLevel, ...) \
 ^
Finished building: ../src/include/cbd.c
 
Building file: ../src/include/fips202.c
Invoking: ARM v7 gcc compiler
arm-none-eabi-gcc -Wall -O0 -g3 -c -fmessage-length=0 -MT"src/include/fips202.o" -mcpu=cortex-a9 -mfpu=vfpv3 -mfloat-abi=hard -I../../kyber-server_bsp/ps7_cortexa9_0/include -MMD -MP -MF"src/include/fips202.d" -MT"src/include/fips202.o" -o "src/include/fips202.o" "../src/include/fips202.c"
In file included from ../src/include/test_kem.h:16,
                 from ../src/include/global_def.h:35,
                 from ../src/include/fips202.h:6,
                 from ../src/include/fips202.c:8:
../src/include/global_def.h:177:1: warning: multi-line comment [-Wcomment]
 //#define print_debug(debugLevel, ...) \
 ^
In file included from ../src/include/fips202.h:6,
                 from ../src/include/fips202.c:8:
../src/include/global_def.h:177:1: warning: multi-line comment [-Wcomment]
 //#define print_debug(debugLevel, ...) \
 ^
Finished building: ../src/include/fips202.c
 
Building file: ../src/include/global_func.c
Invoking: ARM v7 gcc compiler
[...]
   print_debug(DEBUG_SM_LVL1, "L1 voltage acquired: %d mV.\r\n", smData.u32VoltageL1);
   ^~~~~~~~~~~
../src/include/weg_smw3000.c:515:53: note: format string is defined here
   print_debug(DEBUG_SM_LVL1, "L1 voltage acquired: %d mV.\r\n", smData.u32VoltageL1);
                                                    ~^
                                                    %ld
In file included from ../src/include/weg_smw3000.h:88,
                 from ../src/include/weg_smw3000.c:8:
../src/include/global_def.h:205:11: warning: format '%d' expects argument of type 'int', but argument 5 has type 'u32' {aka 'long unsigned int'} [-Wformat=]
    printf("%s:%d:%s() | " fmt, __FILE__, __LINE__, __func__, ## __VA_ARGS__); \
           ^~~~~~~~~~~~~~~
../src/include/weg_smw3000.c:520:3: note: in expansion of macro 'print_debug'
   print_debug(DEBUG_SM_LVL1, "L2 voltage acquired: %d mV.\r\n", smData.u32VoltageL2);
   ^~~~~~~~~~~
../src/include/weg_smw3000.c:520:53: note: format string is defined here
   print_debug(DEBUG_SM_LVL1, "L2 voltage acquired: %d mV.\r\n", smData.u32VoltageL2);
                                                    ~^
                                                    %ld
In file included from ../src/include/weg_smw3000.h:88,
                 from ../src/include/weg_smw3000.c:8:
../src/include/global_def.h:205:11: warning: format '%d' expects argument of type 'int', but argument 5 has type 'u32' {aka 'long unsigned int'} [-Wformat=]
    printf("%s:%d:%s() | " fmt, __FILE__, __LINE__, __func__, ## __VA_ARGS__); \
           ^~~~~~~~~~~~~~~
../src/include/weg_smw3000.c:525:3: note: in expansion of macro 'print_debug'
   print_debug(DEBUG_SM_LVL1, "L3 voltage acquired: %d mV.\r\n", smData.u32VoltageL3);
   ^~~~~~~~~~~
../src/include/weg_smw3000.c:525:53: note: format string is defined here
   print_debug(DEBUG_SM_LVL1, "L3 voltage acquired: %d mV.\r\n", smData.u32VoltageL3);
                                                    ~^
                                                    %ld
In file included from ../src/include/weg_smw3000.h:88,
                 from ../src/include/weg_smw3000.c:8:
../src/include/global_def.h:205:11: warning: format '%d' expects argument of type 'int', but argument 5 has type 'u32' {aka 'long unsigned int'} [-Wformat=]
    printf("%s:%d:%s() | " fmt, __FILE__, __LINE__, __func__, ## __VA_ARGS__); \
           ^~~~~~~~~~~~~~~
../src/include/weg_smw3000.c:530:3: note: in expansion of macro 'print_debug'
   print_debug(DEBUG_SM_LVL1, "L1 voltage acquired: %d mV.\r\n", smData.u32VoltageL1);
   ^~~~~~~~~~~
../src/include/weg_smw3000.c:530:53: note: format string is defined here
   print_debug(DEBUG_SM_LVL1, "L1 voltage acquired: %d mV.\r\n", smData.u32VoltageL1);
                                                    ~^
                                                    %ld
In file included from ../src/include/weg_smw3000.h:88,
                 from ../src/include/weg_smw3000.c:8:
../src/include/weg_smw3000.c: In function 'smw3000GetLineCurrent':
../src/include/global_def.h:205:11: warning: format '%d' expects argument of type 'int', but argument 5 has type 'u32' {aka 'long unsigned int'} [-Wformat=]
    printf("%s:%d:%s() | " fmt, __FILE__, __LINE__, __func__, ## __VA_ARGS__); \
           ^~~~~~~~~~~~~~~
../src/include/weg_smw3000.c:611:3: note: in expansion of macro 'print_debug'
   print_debug(DEBUG_SM_LVL1, "L1 current acquired: %d mA.\r\n", smData.u32CurrentL1);
   ^~~~~~~~~~~
../src/include/weg_smw3000.c:611:53: note: format string is defined here
   print_debug(DEBUG_SM_LVL1, "L1 current acquired: %d mA.\r\n", smData.u32CurrentL1);
                                                    ~^
                                                    %ld
In file included from ../src/include/weg_smw3000.h:88,
                 from ../src/include/weg_smw3000.c:8:
../src/include/global_def.h:205:11: warning: format '%d' expects argument of type 'int', but argument 5 has type 'u32' {aka 'long unsigned int'} [-Wformat=]
    printf("%s:%d:%s() | " fmt, __FILE__, __LINE__, __func__, ## __VA_ARGS__); \
           ^~~~~~~~~~~~~~~
../src/include/weg_smw3000.c:616:3: note: in expansion of macro 'print_debug'
   print_debug(DEBUG_SM_LVL1, "L2 current acquired: %d mA.\r\n", smData.u32CurrentL2);
   ^~~~~~~~~~~
../src/include/weg_smw3000.c:616:53: note: format string is defined here
   print_debug(DEBUG_SM_LVL1, "L2 current acquired: %d mA.\r\n", smData.u32CurrentL2);
                                                    ~^
                                                    %ld
In file included from ../src/include/weg_smw3000.h:88,
                 from ../src/include/weg_smw3000.c:8:
../src/include/global_def.h:205:11: warning: format '%d' expects argument of type 'int', but argument 5 has type 'u32' {aka 'long unsigned int'} [-Wformat=]
    printf("%s:%d:%s() | " fmt, __FILE__, __LINE__, __func__, ## __VA_ARGS__); \
           ^~~~~~~~~~~~~~~
../src/include/weg_smw3000.c:621:3: note: in expansion of macro 'print_debug'
   print_debug(DEBUG_SM_LVL1, "L3 current acquired: %d mA.\r\n", smData.u32CurrentL3);
   ^~~~~~~~~~~
../src/include/weg_smw3000.c:621:53: note: format string is defined here
   print_debug(DEBUG_SM_LVL1, "L3 current acquired: %d mA.\r\n", smData.u32CurrentL3);
                                                    ~^
                                                    %ld
In file included from ../src/include/weg_smw3000.h:88,
                 from ../src/include/weg_smw3000.c:8:
../src/include/global_def.h:205:11: warning: format '%d' expects argument of type 'int', but argument 5 has type 'u32' {aka 'long unsigned int'} [-Wformat=]
    printf("%s:%d:%s() | " fmt, __FILE__, __LINE__, __func__, ## __VA_ARGS__); \
           ^~~~~~~~~~~~~~~
../src/include/weg_smw3000.c:626:3: note: in expansion of macro 'print_debug'
   print_debug(DEBUG_SM_LVL1, "Neutral current acquired: %d mA.\r\n", smData.u32CurrentN);
   ^~~~~~~~~~~
../src/include/weg_smw3000.c:626:58: note: format string is defined here
   print_debug(DEBUG_SM_LVL1, "Neutral current acquired: %d mA.\r\n", smData.u32CurrentN);
                                                         ~^
                                                         %ld
In file included from ../src/include/weg_smw3000.h:88,
                 from ../src/include/weg_smw3000.c:8:
../src/include/global_def.h:205:11: warning: format '%d' expects argument of type 'int', but argument 5 has type 'u32' {aka 'long unsigned int'} [-Wformat=]
    printf("%s:%d:%s() | " fmt, __FILE__, __LINE__, __func__, ## __VA_ARGS__); \
           ^~~~~~~~~~~~~~~
../src/include/weg_smw3000.c:631:3: note: in expansion of macro 'print_debug'
   print_debug(DEBUG_SM_LVL1, "L1 current acquired: %d mA.\r\n", smData.u32CurrentL1);
   ^~~~~~~~~~~
../src/include/weg_smw3000.c:631:53: note: format string is defined here
   print_debug(DEBUG_SM_LVL1, "L1 current acquired: %d mA.\r\n", smData.u32CurrentL1);
                                                    ~^
                                                    %ld
In file included from ../src/include/weg_smw3000.h:88,
                 from ../src/include/weg_smw3000.c:8:
../src/include/weg_smw3000.c: In function 'smw3000SendBuffer':
../src/include/global_def.h:205:11: warning: format '%d' expects argument of type 'int', but argument 5 has type 'u32' {aka 'long unsigned int'} [-Wformat=]
    printf("%s:%d:%s() | " fmt, __FILE__, __LINE__, __func__, ## __VA_ARGS__); \
           ^~~~~~~~~~~~~~~
../src/include/weg_smw3000.c:685:2: note: in expansion of macro 'print_debug'
  print_debug(DEBUG_SM_LVL0, "Sending (len: %d): ", smBuffer.u32TxBufferLen);
  ^~~~~~~~~~~
../src/include/weg_smw3000.c:685:45: note: format string is defined here
  print_debug(DEBUG_SM_LVL0, "Sending (len: %d): ", smBuffer.u32TxBufferLen);
                                            ~^
                                            %ld
In file included from ../src/include/weg_smw3000.h:88,
                 from ../src/include/weg_smw3000.c:8:
../src/include/weg_smw3000.c: In function 'smw3000PrintRxBuffer':
../src/include/global_def.h:205:11: warning: format '%d' expects argument of type 'int', but argument 5 has type 'u32' {aka 'long unsigned int'} [-Wformat=]
    printf("%s:%d:%s() | " fmt, __FILE__, __LINE__, __func__, ## __VA_ARGS__); \
           ^~~~~~~~~~~~~~~
../src/include/weg_smw3000.c:785:2: note: in expansion of macro 'print_debug'
  print_debug(DEBUG_SM_LVL0, "RX Buffer (len %d): ", smBuffer.u32RxBufferLen);
  ^~~~~~~~~~~
../src/include/weg_smw3000.c:785:46: note: format string is defined here
  print_debug(DEBUG_SM_LVL0, "RX Buffer (len %d): ", smBuffer.u32RxBufferLen);
                                             ~^
                                             %ld
In file included from ../src/include/weg_smw3000.h:88,
                 from ../src/include/weg_smw3000.c:8:
../src/include/weg_smw3000.c: In function 'smw3000PrintDataStruct':
../src/include/global_def.h:205:11: warning: format '%x' expects argument of type 'unsigned int', but argument 5 has type 'smDataStruct *' {aka 'struct smDataStruct *'} [-Wformat=]
    printf("%s:%d:%s() | " fmt, __FILE__, __LINE__, __func__, ## __VA_ARGS__); \
           ^~~~~~~~~~~~~~~
../src/include/weg_smw3000.c:815:2: note: in expansion of macro 'print_debug'
  print_debug(DEBUG_SM_LVL2, "Data structure (addr 0x%08x):\r\n", psmDataStruct);
  ^~~~~~~~~~~
../src/include/weg_smw3000.c:815:56: note: format string is defined here
  print_debug(DEBUG_SM_LVL2, "Data structure (addr 0x%08x):\r\n", psmDataStruct);
                                                     ~~~^
In file included from ../src/include/weg_smw3000.h:88,
                 from ../src/include/weg_smw3000.c:8:
../src/include/global_def.h:205:11: warning: format '%x' expects argument of type 'unsigned int', but argument 5 has type 'u32' {aka 'long unsigned int'} [-Wformat=]
    printf("%s:%d:%s() | " fmt, __FILE__, __LINE__, __func__, ## __VA_ARGS__); \
           ^~~~~~~~~~~~~~~
../src/include/weg_smw3000.c:816:2: note: in expansion of macro 'print_debug'
  print_debug(DEBUG_SM_LVL2, "Seed: 0x%08x\r\n", psmDataStruct->u32Seed);
  ^~~~~~~~~~~
../src/include/weg_smw3000.c:816:41: note: format string is defined here
  print_debug(DEBUG_SM_LVL2, "Seed: 0x%08x\r\n", psmDataStruct->u32Seed);
                                      ~~~^
                                      %08lx
In file included from ../src/include/weg_smw3000.h:88,
                 from ../src/include/weg_smw3000.c:8:
../src/include/global_def.h:205:11: warning: format '%d' expects argument of type 'int', but argument 5 has type 'u32' {aka 'long unsigned int'} [-Wformat=]
    printf("%s:%d:%s() | " fmt, __FILE__, __LINE__, __func__, ## __VA_ARGS__); \
           ^~~~~~~~~~~~~~~
../src/include/weg_smw3000.c:826:2: note: in expansion of macro 'print_debug'
  print_debug(DEBUG_SM_LVL2, "L1 voltage acquired: %d mV.\r\n", psmDataStruct->u32VoltageL1);
  ^~~~~~~~~~~
../src/include/weg_smw3000.c:826:52: note: format string is defined here
  print_debug(DEBUG_SM_LVL2, "L1 voltage acquired: %d mV.\r\n", psmDataStruct->u32VoltageL1);
                                                   ~^
                                                   %ld
In file included from ../src/include/weg_smw3000.h:88,
                 from ../src/include/weg_smw3000.c:8:
../src/include/global_def.h:205:11: warning: format '%d' expects argument of type 'int', but argument 5 has type 'u32' {aka 'long unsigned int'} [-Wformat=]
    printf("%s:%d:%s() | " fmt, __FILE__, __LINE__, __func__, ## __VA_ARGS__); \
           ^~~~~~~~~~~~~~~
../src/include/weg_smw3000.c:827:2: note: in expansion of macro 'print_debug'
  print_debug(DEBUG_SM_LVL2, "L2 voltage acquired: %d mV.\r\n", psmDataStruct->u32VoltageL2);
  ^~~~~~~~~~~
../src/include/weg_smw3000.c:827:52: note: format string is defined here
  print_debug(DEBUG_SM_LVL2, "L2 voltage acquired: %d mV.\r\n", psmDataStruct->u32VoltageL2);
                                                   ~^
                                                   %ld
In file included from ../src/include/weg_smw3000.h:88,
                 from ../src/include/weg_smw3000.c:8:
../src/include/global_def.h:205:11: warning: format '%d' expects argument of type 'int', but argument 5 has type 'u32' {aka 'long unsigned int'} [-Wformat=]
    printf("%s:%d:%s() | " fmt, __FILE__, __LINE__, __func__, ## __VA_ARGS__); \
           ^~~~~~~~~~~~~~~
../src/include/weg_smw3000.c:828:2: note: in expansion of macro 'print_debug'
  print_debug(DEBUG_SM_LVL2, "L3 voltage acquired: %d mV.\r\n", psmDataStruct->u32VoltageL3);
  ^~~~~~~~~~~
../src/include/weg_smw3000.c:828:52: note: format string is defined here
  print_debug(DEBUG_SM_LVL2, "L3 voltage acquired: %d mV.\r\n", psmDataStruct->u32VoltageL3);
                                                   ~^
                                                   %ld
In file included from ../src/include/weg_smw3000.h:88,
                 from ../src/include/weg_smw3000.c:8:
../src/include/global_def.h:205:11: warning: format '%d' expects argument of type 'int', but argument 5 has type 'u32' {aka 'long unsigned int'} [-Wformat=]
    printf("%s:%d:%s() | " fmt, __FILE__, __LINE__, __func__, ## __VA_ARGS__); \
           ^~~~~~~~~~~~~~~
../src/include/weg_smw3000.c:829:2: note: in expansion of macro 'print_debug'
  print_debug(DEBUG_SM_LVL2, "L1 current acquired: %d mA.\r\n", psmDataStruct->u32CurrentL1);
  ^~~~~~~~~~~
../src/include/weg_smw3000.c:829:52: note: format string is defined here
  print_debug(DEBUG_SM_LVL2, "L1 current acquired: %d mA.\r\n", psmDataStruct->u32CurrentL1);
                                                   ~^
                                                   %ld
In file included from ../src/include/weg_smw3000.h:88,
                 from ../src/include/weg_smw3000.c:8:
../src/include/global_def.h:205:11: warning: format '%d' expects argument of type 'int', but argument 5 has type 'u32' {aka 'long unsigned int'} [-Wformat=]
    printf("%s:%d:%s() | " fmt, __FILE__, __LINE__, __func__, ## __VA_ARGS__); \
           ^~~~~~~~~~~~~~~
../src/include/weg_smw3000.c:830:2: note: in expansion of macro 'print_debug'
  print_debug(DEBUG_SM_LVL2, "L2 current acquired: %d mA.\r\n", psmDataStruct->u32CurrentL2);
  ^~~~~~~~~~~
../src/include/weg_smw3000.c:830:52: note: format string is defined here
  print_debug(DEBUG_SM_LVL2, "L2 current acquired: %d mA.\r\n", psmDataStruct->u32CurrentL2);
                                                   ~^
                                                   %ld
In file included from ../src/include/weg_smw3000.h:88,
                 from ../src/include/weg_smw3000.c:8:
../src/include/global_def.h:205:11: warning: format '%d' expects argument of type 'int', but argument 5 has type 'u32' {aka 'long unsigned int'} [-Wformat=]
    printf("%s:%d:%s() | " fmt, __FILE__, __LINE__, __func__, ## __VA_ARGS__); \
           ^~~~~~~~~~~~~~~
../src/include/weg_smw3000.c:831:2: note: in expansion of macro 'print_debug'
  print_debug(DEBUG_SM_LVL2, "L3 current acquired: %d mA.\r\n", psmDataStruct->u32CurrentL3);
  ^~~~~~~~~~~
../src/include/weg_smw3000.c:831:52: note: format string is defined here
  print_debug(DEBUG_SM_LVL2, "L3 current acquired: %d mA.\r\n", psmDataStruct->u32CurrentL3);
                                                   ~^
                                                   %ld
In file included from ../src/include/weg_smw3000.h:88,
                 from ../src/include/weg_smw3000.c:8:
../src/include/global_def.h:205:11: warning: format '%d' expects argument of type 'int', but argument 5 has type 'u32' {aka 'long unsigned int'} [-Wformat=]
    printf("%s:%d:%s() | " fmt, __FILE__, __LINE__, __func__, ## __VA_ARGS__); \
           ^~~~~~~~~~~~~~~
../src/include/weg_smw3000.c:832:2: note: in expansion of macro 'print_debug'
  print_debug(DEBUG_SM_LVL2, "LN current acquired: %d mA.\r\n", psmDataStruct->u32CurrentN);
  ^~~~~~~~~~~
../src/include/weg_smw3000.c:832:52: note: format string is defined here
  print_debug(DEBUG_SM_LVL2, "LN current acquired: %d mA.\r\n", psmDataStruct->u32CurrentN);
                                                   ~^
                                                   %ld
Finished building: ../src/include/weg_smw3000.c
 
Building file: ../src/main.c
Invoking: ARM v7 gcc compiler
arm-none-eabi-gcc -Wall -O0 -g3 -c -fmessage-length=0 -MT"src/main.o" -mcpu=cortex-a9 -mfpu=vfpv3 -mfloat-abi=hard -I../../kyber-client_bsp/ps7_cortexa9_0/include -MMD -MP -MF"src/main.d" -MT"src/main.o" -o "src/main.o" "../src/main.c"
In file included from ../src/include/test_kem.h:16,
                 from ../src/include/global_def.h:35,
                 from ../src/main.c:30:
../src/include/global_def.h:196:1: warning: multi-line comment [-Wcomment]
 //#define print_debug(debugLevel, ...) \
 ^
In file included from ../src/main.c:30:
../src/include/global_def.h:196:1: warning: multi-line comment [-Wcomment]
 //#define print_debug(debugLevel, ...) \
 ^
In file included from ../src/main.c:30:
../src/main.c: In function 'main':
../src/include/global_def.h:205:11: warning: format '%x' expects argument of type 'unsigned int', but argument 5 has type 'u32' {aka 'long unsigned int'} [-Wformat=]
    printf("%s:%d:%s() | " fmt, __FILE__, __LINE__, __func__, ## __VA_ARGS__); \
           ^~~~~~~~~~~~~~~
../src/main.c:806:7: note: in expansion of macro 'print_debug'
       print_debug(DEBUG_ERROR, "Failed to get data (rv: 0x%08x).\r\n", rv);
       ^~~~~~~~~~~
../src/main.c:806:62: note: format string is defined here
       print_debug(DEBUG_ERROR, "Failed to get data (rv: 0x%08x).\r\n", rv);
                                                           ~~~^
                                                           %08lx
Finished building: ../src/main.c
 
Building file: ../src/tcp_perf_client.c
Invoking: ARM v7 gcc compiler
arm-none-eabi-gcc -Wall -O0 -g3 -c -fmessage-length=0 -MT"src/tcp_perf_client.o" -mcpu=cortex-a9 -mfpu=vfpv3 -mfloat-abi=hard -I../../kyber-client_bsp/ps7_cortexa9_0/include -MMD -MP -MF"src/tcp_perf_client.d" -MT"src/tcp_perf_client.o" -o "src/tcp_perf_client.o" "../src/tcp_perf_client.c"
In file included from ../src/include/test_kem.h:16,
                 from ../src/include/global_def.h:35,
                 from ../src/tcp_perf_client.c:32:
../src/include/global_def.h:196:1: warning: multi-line comment [-Wcomment]
 //#define print_debug(debugLevel, ...) \
 ^
In file included from ../src/tcp_perf_client.c:32:
../src/include/global_def.h:196:1: warning: multi-line comment [-Wcomment]
 //#define print_debug(debugLevel, ...) \
 ^
Finished building: ../src/tcp_perf_client.c
 
Building target: kyber-client.elf
Invoking: ARM v7 gcc linker
arm-none-eabi-gcc -mcpu=cortex-a9 -mfpu=vfpv3 -mfloat-abi=hard -Wl,-build-id=none -specs=Xilinx.spec -Wl,-T -Wl,../src/lscript.ld -L../../kyber-client_bsp/ps7_cortexa9_0/lib -o "kyber-client.elf"  ./src/include/aes256ctr.o ./src/include/aes256gcm.o ./src/include/cbd.o ./src/include/fips202.o ./src/include/global_func.o ./src/include/indcpa.o ./src/include/kem.o ./src/include/ntt.o ./src/include/poly.o ./src/include/polyvec.o ./src/include/randombytes.o ./src/include/reduce.o ./src/include/sha256.o ./src/include/sha512.o ./src/include/symmetric-aes.o ./src/include/symmetric-shake.o ./src/include/test_kem.o ./src/include/verify.o ./src/include/weg_smw3000.o  ./src/i2c_access.o ./src/iic_phyreset.o ./src/main.o ./src/platform.o ./src/platform_mb.o ./src/platform_zynq.o ./src/platform_zynqmp.o ./src/sfp.o ./src/si5324.o ./src/tcp_perf_client.o   -Wl,--start-group,-lxil,-lgcc,-lc,--end-group -Wl,--start-group,-lxil,-llwip4,-lgcc,-lc,--end-group
Finished building target: kyber-client.elf
 
Invoking: ARM v7 Print Size
arm-none-eabi-size kyber-client.elf  |tee "kyber-client.elf.size"
   text	   data	    bss	    dec	    hex	filename
 443552	   3808	31578416	32025776	1e8acb0	kyber-client.elf
Finished building: kyber-client.elf.size
 
